[    0.000000] microcode: microcode updated early to revision 0xd0003b9, date = 2023-09-01
[    0.000000] Linux version 5.15.19-memtis (xmu@xmu-PowerEdge-R750) (gcc (Ubuntu 8.4.0-3ubuntu2) 8.4.0, GNU ld (GNU Binutils for Ubuntu) 2.34) #1 SMP Sat Dec 16 14:33:02 CST 2023
[    0.000000] Command line: BOOT_IMAGE=/boot/vmlinuz-5.15.19-memtis root=UUID=227abe24-d21b-4f64-839d-812ac630a4f4 ro systemd.unified_cgroup_hierarchy=yes quiet splash vt.handoff=7
[    0.000000] KERNEL supported cpus:
[    0.000000]   Intel GenuineIntel
[    0.000000]   AMD AuthenticAMD
[    0.000000]   Hygon HygonGenuine
[    0.000000]   Centaur CentaurHauls
[    0.000000]   zhaoxin   Shanghai  
[    0.000000] x86/split lock detection: #AC: crashing the kernel on kernel split_locks and warning on user-space split_locks
[    0.000000] x86/fpu: Supporting XSAVE feature 0x001: 'x87 floating point registers'
[    0.000000] x86/fpu: Supporting XSAVE feature 0x002: 'SSE registers'
[    0.000000] x86/fpu: Supporting XSAVE feature 0x004: 'AVX registers'
[    0.000000] x86/fpu: Supporting XSAVE feature 0x020: 'AVX-512 opmask'
[    0.000000] x86/fpu: Supporting XSAVE feature 0x040: 'AVX-512 Hi256'
[    0.000000] x86/fpu: Supporting XSAVE feature 0x080: 'AVX-512 ZMM_Hi256'
[    0.000000] x86/fpu: Supporting XSAVE feature 0x200: 'Protection Keys User registers'
[    0.000000] x86/fpu: xstate_offset[2]:  576, xstate_sizes[2]:  256
[    0.000000] x86/fpu: xstate_offset[5]:  832, xstate_sizes[5]:   64
[    0.000000] x86/fpu: xstate_offset[6]:  896, xstate_sizes[6]:  512
[    0.000000] x86/fpu: xstate_offset[7]: 1408, xstate_sizes[7]: 1024
[    0.000000] x86/fpu: xstate_offset[9]: 2432, xstate_sizes[9]:    8
[    0.000000] x86/fpu: Enabled xstate features 0x2e7, context size is 2440 bytes, using 'compacted' format.
[    0.000000] signal: max sigframe size: 3632
[    0.000000] BIOS-provided physical RAM map:
[    0.000000] BIOS-e820: [mem 0x0000000000000000-0x000000000009dfff] usable
[    0.000000] BIOS-e820: [mem 0x000000000009e000-0x000000000009ffff] reserved
[    0.000000] BIOS-e820: [mem 0x00000000000e0000-0x00000000000fffff] reserved
[    0.000000] BIOS-e820: [mem 0x0000000000100000-0x000000004a42afff] usable
[    0.000000] BIOS-e820: [mem 0x000000004a42b000-0x000000004b42afff] ACPI NVS
[    0.000000] BIOS-e820: [mem 0x000000004b42b000-0x000000004b86dfff] usable
[    0.000000] BIOS-e820: [mem 0x000000004b86e000-0x000000004baecfff] ACPI data
[    0.000000] BIOS-e820: [mem 0x000000004baed000-0x000000004c20efff] usable
[    0.000000] BIOS-e820: [mem 0x000000004c20f000-0x000000004c314fff] reserved
[    0.000000] BIOS-e820: [mem 0x000000004c315000-0x0000000051afffff] usable
[    0.000000] BIOS-e820: [mem 0x0000000051b00000-0x0000000051b00fff] reserved
[    0.000000] BIOS-e820: [mem 0x0000000051b01000-0x000000005eefdfff] usable
[    0.000000] BIOS-e820: [mem 0x000000005eefe000-0x000000006e3fefff] reserved
[    0.000000] BIOS-e820: [mem 0x000000006e3ff000-0x000000006f3fefff] ACPI NVS
[    0.000000] BIOS-e820: [mem 0x000000006f3ff000-0x000000006f7fefff] ACPI data
[    0.000000] BIOS-e820: [mem 0x000000006f7ff000-0x000000006f7fffff] usable
[    0.000000] BIOS-e820: [mem 0x000000006f800000-0x000000008fffffff] reserved
[    0.000000] BIOS-e820: [mem 0x00000000fd000000-0x00000000fe7fffff] reserved
[    0.000000] BIOS-e820: [mem 0x00000000fec00000-0x00000000fec00fff] reserved
[    0.000000] BIOS-e820: [mem 0x00000000fec80000-0x00000000fed00fff] reserved
[    0.000000] BIOS-e820: [mem 0x00000000fed40000-0x00000000fed44fff] reserved
[    0.000000] BIOS-e820: [mem 0x00000000ff000000-0x00000000ffffffff] reserved
[    0.000000] BIOS-e820: [mem 0x0000000100000000-0x000000207fffffff] usable
[    0.000000] BIOS-e820: [mem 0x0000002080000000-0x0000011c7fffffff] persistent (type 7)
[    0.000000] BIOS-e820: [mem 0x000037fc00000000-0x000037ffffffffff] reserved
[    0.000000] NX (Execute Disable) protection: active
[    0.000000] SMBIOS 3.3 present.
[    0.000000] DMI: Dell Inc. PowerEdge R750/0WT8Y6, BIOS 1.5.4 12/17/2021
[    0.000000] tsc: Detected 3000.000 MHz processor
[    0.021103] e820: update [mem 0x00000000-0x00000fff] usable ==> reserved
[    0.021245] e820: remove [mem 0x000a0000-0x000fffff] usable
[    0.021534] last_pfn = 0x2080000 max_arch_pfn = 0x10000000000
[    0.026803] x86/PAT: Configuration [0-7]: WB  WC  UC- UC  WB  WP  UC- WT  
[    0.059181] total RAM covered: 2095088M
[    0.062890]  gran_size: 64K 	chunk_size: 64K 	num_reg: 10  	lose cover RAM: 2016G
[    0.062986]  gran_size: 64K 	chunk_size: 128K 	num_reg: 10  	lose cover RAM: 2016G
[    0.063037]  gran_size: 64K 	chunk_size: 256K 	num_reg: 10  	lose cover RAM: 2016G
[    0.063129]  gran_size: 64K 	chunk_size: 512K 	num_reg: 10  	lose cover RAM: 2016G
[    0.063178]  gran_size: 64K 	chunk_size: 1M 	num_reg: 10  	lose cover RAM: 2016G
[    0.063228]  gran_size: 64K 	chunk_size: 2M 	num_reg: 10  	lose cover RAM: 2016G
[    0.063275]  gran_size: 64K 	chunk_size: 4M 	num_reg: 10  	lose cover RAM: 2016G
[    0.063324]  gran_size: 64K 	chunk_size: 8M 	num_reg: 10  	lose cover RAM: 2016G
[    0.063417]  gran_size: 64K 	chunk_size: 16M 	num_reg: 10  	lose cover RAM: 2016G
[    0.063466]  gran_size: 64K 	chunk_size: 32M 	num_reg: 10  	lose cover RAM: 1024G
[    0.063515]  gran_size: 64K 	chunk_size: 64M 	num_reg: 10  	lose cover RAM: 1024G
[    0.063564]  gran_size: 64K 	chunk_size: 128M 	num_reg: 10  	lose cover RAM: 1024G
[    0.063613]  gran_size: 64K 	chunk_size: 256M 	num_reg: 10  	lose cover RAM: 1024G
[    0.063661]  gran_size: 64K 	chunk_size: 512M 	num_reg: 10  	lose cover RAM: 1024G
[    0.063754]  gran_size: 64K 	chunk_size: 1G 	num_reg: 10  	lose cover RAM: 1024G
[    0.063803]  gran_size: 64K 	chunk_size: 2G 	num_reg: 10  	lose cover RAM: 1024G
[    0.063852]  gran_size: 128K 	chunk_size: 128K 	num_reg: 10  	lose cover RAM: 2016G
[    0.063902]  gran_size: 128K 	chunk_size: 256K 	num_reg: 10  	lose cover RAM: 2016G
[    0.063951]  gran_size: 128K 	chunk_size: 512K 	num_reg: 10  	lose cover RAM: 2016G
[    0.064044]  gran_size: 128K 	chunk_size: 1M 	num_reg: 10  	lose cover RAM: 2016G
[    0.064093]  gran_size: 128K 	chunk_size: 2M 	num_reg: 10  	lose cover RAM: 2016G
[    0.064142]  gran_size: 128K 	chunk_size: 4M 	num_reg: 10  	lose cover RAM: 2016G
[    0.064191]  gran_size: 128K 	chunk_size: 8M 	num_reg: 10  	lose cover RAM: 2016G
[    0.064240]  gran_size: 128K 	chunk_size: 16M 	num_reg: 10  	lose cover RAM: 2016G
[    0.064333]  gran_size: 128K 	chunk_size: 32M 	num_reg: 10  	lose cover RAM: 1024G
[    0.064382]  gran_size: 128K 	chunk_size: 64M 	num_reg: 10  	lose cover RAM: 1024G
[    0.064430]  gran_size: 128K 	chunk_size: 128M 	num_reg: 10  	lose cover RAM: 1024G
[    0.064480]  gran_size: 128K 	chunk_size: 256M 	num_reg: 10  	lose cover RAM: 1024G
[    0.064529]  gran_size: 128K 	chunk_size: 512M 	num_reg: 10  	lose cover RAM: 1024G
[    0.064623]  gran_size: 128K 	chunk_size: 1G 	num_reg: 10  	lose cover RAM: 1024G
[    0.064672]  gran_size: 128K 	chunk_size: 2G 	num_reg: 10  	lose cover RAM: 1024G
[    0.064720]  gran_size: 256K 	chunk_size: 256K 	num_reg: 10  	lose cover RAM: 2016G
[    0.064769]  gran_size: 256K 	chunk_size: 512K 	num_reg: 10  	lose cover RAM: 2016G
[    0.064862]  gran_size: 256K 	chunk_size: 1M 	num_reg: 10  	lose cover RAM: 2016G
[    0.064911]  gran_size: 256K 	chunk_size: 2M 	num_reg: 10  	lose cover RAM: 2016G
[    0.064960]  gran_size: 256K 	chunk_size: 4M 	num_reg: 10  	lose cover RAM: 2016G
[    0.065009]  gran_size: 256K 	chunk_size: 8M 	num_reg: 10  	lose cover RAM: 2016G
[    0.065058]  gran_size: 256K 	chunk_size: 16M 	num_reg: 10  	lose cover RAM: 2016G
[    0.065107]  gran_size: 256K 	chunk_size: 32M 	num_reg: 10  	lose cover RAM: 1024G
[    0.065200]  gran_size: 256K 	chunk_size: 64M 	num_reg: 10  	lose cover RAM: 1024G
[    0.065249]  gran_size: 256K 	chunk_size: 128M 	num_reg: 10  	lose cover RAM: 1024G
[    0.065298]  gran_size: 256K 	chunk_size: 256M 	num_reg: 10  	lose cover RAM: 1024G
[    0.065347]  gran_size: 256K 	chunk_size: 512M 	num_reg: 10  	lose cover RAM: 1024G
[    0.065396]  gran_size: 256K 	chunk_size: 1G 	num_reg: 10  	lose cover RAM: 1024G
[    0.065445]  gran_size: 256K 	chunk_size: 2G 	num_reg: 10  	lose cover RAM: 1024G
[    0.065538]  gran_size: 512K 	chunk_size: 512K 	num_reg: 10  	lose cover RAM: 2016G
[    0.065587]  gran_size: 512K 	chunk_size: 1M 	num_reg: 10  	lose cover RAM: 2016G
[    0.065636]  gran_size: 512K 	chunk_size: 2M 	num_reg: 10  	lose cover RAM: 2016G
[    0.065685]  gran_size: 512K 	chunk_size: 4M 	num_reg: 10  	lose cover RAM: 2016G
[    0.065734]  gran_size: 512K 	chunk_size: 8M 	num_reg: 10  	lose cover RAM: 2016G
[    0.065783]  gran_size: 512K 	chunk_size: 16M 	num_reg: 10  	lose cover RAM: 2016G
[    0.065832]  gran_size: 512K 	chunk_size: 32M 	num_reg: 10  	lose cover RAM: 1024G
[    0.065925]  gran_size: 512K 	chunk_size: 64M 	num_reg: 10  	lose cover RAM: 1024G
[    0.065974]  gran_size: 512K 	chunk_size: 128M 	num_reg: 10  	lose cover RAM: 1024G
[    0.066023]  gran_size: 512K 	chunk_size: 256M 	num_reg: 10  	lose cover RAM: 1024G
[    0.066072]  gran_size: 512K 	chunk_size: 512M 	num_reg: 10  	lose cover RAM: 1024G
[    0.066119]  gran_size: 512K 	chunk_size: 1G 	num_reg: 10  	lose cover RAM: 1024G
[    0.066167]  gran_size: 512K 	chunk_size: 2G 	num_reg: 10  	lose cover RAM: 1024G
[    0.066260]  gran_size: 1M 	chunk_size: 1M 	num_reg: 10  	lose cover RAM: 2016G
[    0.066310]  gran_size: 1M 	chunk_size: 2M 	num_reg: 10  	lose cover RAM: 2016G
[    0.066359]  gran_size: 1M 	chunk_size: 4M 	num_reg: 10  	lose cover RAM: 2016G
[    0.066408]  gran_size: 1M 	chunk_size: 8M 	num_reg: 10  	lose cover RAM: 2016G
[    0.066455]  gran_size: 1M 	chunk_size: 16M 	num_reg: 10  	lose cover RAM: 2016G
[    0.066503]  gran_size: 1M 	chunk_size: 32M 	num_reg: 10  	lose cover RAM: 1024G
[    0.066596]  gran_size: 1M 	chunk_size: 64M 	num_reg: 10  	lose cover RAM: 1024G
[    0.066645]  gran_size: 1M 	chunk_size: 128M 	num_reg: 10  	lose cover RAM: 1024G
[    0.066694]  gran_size: 1M 	chunk_size: 256M 	num_reg: 10  	lose cover RAM: 1024G
[    0.066743]  gran_size: 1M 	chunk_size: 512M 	num_reg: 10  	lose cover RAM: 1024G
[    0.066792]  gran_size: 1M 	chunk_size: 1G 	num_reg: 10  	lose cover RAM: 1024G
[    0.066841]  gran_size: 1M 	chunk_size: 2G 	num_reg: 10  	lose cover RAM: 1024G
[    0.066888]  gran_size: 2M 	chunk_size: 2M 	num_reg: 10  	lose cover RAM: 2016G
[    0.066982]  gran_size: 2M 	chunk_size: 4M 	num_reg: 10  	lose cover RAM: 2016G
[    0.067031]  gran_size: 2M 	chunk_size: 8M 	num_reg: 10  	lose cover RAM: 2016G
[    0.067078]  gran_size: 2M 	chunk_size: 16M 	num_reg: 10  	lose cover RAM: 2016G
[    0.067127]  gran_size: 2M 	chunk_size: 32M 	num_reg: 10  	lose cover RAM: 1024G
[    0.067175]  gran_size: 2M 	chunk_size: 64M 	num_reg: 10  	lose cover RAM: 1024G
[    0.067269]  gran_size: 2M 	chunk_size: 128M 	num_reg: 10  	lose cover RAM: 1024G
[    0.067317]  gran_size: 2M 	chunk_size: 256M 	num_reg: 10  	lose cover RAM: 1024G
[    0.067367]  gran_size: 2M 	chunk_size: 512M 	num_reg: 10  	lose cover RAM: 1024G
[    0.067416]  gran_size: 2M 	chunk_size: 1G 	num_reg: 10  	lose cover RAM: 1024G
[    0.067465]  gran_size: 2M 	chunk_size: 2G 	num_reg: 10  	lose cover RAM: 1024G
[    0.067513]  gran_size: 4M 	chunk_size: 4M 	num_reg: 10  	lose cover RAM: 2016G
[    0.067561]  gran_size: 4M 	chunk_size: 8M 	num_reg: 10  	lose cover RAM: 2016G
[    0.067654]  gran_size: 4M 	chunk_size: 16M 	num_reg: 10  	lose cover RAM: 2016G
[    0.067703]  gran_size: 4M 	chunk_size: 32M 	num_reg: 10  	lose cover RAM: 1024G
[    0.067752]  gran_size: 4M 	chunk_size: 64M 	num_reg: 10  	lose cover RAM: 1024G
[    0.067800]  gran_size: 4M 	chunk_size: 128M 	num_reg: 10  	lose cover RAM: 1024G
[    0.067849]  gran_size: 4M 	chunk_size: 256M 	num_reg: 10  	lose cover RAM: 1024G
[    0.067897]  gran_size: 4M 	chunk_size: 512M 	num_reg: 10  	lose cover RAM: 1024G
[    0.067946]  gran_size: 4M 	chunk_size: 1G 	num_reg: 10  	lose cover RAM: 1024G
[    0.068039]  gran_size: 4M 	chunk_size: 2G 	num_reg: 10  	lose cover RAM: 1024G
[    0.068087]  gran_size: 8M 	chunk_size: 8M 	num_reg: 10  	lose cover RAM: 2016G
[    0.068136]  gran_size: 8M 	chunk_size: 16M 	num_reg: 10  	lose cover RAM: 2016G
[    0.068185]  gran_size: 8M 	chunk_size: 32M 	num_reg: 10  	lose cover RAM: 1024G
[    0.068234]  gran_size: 8M 	chunk_size: 64M 	num_reg: 10  	lose cover RAM: 1024G
[    0.068283]  gran_size: 8M 	chunk_size: 128M 	num_reg: 10  	lose cover RAM: 1024G
[    0.068332]  gran_size: 8M 	chunk_size: 256M 	num_reg: 10  	lose cover RAM: 1024G
[    0.068425]  gran_size: 8M 	chunk_size: 512M 	num_reg: 10  	lose cover RAM: 1024G
[    0.068474]  gran_size: 8M 	chunk_size: 1G 	num_reg: 10  	lose cover RAM: 1024G
[    0.068523]  gran_size: 8M 	chunk_size: 2G 	num_reg: 10  	lose cover RAM: 1024G
[    0.068571]  gran_size: 16M 	chunk_size: 16M 	num_reg: 10  	lose cover RAM: 2016G
[    0.068620]  gran_size: 16M 	chunk_size: 32M 	num_reg: 10  	lose cover RAM: 1024G
[    0.068669]  gran_size: 16M 	chunk_size: 64M 	num_reg: 10  	lose cover RAM: 1024G
[    0.068717]  gran_size: 16M 	chunk_size: 128M 	num_reg: 10  	lose cover RAM: 1024G
[    0.068811]  gran_size: 16M 	chunk_size: 256M 	num_reg: 10  	lose cover RAM: 1024G
[    0.068858]  gran_size: 16M 	chunk_size: 512M 	num_reg: 10  	lose cover RAM: 1024G
[    0.068908]  gran_size: 16M 	chunk_size: 1G 	num_reg: 10  	lose cover RAM: 1024G
[    0.068957]  gran_size: 16M 	chunk_size: 2G 	num_reg: 10  	lose cover RAM: 1024G
[    0.069005]  gran_size: 32M 	chunk_size: 32M 	num_reg: 10  	lose cover RAM: 2031632M
[    0.069097]  gran_size: 32M 	chunk_size: 64M 	num_reg: 10  	lose cover RAM: 1048592M
[    0.069146]  gran_size: 32M 	chunk_size: 128M 	num_reg: 10  	lose cover RAM: 1048592M
[    0.069196]  gran_size: 32M 	chunk_size: 256M 	num_reg: 10  	lose cover RAM: 1048592M
[    0.069244]  gran_size: 32M 	chunk_size: 512M 	num_reg: 10  	lose cover RAM: 1048592M
[    0.069294]  gran_size: 32M 	chunk_size: 1G 	num_reg: 10  	lose cover RAM: 1048592M
[    0.069386]  gran_size: 32M 	chunk_size: 2G 	num_reg: 10  	lose cover RAM: 1048592M
[    0.069436]  gran_size: 64M 	chunk_size: 64M 	num_reg: 10  	lose cover RAM: 1966128M
[    0.069485]  gran_size: 64M 	chunk_size: 128M 	num_reg: 10  	lose cover RAM: 1048624M
[    0.069534]  gran_size: 64M 	chunk_size: 256M 	num_reg: 10  	lose cover RAM: 1048624M
[    0.069583]  gran_size: 64M 	chunk_size: 512M 	num_reg: 10  	lose cover RAM: 1048624M
[    0.069632]  gran_size: 64M 	chunk_size: 1G 	num_reg: 10  	lose cover RAM: 1048624M
[    0.069725]  gran_size: 64M 	chunk_size: 2G 	num_reg: 10  	lose cover RAM: 1048624M
[    0.069774]  gran_size: 128M 	chunk_size: 128M 	num_reg: 10  	lose cover RAM: 1835120M
[    0.069823]  gran_size: 128M 	chunk_size: 256M 	num_reg: 10  	lose cover RAM: 1048688M
[    0.069873]  gran_size: 128M 	chunk_size: 512M 	num_reg: 10  	lose cover RAM: 1048688M
[    0.069921]  gran_size: 128M 	chunk_size: 1G 	num_reg: 10  	lose cover RAM: 1048688M
[    0.070013]  gran_size: 128M 	chunk_size: 2G 	num_reg: 10  	lose cover RAM: 1048688M
[    0.070063]  gran_size: 256M 	chunk_size: 256M 	num_reg: 10  	lose cover RAM: 1573104M
[    0.070112]  gran_size: 256M 	chunk_size: 512M 	num_reg: 10  	lose cover RAM: 1048816M
[    0.070161]  gran_size: 256M 	chunk_size: 1G 	num_reg: 10  	lose cover RAM: 1048816M
[    0.070209]  gran_size: 256M 	chunk_size: 2G 	num_reg: 10  	lose cover RAM: 1048816M
[    0.070301]  gran_size: 512M 	chunk_size: 512M 	num_reg: 10  	lose cover RAM: 1049072M
[    0.070350]  gran_size: 512M 	chunk_size: 1G 	num_reg: 10  	lose cover RAM: 1049072M
[    0.070399]  gran_size: 512M 	chunk_size: 2G 	num_reg: 10  	lose cover RAM: 1049072M
[    0.070448]  gran_size: 1G 	chunk_size: 1G 	num_reg: 10  	lose cover RAM: 1008M
[    0.070495]  gran_size: 1G 	chunk_size: 2G 	num_reg: 10  	lose cover RAM: 1008M
[    0.070543]  gran_size: 2G 	chunk_size: 2G 	num_reg: 9  	lose cover RAM: 2032M
[    0.070635] mtrr_cleanup: can not find optimal value
[    0.070637] please specify mtrr_gran_size/mtrr_chunk_size
[    0.070734] e820: update [mem 0x7f000000-0xffffffff] usable ==> reserved
[    0.070880] last_pfn = 0x6f800 max_arch_pfn = 0x10000000000
[    0.355064] Using GB pages for direct mapping
[    0.356645] RAMDISK: [mem 0x05e61000-0x37feefff]
[    0.356654] ACPI: Early table checksum verification disabled
[    0.356660] ACPI: RSDP 0x00000000000FE320 000024 (v02 DELL  )
[    0.356666] ACPI: XSDT 0x000000006F41C188 0000FC (v01 DELL   PE_SC3   00000000 DELL 01000013)
[    0.356675] ACPI: FACP 0x000000006F42F000 000114 (v06 DELL   PE_SC3   00000000 DELL 00000001)
[    0.356684] ACPI: DSDT 0x000000004BA6D000 07FAD3 (v02 DELL   PE_SC3   00000003 DELL 00000001)
[    0.356690] ACPI: FACS 0x000000006F332000 000040
[    0.356694] ACPI: SSDT 0x000000006F7FB000 001571 (v02 INTEL  RAS_ACPI 00000001 INTL 20210331)
[    0.356700] ACPI: SSDT 0x000000006F7FA000 000745 (v02 INTEL  ADDRXLAT 00000001 INTL 20210331)
[    0.356705] ACPI: MCEJ 0x000000006F7F9000 000130 (v01 INTEL           00000001 INTL 0100000D)
[    0.356711] ACPI: EINJ 0x000000006F7F8000 000150 (v01 DELL   PE_SC3   00000001 INTL 00000001)
[    0.356716] ACPI: BERT 0x000000006F7F7000 000030 (v01 DELL   PE_SC3   00000001 INTL 00000001)
[    0.356721] ACPI: ERST 0x000000006F7F6000 000230 (v01 DELL   PE_SC3   00000001 INTL 00000001)
[    0.356726] ACPI: SSDT 0x000000006F430000 3C524E (v02 INTEL  SSDTNVDR 00001000 INTL 20210331)
[    0.356731] ACPI: HMAT 0x000000006F42E000 000210 (v01 DELL   PE_SC3   00000001 DELL 00000001)
[    0.356736] ACPI: HPET 0x000000006F42D000 000038 (v01 DELL   PE_SC3   00000001 DELL 00000001)
[    0.356741] ACPI: MCFG 0x000000006F42C000 00003C (v01 DELL   PE_SC3   00000001 DELL 00000001)
[    0.356746] ACPI: MIGT 0x000000006F42B000 000040 (v01 DELL   PE_SC3   00000000 DELL 00000001)
[    0.356751] ACPI: MSCT 0x000000006F42A000 000090 (v01 DELL   PE_SC3   00000001 DELL 00000001)
[    0.356756] ACPI: PMTT 0x000000006F428000 0011E8 (v02 DELL   PE_SC3   00000001 DELL 00000001)
[    0.356761] ACPI: WSMT 0x000000006F427000 000028 (v01 DELL   PE_SC3   00000000 DELL 00000001)
[    0.356766] ACPI: APIC 0x000000006F426000 0001DE (v04 DELL   PE_SC3   00000000 DELL 00000001)
[    0.356772] ACPI: SLIT 0x000000006F425000 00003C (v01 DELL   PE_SC3   00000001 DELL 01000013)
[    0.356777] ACPI: SRAT 0x000000006F41E000 006430 (v03 DELL   PE_SC3   00000002 DELL 01000013)
[    0.356782] ACPI: OEM4 0x000000004B8E5000 187A61 (v02 INTEL  CPU  CST 00003000 INTL 20210331)
[    0.356787] ACPI: SSDT 0x000000004B86E000 0764A5 (v02 INTEL  SSDT  PM 00004000 INTL 20210331)
[    0.356792] ACPI: SSDT 0x000000006F41D000 000A1F (v02 DELL   PE_SC3   00000000 DELL 00000001)
[    0.356797] ACPI: HEST 0x000000006F7FD000 00017C (v01 DELL   PE_SC3   00000001 INTL 00000001)
[    0.356802] ACPI: PCAT 0x000000006F41A000 00010C (v19 DELL   PE_SC3   00000002 DELL 00000001)
[    0.356807] ACPI: SSDT 0x000000006F412000 007299 (v02 INTEL  SpsNm    00000002 INTL 20210331)
[    0.356812] ACPI: SSDT 0x000000006F411000 000662 (v02 DELL   PE_SC3   00000002 DELL 00000001)
[    0.356817] ACPI: NFIT 0x000000006F41B000 000488 (v01 DELL   PE_SC3   00000002 DELL 00000001)
[    0.356822] ACPI: DMAR 0x000000006F410000 000178 (v01 DELL   PE_SC3   00000001 DELL 00000001)
[    0.356826] ACPI: Reserving FACP table memory at [mem 0x6f42f000-0x6f42f113]
[    0.356829] ACPI: Reserving DSDT table memory at [mem 0x4ba6d000-0x4baecad2]
[    0.356830] ACPI: Reserving FACS table memory at [mem 0x6f332000-0x6f33203f]
[    0.356832] ACPI: Reserving SSDT table memory at [mem 0x6f7fb000-0x6f7fc570]
[    0.356833] ACPI: Reserving SSDT table memory at [mem 0x6f7fa000-0x6f7fa744]
[    0.356834] ACPI: Reserving MCEJ table memory at [mem 0x6f7f9000-0x6f7f912f]
[    0.356836] ACPI: Reserving EINJ table memory at [mem 0x6f7f8000-0x6f7f814f]
[    0.356837] ACPI: Reserving BERT table memory at [mem 0x6f7f7000-0x6f7f702f]
[    0.356838] ACPI: Reserving ERST table memory at [mem 0x6f7f6000-0x6f7f622f]
[    0.356840] ACPI: Reserving SSDT table memory at [mem 0x6f430000-0x6f7f524d]
[    0.356841] ACPI: Reserving HMAT table memory at [mem 0x6f42e000-0x6f42e20f]
[    0.356842] ACPI: Reserving HPET table memory at [mem 0x6f42d000-0x6f42d037]
[    0.356844] ACPI: Reserving MCFG table memory at [mem 0x6f42c000-0x6f42c03b]
[    0.356845] ACPI: Reserving MIGT table memory at [mem 0x6f42b000-0x6f42b03f]
[    0.356847] ACPI: Reserving MSCT table memory at [mem 0x6f42a000-0x6f42a08f]
[    0.356848] ACPI: Reserving PMTT table memory at [mem 0x6f428000-0x6f4291e7]
[    0.356849] ACPI: Reserving WSMT table memory at [mem 0x6f427000-0x6f427027]
[    0.356851] ACPI: Reserving APIC table memory at [mem 0x6f426000-0x6f4261dd]
[    0.356852] ACPI: Reserving SLIT table memory at [mem 0x6f425000-0x6f42503b]
[    0.356853] ACPI: Reserving SRAT table memory at [mem 0x6f41e000-0x6f42442f]
[    0.356855] ACPI: Reserving OEM4 table memory at [mem 0x4b8e5000-0x4ba6ca60]
[    0.356856] ACPI: Reserving SSDT table memory at [mem 0x4b86e000-0x4b8e44a4]
[    0.356858] ACPI: Reserving SSDT table memory at [mem 0x6f41d000-0x6f41da1e]
[    0.356859] ACPI: Reserving HEST table memory at [mem 0x6f7fd000-0x6f7fd17b]
[    0.356861] ACPI: Reserving PCAT table memory at [mem 0x6f41a000-0x6f41a10b]
[    0.356862] ACPI: Reserving SSDT table memory at [mem 0x6f412000-0x6f419298]
[    0.356864] ACPI: Reserving SSDT table memory at [mem 0x6f411000-0x6f411661]
[    0.356865] ACPI: Reserving NFIT table memory at [mem 0x6f41b000-0x6f41b487]
[    0.356867] ACPI: Reserving DMAR table memory at [mem 0x6f410000-0x6f410177]
[    0.356945] SRAT: PXM 0 -> APIC 0x00 -> Node 0
[    0.356947] SRAT: PXM 0 -> APIC 0x01 -> Node 0
[    0.356948] SRAT: PXM 0 -> APIC 0x02 -> Node 0
[    0.356949] SRAT: PXM 0 -> APIC 0x03 -> Node 0
[    0.356950] SRAT: PXM 0 -> APIC 0x04 -> Node 0
[    0.356952] SRAT: PXM 0 -> APIC 0x05 -> Node 0
[    0.356953] SRAT: PXM 0 -> APIC 0x06 -> Node 0
[    0.356954] SRAT: PXM 0 -> APIC 0x07 -> Node 0
[    0.356955] SRAT: PXM 0 -> APIC 0x08 -> Node 0
[    0.356956] SRAT: PXM 0 -> APIC 0x09 -> Node 0
[    0.356957] SRAT: PXM 0 -> APIC 0x0a -> Node 0
[    0.356958] SRAT: PXM 0 -> APIC 0x0b -> Node 0
[    0.356959] SRAT: PXM 0 -> APIC 0x0c -> Node 0
[    0.356960] SRAT: PXM 0 -> APIC 0x0d -> Node 0
[    0.356961] SRAT: PXM 0 -> APIC 0x0e -> Node 0
[    0.356962] SRAT: PXM 0 -> APIC 0x0f -> Node 0
[    0.356963] SRAT: PXM 0 -> APIC 0x10 -> Node 0
[    0.356965] SRAT: PXM 0 -> APIC 0x11 -> Node 0
[    0.356966] SRAT: PXM 0 -> APIC 0x12 -> Node 0
[    0.356967] SRAT: PXM 0 -> APIC 0x13 -> Node 0
[    0.356968] SRAT: PXM 0 -> APIC 0x14 -> Node 0
[    0.356969] SRAT: PXM 0 -> APIC 0x15 -> Node 0
[    0.356970] SRAT: PXM 0 -> APIC 0x16 -> Node 0
[    0.356971] SRAT: PXM 0 -> APIC 0x17 -> Node 0
[    0.356973] SRAT: PXM 1 -> APIC 0x40 -> Node 1
[    0.356974] SRAT: PXM 1 -> APIC 0x41 -> Node 1
[    0.356975] SRAT: PXM 1 -> APIC 0x42 -> Node 1
[    0.356976] SRAT: PXM 1 -> APIC 0x43 -> Node 1
[    0.356978] SRAT: PXM 1 -> APIC 0x44 -> Node 1
[    0.356979] SRAT: PXM 1 -> APIC 0x45 -> Node 1
[    0.356980] SRAT: PXM 1 -> APIC 0x46 -> Node 1
[    0.356981] SRAT: PXM 1 -> APIC 0x47 -> Node 1
[    0.356982] SRAT: PXM 1 -> APIC 0x48 -> Node 1
[    0.356983] SRAT: PXM 1 -> APIC 0x49 -> Node 1
[    0.356984] SRAT: PXM 1 -> APIC 0x4a -> Node 1
[    0.356985] SRAT: PXM 1 -> APIC 0x4b -> Node 1
[    0.356986] SRAT: PXM 1 -> APIC 0x4c -> Node 1
[    0.356987] SRAT: PXM 1 -> APIC 0x4d -> Node 1
[    0.356989] SRAT: PXM 1 -> APIC 0x4e -> Node 1
[    0.356990] SRAT: PXM 1 -> APIC 0x4f -> Node 1
[    0.356991] SRAT: PXM 1 -> APIC 0x50 -> Node 1
[    0.356992] SRAT: PXM 1 -> APIC 0x51 -> Node 1
[    0.356993] SRAT: PXM 1 -> APIC 0x52 -> Node 1
[    0.356994] SRAT: PXM 1 -> APIC 0x53 -> Node 1
[    0.356995] SRAT: PXM 1 -> APIC 0x54 -> Node 1
[    0.356997] SRAT: PXM 1 -> APIC 0x55 -> Node 1
[    0.356998] SRAT: PXM 1 -> APIC 0x56 -> Node 1
[    0.356999] SRAT: PXM 1 -> APIC 0x57 -> Node 1
[    0.357032] ACPI: SRAT: Node 0 PXM 0 [mem 0x00000000-0x7fffffff]
[    0.357035] ACPI: SRAT: Node 0 PXM 0 [mem 0x100000000-0x107fffffff]
[    0.357037] ACPI: SRAT: Node 2 PXM 2 [mem 0x2080000000-0x9e7fffffff] non-volatile
[    0.357039] ACPI: SRAT: Node 1 PXM 1 [mem 0x1080000000-0x207fffffff]
[    0.357040] ACPI: SRAT: Node 3 PXM 3 [mem 0x9e80000000-0x11c7fffffff] non-volatile
[    0.357053] NUMA: Initialized distance table, cnt=4
[    0.357056] NUMA: Node 0 [mem 0x00000000-0x7fffffff] + [mem 0x100000000-0x107fffffff] -> [mem 0x00000000-0x107fffffff]
[    0.357069] NODE_DATA(0) allocated [mem 0x107ffd6000-0x107fffffff]
[    0.357101] NODE_DATA(1) allocated [mem 0x207ffd5000-0x207fffefff]
[    0.357690] Zone ranges:
[    0.357692]   DMA      [mem 0x0000000000001000-0x0000000000ffffff]
[    0.357694]   DMA32    [mem 0x0000000001000000-0x00000000ffffffff]
[    0.357697]   Normal   [mem 0x0000000100000000-0x000000207fffffff]
[    0.357698]   Device   empty
[    0.357700] Movable zone start for each node
[    0.357705] Early memory node ranges
[    0.357706]   node   0: [mem 0x0000000000001000-0x000000000009dfff]
[    0.357708]   node   0: [mem 0x0000000000100000-0x000000004a42afff]
[    0.357709]   node   0: [mem 0x000000004b42b000-0x000000004b86dfff]
[    0.357711]   node   0: [mem 0x000000004baed000-0x000000004c20efff]
[    0.357712]   node   0: [mem 0x000000004c315000-0x0000000051afffff]
[    0.357713]   node   0: [mem 0x0000000051b01000-0x000000005eefdfff]
[    0.357714]   node   0: [mem 0x000000006f7ff000-0x000000006f7fffff]
[    0.357715]   node   0: [mem 0x0000000100000000-0x000000107fffffff]
[    0.357721]   node   1: [mem 0x0000001080000000-0x000000207fffffff]
[    0.357729] Initmem setup node 0 [mem 0x0000000000001000-0x000000107fffffff]
[    0.357733] Initmem setup node 1 [mem 0x0000001080000000-0x000000207fffffff]
[    0.357738] On node 0, zone DMA: 1 pages in unavailable ranges
[    0.357780] On node 0, zone DMA: 98 pages in unavailable ranges
[    0.360172] On node 0, zone DMA32: 4096 pages in unavailable ranges
[    0.360194] On node 0, zone DMA32: 639 pages in unavailable ranges
[    0.360366] On node 0, zone DMA32: 262 pages in unavailable ranges
[    0.360777] On node 0, zone DMA32: 1 pages in unavailable ranges
[    0.361053] On node 0, zone DMA32: 35073 pages in unavailable ranges
[    0.469338] On node 0, zone Normal: 2048 pages in unavailable ranges
[    0.597292] ACPI: PM-Timer IO Port: 0x508
[    0.597304] ACPI: X2APIC_NMI (uid[0xffffffff] high edge lint[0x1])
[    0.597306] ACPI: LAPIC_NMI (acpi_id[0xff] high edge lint[0x1])
[    0.597324] IOAPIC[0]: apic_id 8, version 32, address 0xfec00000, GSI 0-119
[    0.597326] ACPI: INT_SRC_OVR (bus 0 bus_irq 0 global_irq 2 dfl dfl)
[    0.597328] ACPI: INT_SRC_OVR (bus 0 bus_irq 9 global_irq 9 high level)
[    0.597331] ACPI: Using ACPI (MADT) for SMP configuration information
[    0.597332] ACPI: HPET id: 0x8086a701 base: 0xfed00000
[    0.597336] TSC deadline timer available
[    0.597336] smpboot: Allowing 48 CPUs, 0 hotplug CPUs
[    0.597357] PM: hibernation: Registered nosave memory: [mem 0x00000000-0x00000fff]
[    0.597359] PM: hibernation: Registered nosave memory: [mem 0x0009e000-0x0009ffff]
[    0.597360] PM: hibernation: Registered nosave memory: [mem 0x000a0000-0x000dffff]
[    0.597361] PM: hibernation: Registered nosave memory: [mem 0x000e0000-0x000fffff]
[    0.597362] PM: hibernation: Registered nosave memory: [mem 0x4a42b000-0x4b42afff]
[    0.597364] PM: hibernation: Registered nosave memory: [mem 0x4b86e000-0x4baecfff]
[    0.597365] PM: hibernation: Registered nosave memory: [mem 0x4c20f000-0x4c314fff]
[    0.597367] PM: hibernation: Registered nosave memory: [mem 0x51b00000-0x51b00fff]
[    0.597368] PM: hibernation: Registered nosave memory: [mem 0x5eefe000-0x6e3fefff]
[    0.597369] PM: hibernation: Registered nosave memory: [mem 0x6e3ff000-0x6f3fefff]
[    0.597369] PM: hibernation: Registered nosave memory: [mem 0x6f3ff000-0x6f7fefff]
[    0.597371] PM: hibernation: Registered nosave memory: [mem 0x6f800000-0x8fffffff]
[    0.597371] PM: hibernation: Registered nosave memory: [mem 0x90000000-0xfcffffff]
[    0.597372] PM: hibernation: Registered nosave memory: [mem 0xfd000000-0xfe7fffff]
[    0.597372] PM: hibernation: Registered nosave memory: [mem 0xfe800000-0xfebfffff]
[    0.597373] PM: hibernation: Registered nosave memory: [mem 0xfec00000-0xfec00fff]
[    0.597373] PM: hibernation: Registered nosave memory: [mem 0xfec01000-0xfec7ffff]
[    0.597374] PM: hibernation: Registered nosave memory: [mem 0xfec80000-0xfed00fff]
[    0.597375] PM: hibernation: Registered nosave memory: [mem 0xfed01000-0xfed3ffff]
[    0.597375] PM: hibernation: Registered nosave memory: [mem 0xfed40000-0xfed44fff]
[    0.597376] PM: hibernation: Registered nosave memory: [mem 0xfed45000-0xfeffffff]
[    0.597376] PM: hibernation: Registered nosave memory: [mem 0xff000000-0xffffffff]
[    0.597378] [mem 0x90000000-0xfcffffff] available for PCI devices
[    0.597379] Booting paravirtualized kernel on bare hardware
[    0.597381] clocksource: refined-jiffies: mask: 0xffffffff max_cycles: 0xffffffff, max_idle_ns: 7645519600211568 ns
[    0.597388] setup_percpu: NR_CPUS:8192 nr_cpumask_bits:48 nr_cpu_ids:48 nr_node_ids:4
[    0.599405] percpu: Embedded 61 pages/cpu s212992 r8192 d28672 u262144
[    0.599413] pcpu-alloc: s212992 r8192 d28672 u262144 alloc=1*2097152
[    0.599415] pcpu-alloc: [0] 00 02 04 06 08 10 12 14 [0] 16 18 20 22 24 26 28 30 
[    0.599423] pcpu-alloc: [0] 32 34 36 38 40 42 44 46 [1] 01 03 05 07 09 11 13 15 
[    0.599430] pcpu-alloc: [1] 17 19 21 23 25 27 29 31 [1] 33 35 37 39 41 43 45 47 
[    0.599475] Built 2 zonelists, mobility grouping on.  Total pages: 32891659
[    0.599477] Policy zone: Normal
[    0.599478] Kernel command line: BOOT_IMAGE=/boot/vmlinuz-5.15.19-memtis root=UUID=227abe24-d21b-4f64-839d-812ac630a4f4 ro systemd.unified_cgroup_hierarchy=yes quiet splash vt.handoff=7
[    0.599565] Unknown kernel command line parameters "splash BOOT_IMAGE=/boot/vmlinuz-5.15.19-memtis", will be passed to user space.
[    0.599566] printk: log_buf_len individual max cpu contribution: 4096 bytes
[    0.599567] printk: log_buf_len total cpu_extra contributions: 192512 bytes
[    0.599568] printk: log_buf_len min size: 262144 bytes
[    0.600021] printk: log_buf_len: 524288 bytes
[    0.600022] printk: early log buf free: 233552(89%)
[    0.600495] mem auto-init: stack:off, heap alloc:on, heap free:off
[    0.893490] Memory: 130624260K/133655640K available (16393K kernel code, 4401K rwdata, 5616K rodata, 3040K init, 4696K bss, 3031176K reserved, 0K cma-reserved)
[    0.893496] random: get_random_u64 called from __kmem_cache_create+0x2f/0x490 with crng_init=0
[    0.893734] SLUB: HWalign=64, Order=0-3, MinObjects=0, CPUs=48, Nodes=4
[    0.893746] ftrace: allocating 49383 entries in 193 pages
[    0.906459] ftrace: allocated 193 pages with 3 groups

[    0.906493] **********************************************************
[    0.906493] **   NOTICE NOTICE NOTICE NOTICE NOTICE NOTICE NOTICE   **
[    0.906493] **                                                      **
[    0.906494] ** trace_printk() being used. Allocating extra memory.  **
[    0.906494] **                                                      **
[    0.906495] ** This means that this is a DEBUG kernel and it is     **
[    0.906495] ** unsafe for production use.                           **
[    0.906495] **                                                      **
[    0.906496] ** If you see this message and you are not debugging    **
[    0.906496] ** the kernel, report this immediately to your vendor!  **
[    0.906496] **                                                      **
[    0.906497] **   NOTICE NOTICE NOTICE NOTICE NOTICE NOTICE NOTICE   **
[    0.906497] **********************************************************
[    0.906951] rcu: Hierarchical RCU implementation.
[    0.906952] rcu: 	RCU restricting CPUs from NR_CPUS=8192 to nr_cpu_ids=48.
[    0.906953] 	Rude variant of Tasks RCU enabled.
[    0.906954] 	Tracing variant of Tasks RCU enabled.
[    0.906955] rcu: RCU calculated value of scheduler-enlistment delay is 25 jiffies.
[    0.906956] rcu: Adjusting geometry for rcu_fanout_leaf=16, nr_cpu_ids=48
[    0.909814] NR_IRQS: 524544, nr_irqs: 2440, preallocated irqs: 16
[    0.910089] random: crng done (trusting CPU's manufacturer)
[    0.910146] Console: colour dummy device 80x25
[    0.910169] printk: console [tty0] enabled
[    0.910217] mempolicy: Enabling automatic NUMA balancing. Configure with numa_balancing= or the kernel.numa_balancing sysctl
[    0.910220] ACPI: Core revision 20210730
[    0.912853] clocksource: hpet: mask: 0xffffffff max_cycles: 0xffffffff, max_idle_ns: 79635855245 ns
[    0.912897] APIC: Switch to symmetric I/O mode setup
[    0.912898] DMAR: Host address width 46
[    0.912899] DMAR: DRHD base: 0x000000d0ffc000 flags: 0x0
[    0.912903] DMAR: dmar0: reg_base_addr d0ffc000 ver 4:0 cap 8ed008c40780466 ecap 60000f050df
[    0.912906] DMAR: DRHD base: 0x000000dbbfc000 flags: 0x0
[    0.912908] DMAR: dmar1: reg_base_addr dbbfc000 ver 4:0 cap 8ed008c40780466 ecap 60000f050df
[    0.912910] DMAR: DRHD base: 0x000000e67fc000 flags: 0x0
[    0.912912] DMAR: dmar2: reg_base_addr e67fc000 ver 4:0 cap 8ed008c40780466 ecap 60000f050df
[    0.912914] DMAR: DRHD base: 0x000000f13fc000 flags: 0x0
[    0.912916] DMAR: dmar3: reg_base_addr f13fc000 ver 4:0 cap 8ed008c40780466 ecap 60000f050df
[    0.912918] DMAR: DRHD base: 0x000000fb7fc000 flags: 0x0
[    0.912920] DMAR: dmar4: reg_base_addr fb7fc000 ver 4:0 cap 8ed008c40780466 ecap 60000f050df
[    0.912921] DMAR: DRHD base: 0x000000a63fc000 flags: 0x0
[    0.912926] DMAR: dmar5: reg_base_addr a63fc000 ver 4:0 cap 8ed008c40780466 ecap 60000f050df
[    0.912928] DMAR: DRHD base: 0x000000b0ffc000 flags: 0x0
[    0.912929] DMAR: dmar6: reg_base_addr b0ffc000 ver 4:0 cap 8ed008c40780466 ecap 60000f050df
[    0.912931] DMAR: DRHD base: 0x000000bbbfc000 flags: 0x0
[    0.912933] DMAR: dmar7: reg_base_addr bbbfc000 ver 4:0 cap 8ed008c40780466 ecap 60000f050df
[    0.912934] DMAR: DRHD base: 0x000000c5ffc000 flags: 0x0
[    0.912936] DMAR: dmar8: reg_base_addr c5ffc000 ver 4:0 cap 8ed008c40780466 ecap 60000f050df
[    0.912938] DMAR: DRHD base: 0x0000009b7fc000 flags: 0x1
[    0.912941] DMAR: dmar9: reg_base_addr 9b7fc000 ver 4:0 cap 8ed008c40780466 ecap 60000f050df
[    0.912943] DMAR: RMRR base: 0x00000069cef000 end: 0x0000006a3eefff
[    0.912944] DMAR: RMRR base: 0x0000006944a000 end: 0x0000006944cfff
[    0.912945] DMAR: ATSR flags: 0x0
[    0.912947] DMAR-IR: IOAPIC id 8 under DRHD base  0x9b7fc000 IOMMU 9
[    0.912948] DMAR-IR: HPET id 0 under DRHD base 0x9b7fc000
[    0.912948] DMAR-IR: x2apic is disabled because BIOS sets x2apic opt out bit.
[    0.912949] DMAR-IR: Use 'intremap=no_x2apic_optout' to override the BIOS setting.
[    0.915715] DMAR-IR: Enabled IRQ remapping in xapic mode
[    0.915717] x2apic: IRQ remapping doesn't support X2APIC mode
[    0.915723] Switched APIC routing to physical flat.
[    0.918262] ..TIMER: vector=0x30 apic1=0 pin1=2 apic2=-1 pin2=-1
[    0.936822] clocksource: tsc-early: mask: 0xffffffffffffffff max_cycles: 0x2b3e459bf4c, max_idle_ns: 440795289890 ns
[    0.936827] Calibrating delay loop (skipped), value calculated using timer frequency.. 6000.00 BogoMIPS (lpj=12000000)
[    0.936829] pid_max: default: 49152 minimum: 384
[    0.936893] LSM: Security Framework initializing
[    0.936904] landlock: Up and running.
[    0.936905] Yama: becoming mindful.
[    0.936932] AppArmor: AppArmor initialized
[    0.945108] Dentry cache hash table entries: 8388608 (order: 14, 67108864 bytes, vmalloc)
[    0.949211] Inode-cache hash table entries: 4194304 (order: 13, 33554432 bytes, vmalloc)
[    0.949373] Mount-cache hash table entries: 131072 (order: 8, 1048576 bytes, vmalloc)
[    0.949502] Mountpoint-cache hash table entries: 131072 (order: 8, 1048576 bytes, vmalloc)
[    0.949809] x86/cpu: SGX disabled by BIOS.
[    0.949815] x86/tme: not enabled by BIOS
[    0.949824] CPU0: Thermal monitoring enabled (TM1)
[    0.949826] x86/cpu: User Mode Instruction Prevention (UMIP) activated
[    0.950039] process: using mwait in idle threads
[    0.950041] Last level iTLB entries: 4KB 0, 2MB 0, 4MB 0
[    0.950042] Last level dTLB entries: 4KB 0, 2MB 0, 4MB 0, 1GB 0
[    0.950048] Spectre V1 : Mitigation: usercopy/swapgs barriers and __user pointer sanitization
[    0.950049] Spectre V2 : Mitigation: Enhanced IBRS
[    0.950050] Spectre V2 : Spectre v2 / SpectreRSB mitigation: Filling RSB on context switch
[    0.950051] Spectre V2 : mitigation: Enabling conditional Indirect Branch Prediction Barrier
[    0.950052] Speculative Store Bypass: Mitigation: Speculative Store Bypass disabled via prctl and seccomp
[    0.955471] Freeing SMP alternatives memory: 44K
[    0.956918] smpboot: Estimated ratio of average max frequency by base frequency (times 1024): 1160
[    0.956929] smpboot: CPU0: Intel(R) Xeon(R) Gold 5317 CPU @ 3.00GHz (family: 0x6, model: 0x6a, stepping: 0x6)
[    0.957075] Performance Events: PEBS fmt4+-baseline,  AnyThread deprecated, Icelake events, 32-deep LBR, full-width counters, Intel PMU driver.
[    0.957094] ... version:                5
[    0.957094] ... bit width:              48
[    0.957095] ... generic registers:      8
[    0.957095] ... value mask:             0000ffffffffffff
[    0.957096] ... max period:             00007fffffffffff
[    0.957097] ... fixed-purpose events:   4
[    0.957097] ... event mask:             0001000f000000ff
[    0.957201] rcu: Hierarchical SRCU implementation.
[    0.960034] NMI watchdog: Enabled. Permanently consumes one hw-PMU counter.
[    0.960479] smp: Bringing up secondary CPUs ...
[    0.960825] x86: Booting SMP configuration:
[    0.960825] .... node  #1, CPUs:        #1
[    0.006764] smpboot: CPU 1 Converting physical 0 to logical die 1

[    1.108892] .... node  #0, CPUs:    #2
[    1.132930] .... node  #1, CPUs:    #3
[    1.173434] .... node  #0, CPUs:    #4
[    1.197288] .... node  #1, CPUs:    #5
[    1.237434] .... node  #0, CPUs:    #6
[    1.262129] .... node  #1, CPUs:    #7
[    1.303160] .... node  #0, CPUs:    #8
[    1.327101] .... node  #1, CPUs:    #9
[    1.368856] .... node  #0, CPUs:   #10
[    1.392002] .... node  #1, CPUs:   #11
[    1.432961] .... node  #0, CPUs:   #12
[    1.456192] .... node  #1, CPUs:   #13
[    1.479978] .... node  #0, CPUs:   #14
[    1.503569] .... node  #1, CPUs:   #15
[    1.527209] .... node  #0, CPUs:   #16
[    1.550794] .... node  #1, CPUs:   #17
[    1.574435] .... node  #0, CPUs:   #18
[    1.598024] .... node  #1, CPUs:   #19
[    1.621736] .... node  #0, CPUs:   #20
[    1.645281] .... node  #1, CPUs:   #21
[    1.669105] .... node  #0, CPUs:   #22
[    1.693100] .... node  #1, CPUs:   #23
[    1.716349] .... node  #0, CPUs:   #24
[    1.718749] .... node  #1, CPUs:   #25
[    1.722172] .... node  #0, CPUs:   #26
[    1.728036] .... node  #1, CPUs:   #27
[    1.734035] .... node  #0, CPUs:   #28
[    1.739940] .... node  #1, CPUs:   #29
[    1.745925] .... node  #0, CPUs:   #30
[    1.751857] .... node  #1, CPUs:   #31
[    1.757849] .... node  #0, CPUs:   #32
[    1.763783] .... node  #1, CPUs:   #33
[    1.769766] .... node  #0, CPUs:   #34
[    1.775684] .... node  #1, CPUs:   #35
[    1.781672] .... node  #0, CPUs:   #36
[    1.787594] .... node  #1, CPUs:   #37
[    1.793571] .... node  #0, CPUs:   #38
[    1.799505] .... node  #1, CPUs:   #39
[    1.805498] .... node  #0, CPUs:   #40
[    1.811432] .... node  #1, CPUs:   #41
[    1.817423] .... node  #0, CPUs:   #42
[    1.823365] .... node  #1, CPUs:   #43
[    1.829361] .... node  #0, CPUs:   #44
[    1.835276] .... node  #1, CPUs:   #45
[    1.841278] .... node  #0, CPUs:   #46
[    1.847207] .... node  #1, CPUs:   #47
[    1.853223] smp: Brought up 2 nodes, 48 CPUs
[    1.853223] smpboot: Max logical packages: 2
[    1.853223] smpboot: Total of 48 processors activated (288823.86 BogoMIPS)
[    1.861651] devtmpfs: initialized
[    1.861651] x86/mm: Memory block size: 2048MB
[    1.861651] ACPI: PM: Registering ACPI NVS region [mem 0x4a42b000-0x4b42afff] (16777216 bytes)
[    1.861651] ACPI: PM: Registering ACPI NVS region [mem 0x6e3ff000-0x6f3fefff] (16777216 bytes)
[    1.861651] clocksource: jiffies: mask: 0xffffffff max_cycles: 0xffffffff, max_idle_ns: 7645041785100000 ns
[    1.861651] futex hash table entries: 16384 (order: 8, 1048576 bytes, vmalloc)
[    1.861651] pinctrl core: initialized pinctrl subsystem
[    1.861651] PM: RTC time: 14:05:16, date: 2023-12-20
[    1.861735] NET: Registered PF_NETLINK/PF_ROUTE protocol family
[    1.862426] DMA: preallocated 4096 KiB GFP_KERNEL pool for atomic allocations
[    1.862858] DMA: preallocated 4096 KiB GFP_KERNEL|GFP_DMA pool for atomic allocations
[    1.864845] DMA: preallocated 4096 KiB GFP_KERNEL|GFP_DMA32 pool for atomic allocations
[    1.864853] audit: initializing netlink subsys (disabled)
[    1.864858] audit: type=2000 audit(1703081114.952:1): state=initialized audit_enabled=0 res=1
[    1.864936] thermal_sys: Registered thermal governor 'fair_share'
[    1.864937] thermal_sys: Registered thermal governor 'bang_bang'
[    1.864938] thermal_sys: Registered thermal governor 'step_wise'
[    1.864939] thermal_sys: Registered thermal governor 'user_space'
[    1.864939] thermal_sys: Registered thermal governor 'power_allocator'
[    1.864944] EISA bus registered
[    1.864957] cpuidle: using governor ladder
[    1.864957] cpuidle: using governor menu
[    1.864957] ACPI FADT declares the system doesn't support PCIe ASPM, so disable it
[    1.864957] ACPI: bus type PCI registered
[    1.864957] acpiphp: ACPI Hot Plug PCI Controller Driver version: 0.5
[    1.864957] PCI: MMCONFIG for domain 0000 [bus 00-ff] at [mem 0x80000000-0x8fffffff] (base 0x80000000)
[    1.864957] PCI: MMCONFIG at [mem 0x80000000-0x8fffffff] reserved in E820
[    1.864957] pmd_set_huge: Cannot satisfy [mem 0x80000000-0x80200000] with a huge-page mapping due to MTRR override.
[    1.865114] PCI: Using configuration type 1 for base access
[    1.865121] PCI: Dell System detected, enabling pci=bfsort.
[    1.869197] Kprobes globally optimized
[    1.869200] HugeTLB registered 1.00 GiB page size, pre-allocated 0 pages
[    1.869200] HugeTLB registered 2.00 MiB page size, pre-allocated 0 pages
[    1.869200] fbcon: Taking over console
[    1.869200] ACPI: Added _OSI(Module Device)
[    1.869200] ACPI: Added _OSI(Processor Device)
[    1.869200] ACPI: Added _OSI(3.0 _SCP Extensions)
[    1.869200] ACPI: Added _OSI(Processor Aggregator Device)
[    1.869200] ACPI: Added _OSI(Linux-Dell-Video)
[    1.869200] ACPI: Added _OSI(Linux-Lenovo-NV-HDMI-Audio)
[    1.869200] ACPI: Added _OSI(Linux-HPI-Hybrid-Graphics)
[    2.430369] ACPI: 8 ACPI AML tables successfully acquired and loaded
[    2.448564] ACPI: [Firmware Bug]: BIOS _OSI(Linux) query ignored
[    2.465934] ACPI: Dynamic OEM Table Load:
[    3.652794] ACPI: Interpreter enabled
[    3.652865] ACPI: PM: (supports S0 S5)
[    3.652869] ACPI: Using IOAPIC for interrupt routing
[    3.653066] HEST: Table parsing has been initialized.
[    3.653073] PCI: Using host bridge windows from ACPI; if necessary, use "pci=nocrs" and report a bug
[    3.732532] ACPI: Enabled 4 GPEs in block 00 to 7F
[    4.057109] ACPI: PCI Root Bridge [PC00] (domain 0000 [bus 00-15])
[    4.057126] acpi PNP0A08:00: _OSC: OS supports [ExtendedConfig ASPM ClockPM Segments MSI EDR HPX-Type3]
[    4.173394] acpi PNP0A08:00: _OSC: platform does not support [SHPCHotplug AER LTR DPC]
[    4.174084] acpi PNP0A08:00: _OSC: OS now controls [PCIeHotplug PME PCIeCapability]
[    4.174088] acpi PNP0A08:00: FADT indicates ASPM is unsupported, using BIOS configuration
[    4.179898] PCI host bridge to bus 0000:00
[    4.179903] pci_bus 0000:00: root bus resource [io  0x0000-0x0cf7 window]
[    4.179910] pci_bus 0000:00: root bus resource [io  0x1000-0x4fff window]
[    4.179915] pci_bus 0000:00: root bus resource [mem 0x000a0000-0x000bffff window]
[    4.179919] pci_bus 0000:00: root bus resource [mem 0x000c8000-0x000cffff window]
[    4.179923] pci_bus 0000:00: root bus resource [mem 0xfe010000-0xfe010fff window]
[    4.179927] pci_bus 0000:00: root bus resource [mem 0x90000000-0x9b7fffff window]
[    4.179931] pci_bus 0000:00: root bus resource [mem 0x380000000000-0x383fffffffff window]
[    4.179936] pci_bus 0000:00: root bus resource [bus 00-15]
[    4.184367] pci 0000:00:00.0: [8086:09a2] type 00 class 0x088000
[    4.186824] pci 0000:00:00.1: [8086:09a4] type 00 class 0x088000
[    4.191391] pci 0000:00:00.2: [8086:09a3] type 00 class 0x088000
[    4.195948] pci 0000:00:00.4: [8086:0998] type 00 class 0x060000
[    4.202703] pci 0000:00:01.0: [8086:0b00] type 00 class 0x088000
[    4.202726] pci 0000:00:01.0: reg 0x10: [mem 0x92e10000-0x92e13fff 64bit]
[    4.207373] pci 0000:00:01.1: [8086:0b00] type 00 class 0x088000
[    4.207396] pci 0000:00:01.1: reg 0x10: [mem 0x92e0c000-0x92e0ffff 64bit]
[    4.212017] pci 0000:00:01.2: [8086:0b00] type 00 class 0x088000
[    4.212039] pci 0000:00:01.2: reg 0x10: [mem 0x92e08000-0x92e0bfff 64bit]
[    4.216662] pci 0000:00:01.3: [8086:0b00] type 00 class 0x088000
[    4.216684] pci 0000:00:01.3: reg 0x10: [mem 0x92e04000-0x92e07fff 64bit]
[    4.221303] pci 0000:00:01.4: [8086:0b00] type 00 class 0x088000
[    4.221324] pci 0000:00:01.4: reg 0x10: [mem 0x92e00000-0x92e03fff 64bit]
[    4.225932] pci 0000:00:01.5: [8086:0b00] type 00 class 0x088000
[    4.225954] pci 0000:00:01.5: reg 0x10: [mem 0x92dfc000-0x92dfffff 64bit]
[    4.230565] pci 0000:00:01.6: [8086:0b00] type 00 class 0x088000
[    4.230587] pci 0000:00:01.6: reg 0x10: [mem 0x92df8000-0x92dfbfff 64bit]
[    4.235205] pci 0000:00:01.7: [8086:0b00] type 00 class 0x088000
[    4.235227] pci 0000:00:01.7: reg 0x10: [mem 0x92df4000-0x92df7fff 64bit]
[    4.239832] pci 0000:00:02.0: [8086:09a6] type 00 class 0x088000
[    4.239850] pci 0000:00:02.0: reg 0x10: [mem 0x92e1c000-0x92e1dfff]
[    4.244427] pci 0000:00:02.1: [8086:09a7] type 00 class 0x088000
[    4.244444] pci 0000:00:02.1: reg 0x10: [mem 0x92d00000-0x92d7ffff]
[    4.244456] pci 0000:00:02.1: reg 0x14: [mem 0x92c80000-0x92cfffff]
[    4.249043] pci 0000:00:02.4: [8086:3456] type 00 class 0x130000
[    4.249069] pci 0000:00:02.4: reg 0x10: [mem 0x92a00000-0x92afffff 64bit]
[    4.249086] pci 0000:00:02.4: reg 0x18: [mem 0x92df0000-0x92df3fff 64bit]
[    4.249102] pci 0000:00:02.4: reg 0x20: [mem 0x92dc0000-0x92ddffff 64bit]
[    4.253730] pci 0000:00:11.0: [8086:a1ec] type 00 class 0xff0000
[    4.253737] pci 0000:00:11.0: device has non-compliant BARs; disabling IO/MEM decoding
[    4.258339] pci 0000:00:11.5: [8086:a1d6] type 00 class 0x010400
[    4.258363] pci 0000:00:11.5: reg 0x10: [mem 0x92e1a000-0x92e1bfff]
[    4.258378] pci 0000:00:11.5: reg 0x14: [mem 0x92e25000-0x92e250ff]
[    4.258392] pci 0000:00:11.5: reg 0x18: [io  0x2068-0x206f]
[    4.258407] pci 0000:00:11.5: reg 0x1c: [io  0x2074-0x2077]
[    4.258422] pci 0000:00:11.5: reg 0x20: [io  0x2040-0x205f]
[    4.258436] pci 0000:00:11.5: reg 0x24: [mem 0x92b80000-0x92bfffff]
[    4.258505] pci 0000:00:11.5: PME# supported from D3hot
[    4.263644] pci 0000:00:14.0: [8086:a1af] type 00 class 0x0c0330
[    4.263674] pci 0000:00:14.0: reg 0x10: [mem 0x92de0000-0x92deffff 64bit]
[    4.263778] pci 0000:00:14.0: PME# supported from D3hot D3cold
[    4.268964] pci 0000:00:14.2: [8086:a1b1] type 00 class 0x118000
[    4.268993] pci 0000:00:14.2: reg 0x10: [mem 0x92e22000-0x92e22fff 64bit]
[    4.273645] pci 0000:00:16.0: [8086:a1ba] type 00 class 0x078000
[    4.273681] pci 0000:00:16.0: reg 0x10: [mem 0x92e21000-0x92e21fff 64bit]
[    4.273805] pci 0000:00:16.0: PME# supported from D3hot
[    4.278358] pci 0000:00:16.1: [8086:a1bb] type 00 class 0x078000
[    4.278393] pci 0000:00:16.1: reg 0x10: [mem 0x92e20000-0x92e20fff 64bit]
[    4.278518] pci 0000:00:16.1: PME# supported from D3hot
[    4.283078] pci 0000:00:16.4: [8086:a1be] type 00 class 0x078000
[    4.283114] pci 0000:00:16.4: reg 0x10: [mem 0x92e1f000-0x92e1ffff 64bit]
[    4.283238] pci 0000:00:16.4: PME# supported from D3hot
[    4.287789] pci 0000:00:17.0: [8086:a186] type 00 class 0x010400
[    4.287812] pci 0000:00:17.0: reg 0x10: [mem 0x92e18000-0x92e19fff]
[    4.287826] pci 0000:00:17.0: reg 0x14: [mem 0x92e24000-0x92e240ff]
[    4.287839] pci 0000:00:17.0: reg 0x18: [io  0x2060-0x2067]
[    4.287853] pci 0000:00:17.0: reg 0x1c: [io  0x2070-0x2073]
[    4.287866] pci 0000:00:17.0: reg 0x20: [io  0x2020-0x203f]
[    4.287879] pci 0000:00:17.0: reg 0x24: [mem 0x92b00000-0x92b7ffff]
[    4.287945] pci 0000:00:17.0: PME# supported from D3hot
[    4.293056] pci 0000:00:1c.0: [8086:a190] type 01 class 0x060400
[    4.293184] pci 0000:00:1c.0: PME# supported from D0 D3hot D3cold
[    4.300018] pci 0000:00:1c.4: [8086:a194] type 01 class 0x060400
[    4.300140] pci 0000:00:1c.4: PME# supported from D0 D3hot D3cold
[    4.306893] pci 0000:00:1c.5: [8086:a195] type 01 class 0x060400
[    4.307015] pci 0000:00:1c.5: PME# supported from D0 D3hot D3cold
[    4.313768] pci 0000:00:1f.0: [8086:a1cb] type 00 class 0x060100
[    4.318997] pci 0000:00:1f.2: [8086:a1a1] type 00 class 0x058000
[    4.319022] pci 0000:00:1f.2: reg 0x10: [mem 0x92e14000-0x92e17fff]
[    4.324212] pci 0000:00:1f.4: [8086:a1a3] type 00 class 0x0c0500
[    4.324244] pci 0000:00:1f.4: reg 0x10: [mem 0x92e1e000-0x92e1e0ff 64bit]
[    4.324281] pci 0000:00:1f.4: reg 0x20: [io  0x2000-0x201f]
[    4.328855] pci 0000:00:1f.5: [8086:a1a4] type 00 class 0x0c8000
[    4.328880] pci 0000:00:1f.5: reg 0x10: [mem 0xfe010000-0xfe010fff]
[    4.329141] pci 0000:00:1c.0: PCI bridge to [bus 01]
[    4.329243] pci 0000:02:00.0: [1556:be00] type 01 class 0x060400
[    4.329516] pci 0000:00:1c.4: PCI bridge to [bus 02-03]
[    4.329526] pci 0000:00:1c.4:   bridge window [mem 0x92000000-0x928fffff]
[    4.329535] pci 0000:00:1c.4:   bridge window [mem 0x91000000-0x91ffffff 64bit pref]
[    4.329594] pci_bus 0000:03: extended config space not accessible
[    4.329636] pci 0000:03:00.0: [102b:0536] type 00 class 0x030000
[    4.329666] pci 0000:03:00.0: reg 0x10: [mem 0x91000000-0x91ffffff pref]
[    4.329684] pci 0000:03:00.0: reg 0x14: [mem 0x92808000-0x9280bfff]
[    4.329700] pci 0000:03:00.0: reg 0x18: [mem 0x92000000-0x927fffff]
[    4.329783] pci 0000:03:00.0: Video device with shadowed ROM at [mem 0x000c0000-0x000dffff]
[    4.329961] pci 0000:02:00.0: PCI bridge to [bus 03]
[    4.329976] pci 0000:02:00.0:   bridge window [mem 0x92000000-0x928fffff]
[    4.329987] pci 0000:02:00.0:   bridge window [mem 0x91000000-0x91ffffff 64bit pref]
[    4.330154] pci 0000:04:00.0: [14e4:165f] type 00 class 0x020000
[    4.330189] pci 0000:04:00.0: reg 0x10: [mem 0x92930000-0x9293ffff 64bit pref]
[    4.330213] pci 0000:04:00.0: reg 0x18: [mem 0x92940000-0x9294ffff 64bit pref]
[    4.330237] pci 0000:04:00.0: reg 0x20: [mem 0x92950000-0x9295ffff 64bit pref]
[    4.330255] pci 0000:04:00.0: reg 0x30: [mem 0xfffc0000-0xffffffff pref]
[    4.330385] pci 0000:04:00.0: PME# supported from D0 D3hot D3cold
[    4.330452] pci 0000:04:00.0: 4.000 Gb/s available PCIe bandwidth, limited by 5.0 GT/s PCIe x1 link at 0000:00:1c.5 (capable of 8.000 Gb/s with 5.0 GT/s PCIe x2 link)
[    4.332476] pci 0000:04:00.1: [14e4:165f] type 00 class 0x020000
[    4.332512] pci 0000:04:00.1: reg 0x10: [mem 0x92900000-0x9290ffff 64bit pref]
[    4.332536] pci 0000:04:00.1: reg 0x18: [mem 0x92910000-0x9291ffff 64bit pref]
[    4.332560] pci 0000:04:00.1: reg 0x20: [mem 0x92920000-0x9292ffff 64bit pref]
[    4.332578] pci 0000:04:00.1: reg 0x30: [mem 0xfffc0000-0xffffffff pref]
[    4.332709] pci 0000:04:00.1: PME# supported from D0 D3hot D3cold
[    4.334709] pci 0000:00:1c.5: PCI bridge to [bus 04]
[    4.334724] pci 0000:00:1c.5:   bridge window [mem 0x92900000-0x929fffff 64bit pref]
[    4.334751] pci_bus 0000:00: on NUMA node 0
[    4.334764] pci 0000:00:1c.0: Max Payload Size set to  128/ 128 (was  128), Max Read Rq  128
[    4.334778] pci 0000:00:1c.4: Max Payload Size set to  128/ 128 (was  128), Max Read Rq  128
[    4.334801] pci 0000:02:00.0: Max Payload Size set to  128/ 128 (was  128), Max Read Rq  128
[    4.334814] pci 0000:00:1c.5: Max Payload Size set to  128/ 128 (was  128), Max Read Rq  128
[    4.334838] pci 0000:04:00.0: Max Payload Size set to  128/ 256 (was  128), Max Read Rq  128
[    4.334861] pci 0000:04:00.1: Max Payload Size set to  128/ 256 (was  128), Max Read Rq  128
[    4.336565] ACPI: PCI Root Bridge [PC01] (domain 0000 [bus 16-2f])
[    4.336577] acpi PNP0A08:01: _OSC: OS supports [ExtendedConfig ASPM ClockPM Segments MSI EDR HPX-Type3]
[    4.382040] acpi PNP0A08:01: _OSC: platform does not support [SHPCHotplug AER DPC]
[    4.382709] acpi PNP0A08:01: _OSC: OS now controls [PCIeHotplug PME PCIeCapability LTR]
[    4.382713] acpi PNP0A08:01: FADT indicates ASPM is unsupported, using BIOS configuration
[    4.383121] PCI host bridge to bus 0000:16
[    4.383125] pci_bus 0000:16: root bus resource [io  0x5000-0x6fff window]
[    4.383131] pci_bus 0000:16: root bus resource [mem 0x9b800000-0xa63fffff window]
[    4.383135] pci_bus 0000:16: root bus resource [mem 0x384000000000-0x387fffffffff window]
[    4.383140] pci_bus 0000:16: root bus resource [bus 16-2f]
[    4.383180] pci 0000:16:00.0: [8086:09a2] type 00 class 0x088000
[    4.383372] pci 0000:16:00.1: [8086:09a4] type 00 class 0x088000
[    4.383546] pci 0000:16:00.2: [8086:09a3] type 00 class 0x088000
[    4.383722] pci 0000:16:00.4: [8086:0998] type 00 class 0x060000
[    4.383914] pci 0000:16:02.0: [8086:347a] type 01 class 0x060400
[    4.383935] pci 0000:16:02.0: reg 0x10: [mem 0x387ffff00000-0x387ffff1ffff 64bit]
[    4.384017] pci 0000:16:02.0: PME# supported from D0 D3hot D3cold
[    4.389399] pci 0000:17:00.0: [1000:10e2] type 00 class 0x010400
[    4.389424] pci 0000:17:00.0: reg 0x10: [mem 0x9b800000-0x9b8fffff 64bit pref]
[    4.389442] pci 0000:17:00.0: reg 0x18: [mem 0x9b900000-0x9b9fffff 64bit pref]
[    4.389454] pci 0000:17:00.0: reg 0x20: [mem 0x9ba00000-0x9bafffff]
[    4.389466] pci 0000:17:00.0: reg 0x24: [io  0x5000-0x50ff]
[    4.389479] pci 0000:17:00.0: reg 0x30: [mem 0xfff00000-0xffffffff pref]
[    4.392774] pci 0000:17:00.0: supports D1 D2
[    4.392915] pci 0000:16:02.0: PCI bridge to [bus 17]
[    4.392921] pci 0000:16:02.0:   bridge window [io  0x5000-0x5fff]
[    4.392927] pci 0000:16:02.0:   bridge window [mem 0x9ba00000-0x9bafffff]
[    4.392935] pci 0000:16:02.0:   bridge window [mem 0x9b800000-0x9b9fffff 64bit pref]
[    4.392949] pci_bus 0000:16: on NUMA node 0
[    4.392963] pci 0000:16:02.0: Max Payload Size set to  512/ 512 (was  512), Max Read Rq  512
[    4.392981] pci 0000:17:00.0: Max Payload Size set to  512/1024 (was  512), Max Read Rq  512
[    4.393228] ACPI: PCI Root Bridge [PC02] (domain 0000 [bus 30-49])
[    4.393239] acpi PNP0A08:02: _OSC: OS supports [ExtendedConfig ASPM ClockPM Segments MSI EDR HPX-Type3]
[    4.438533] acpi PNP0A08:02: _OSC: platform does not support [SHPCHotplug AER DPC]
[    4.439198] acpi PNP0A08:02: _OSC: OS now controls [PCIeHotplug PME PCIeCapability LTR]
[    4.439202] acpi PNP0A08:02: FADT indicates ASPM is unsupported, using BIOS configuration
[    4.439581] PCI host bridge to bus 0000:30
[    4.439585] pci_bus 0000:30: root bus resource [io  0x7000-0x8fff window]
[    4.439590] pci_bus 0000:30: root bus resource [mem 0xa6400000-0xb0ffffff window]
[    4.439594] pci_bus 0000:30: root bus resource [mem 0x388000000000-0x38bfffffffff window]
[    4.439599] pci_bus 0000:30: root bus resource [bus 30-49]
[    4.439638] pci 0000:30:00.0: [8086:09a2] type 00 class 0x088000
[    4.439823] pci 0000:30:00.1: [8086:09a4] type 00 class 0x088000
[    4.439995] pci 0000:30:00.2: [8086:09a3] type 00 class 0x088000
[    4.440168] pci 0000:30:00.4: [8086:0998] type 00 class 0x060000
[    4.440349] pci_bus 0000:30: on NUMA node 0
[    4.440673] ACPI: PCI Root Bridge [PC04] (domain 0000 [bus 4a-63])
[    4.440683] acpi PNP0A08:04: _OSC: OS supports [ExtendedConfig ASPM ClockPM Segments MSI EDR HPX-Type3]
[    4.485929] acpi PNP0A08:04: _OSC: platform does not support [SHPCHotplug AER DPC]
[    4.486588] acpi PNP0A08:04: _OSC: OS now controls [PCIeHotplug PME PCIeCapability LTR]
[    4.486591] acpi PNP0A08:04: FADT indicates ASPM is unsupported, using BIOS configuration
[    4.486969] PCI host bridge to bus 0000:4a
[    4.486972] pci_bus 0000:4a: root bus resource [io  0x9000-0x9fff window]
[    4.486976] pci_bus 0000:4a: root bus resource [mem 0xb1000000-0xbbbfffff window]
[    4.486981] pci_bus 0000:4a: root bus resource [mem 0x38c000000000-0x38ffffffffff window]
[    4.486985] pci_bus 0000:4a: root bus resource [bus 4a-63]
[    4.487023] pci 0000:4a:00.0: [8086:09a2] type 00 class 0x088000
[    4.487202] pci 0000:4a:00.1: [8086:09a4] type 00 class 0x088000
[    4.487375] pci 0000:4a:00.2: [8086:09a3] type 00 class 0x088000
[    4.487546] pci 0000:4a:00.4: [8086:0998] type 00 class 0x060000
[    4.487726] pci_bus 0000:4a: on NUMA node 0
[    4.487958] ACPI: PCI Root Bridge [PC05] (domain 0000 [bus 64-7d])
[    4.487967] acpi PNP0A08:05: _OSC: OS supports [ExtendedConfig ASPM ClockPM Segments MSI EDR HPX-Type3]
[    4.533126] acpi PNP0A08:05: _OSC: platform does not support [SHPCHotplug AER DPC]
[    4.533554] acpi PNP0A08:05: _OSC: OS now controls [PCIeHotplug PME PCIeCapability LTR]
[    4.533554] acpi PNP0A08:05: FADT indicates ASPM is unsupported, using BIOS configuration
[    4.533554] PCI host bridge to bus 0000:64
[    4.533554] pci_bus 0000:64: root bus resource [io  0xa000-0xafff window]
[    4.533554] pci_bus 0000:64: root bus resource [mem 0xbbc00000-0xc5ffffff window]
[    4.533554] pci_bus 0000:64: root bus resource [mem 0x390000000000-0x393fffffffff window]
[    4.533554] pci_bus 0000:64: root bus resource [bus 64-7d]
[    4.533554] pci 0000:64:00.0: [8086:09a2] type 00 class 0x088000
[    4.533554] pci 0000:64:00.1: [8086:09a4] type 00 class 0x088000
[    4.533607] pci 0000:64:00.2: [8086:09a3] type 00 class 0x088000
[    4.533780] pci 0000:64:00.4: [8086:0998] type 00 class 0x060000
[    4.533955] pci_bus 0000:64: on NUMA node 0
[    4.534168] ACPI: PCI Root Bridge [UC06] (domain 0000 [bus 7e])
[    4.534177] acpi PNP0A03:00: _OSC: OS supports [ExtendedConfig ASPM ClockPM Segments MSI EDR HPX-Type3]
[    4.534722] acpi PNP0A03:00: _OSC: platform does not support [SHPCHotplug AER LTR DPC]
[    4.535277] acpi PNP0A03:00: _OSC: OS now controls [PCIeHotplug PME PCIeCapability]
[    4.535281] acpi PNP0A03:00: FADT indicates ASPM is unsupported, using BIOS configuration
[    4.537187] PCI host bridge to bus 0000:7e
[    4.537191] pci_bus 0000:7e: root bus resource [bus 7e]
[    4.537302] pci 0000:7e:00.0: [8086:3450] type 00 class 0x088000
[    4.537545] pci 0000:7e:00.1: [8086:3451] type 00 class 0x088000
[    4.537820] pci 0000:7e:00.2: [8086:3452] type 00 class 0x088000
[    4.538052] pci 0000:7e:00.3: [8086:0998] type 00 class 0x060000
[    4.538282] pci 0000:7e:00.5: [8086:3455] type 00 class 0x088000
[    4.538559] pci 0000:7e:02.0: [8086:3440] type 00 class 0x088000
[    4.538846] pci 0000:7e:02.1: [8086:3441] type 00 class 0x088000
[    4.539123] pci 0000:7e:02.2: [8086:3442] type 00 class 0x088000
[    4.539444] pci 0000:7e:03.0: [8086:3440] type 00 class 0x088000
[    4.539695] pci 0000:7e:03.1: [8086:3441] type 00 class 0x088000
[    4.539938] pci 0000:7e:03.2: [8086:3442] type 00 class 0x088000
[    4.540191] pci 0000:7e:04.0: [8086:3440] type 00 class 0x088000
[    4.540482] pci 0000:7e:04.1: [8086:3441] type 00 class 0x088000
[    4.540766] pci 0000:7e:04.2: [8086:3442] type 00 class 0x088000
[    4.541048] pci 0000:7e:04.3: [8086:3443] type 00 class 0x088000
[    4.541379] pci 0000:7e:05.0: [8086:3445] type 00 class 0x088000
[    4.541663] pci 0000:7e:05.1: [8086:3446] type 00 class 0x088000
[    4.541947] pci 0000:7e:05.2: [8086:3447] type 00 class 0x088000
[    4.542270] pci 0000:7e:06.0: [8086:3445] type 00 class 0x088000
[    4.542528] pci 0000:7e:06.1: [8086:3446] type 00 class 0x088000
[    4.542780] pci 0000:7e:06.2: [8086:3447] type 00 class 0x088000
[    4.543080] pci 0000:7e:07.0: [8086:3445] type 00 class 0x088000
[    4.543372] pci 0000:7e:07.1: [8086:3446] type 00 class 0x088000
[    4.543658] pci 0000:7e:07.2: [8086:3447] type 00 class 0x088000
[    4.543991] pci 0000:7e:0b.0: [8086:3448] type 00 class 0x088000
[    4.544216] pci 0000:7e:0b.1: [8086:3448] type 00 class 0x088000
[    4.544439] pci 0000:7e:0b.2: [8086:344b] type 00 class 0x088000
[    4.544713] pci 0000:7e:0c.0: [8086:344a] type 00 class 0x110100
[    4.545036] pci 0000:7e:0d.0: [8086:344a] type 00 class 0x110100
[    4.545304] pci 0000:7e:0e.0: [8086:344a] type 00 class 0x110100
[    4.545612] pci 0000:7e:0f.0: [8086:344a] type 00 class 0x110100
[    4.545988] pci 0000:7e:1a.0: [8086:2880] type 00 class 0x110100
[    4.546300] pci 0000:7e:1b.0: [8086:2880] type 00 class 0x110100
[    4.546561] pci 0000:7e:1c.0: [8086:2880] type 00 class 0x110100
[    4.546873] pci 0000:7e:1d.0: [8086:2880] type 00 class 0x110100
[    4.547136] pci_bus 0000:7e: on NUMA node 0
[    4.547392] ACPI: PCI Root Bridge [UC07] (domain 0000 [bus 7f])
[    4.547401] acpi PNP0A03:01: _OSC: OS supports [ExtendedConfig ASPM ClockPM Segments MSI EDR HPX-Type3]
[    4.547960] acpi PNP0A03:01: _OSC: platform does not support [SHPCHotplug AER LTR DPC]
[    4.548519] acpi PNP0A03:01: _OSC: OS now controls [PCIeHotplug PME PCIeCapability]
[    4.548523] acpi PNP0A03:01: FADT indicates ASPM is unsupported, using BIOS configuration
[    4.548952] PCI host bridge to bus 0000:7f
[    4.548956] pci_bus 0000:7f: root bus resource [bus 7f]
[    4.549081] pci 0000:7f:00.0: [8086:344c] type 00 class 0x088000
[    4.549381] pci 0000:7f:00.1: [8086:344c] type 00 class 0x088000
[    4.549646] pci 0000:7f:00.2: [8086:344c] type 00 class 0x088000
[    4.549911] pci 0000:7f:00.3: [8086:344c] type 00 class 0x088000
[    4.550162] pci 0000:7f:00.4: [8086:344c] type 00 class 0x088000
[    4.550419] pci 0000:7f:00.5: [8086:344c] type 00 class 0x088000
[    4.550719] pci 0000:7f:00.6: [8086:344c] type 00 class 0x088000
[    4.551009] pci 0000:7f:00.7: [8086:344c] type 00 class 0x088000
[    4.551358] pci 0000:7f:01.0: [8086:344c] type 00 class 0x088000
[    4.551668] pci 0000:7f:01.1: [8086:344c] type 00 class 0x088000
[    4.551979] pci 0000:7f:01.2: [8086:344c] type 00 class 0x088000
[    4.552299] pci 0000:7f:01.3: [8086:344c] type 00 class 0x088000
[    4.552614] pci 0000:7f:01.4: [8086:344c] type 00 class 0x088000
[    4.552886] pci 0000:7f:01.5: [8086:344c] type 00 class 0x088000
[    4.553155] pci 0000:7f:01.6: [8086:344c] type 00 class 0x088000
[    4.553420] pci 0000:7f:01.7: [8086:344c] type 00 class 0x088000
[    4.553767] pci 0000:7f:02.0: [8086:344c] type 00 class 0x088000
[    4.554065] pci 0000:7f:02.1: [8086:344c] type 00 class 0x088000
[    4.554317] pci 0000:7f:02.2: [8086:344c] type 00 class 0x088000
[    4.554618] pci 0000:7f:02.3: [8086:344c] type 00 class 0x088000
[    4.554903] pci 0000:7f:02.4: [8086:344c] type 00 class 0x088000
[    4.555196] pci 0000:7f:02.5: [8086:344c] type 00 class 0x088000
[    4.555485] pci 0000:7f:02.6: [8086:344c] type 00 class 0x088000
[    4.555780] pci 0000:7f:02.7: [8086:344c] type 00 class 0x088000
[    4.556123] pci 0000:7f:03.0: [8086:344c] type 00 class 0x088000
[    4.556432] pci 0000:7f:03.1: [8086:344c] type 00 class 0x088000
[    4.556739] pci 0000:7f:03.2: [8086:344c] type 00 class 0x088000
[    4.557053] pci 0000:7f:03.3: [8086:344c] type 00 class 0x088000
[    4.557426] pci 0000:7f:0a.0: [8086:344d] type 00 class 0x088000
[    4.557720] pci 0000:7f:0a.1: [8086:344d] type 00 class 0x088000
[    4.557985] pci 0000:7f:0a.2: [8086:344d] type 00 class 0x088000
[    4.558245] pci 0000:7f:0a.3: [8086:344d] type 00 class 0x088000
[    4.558497] pci 0000:7f:0a.4: [8086:344d] type 00 class 0x088000
[    4.558761] pci 0000:7f:0a.5: [8086:344d] type 00 class 0x088000
[    4.559062] pci 0000:7f:0a.6: [8086:344d] type 00 class 0x088000
[    4.559353] pci 0000:7f:0a.7: [8086:344d] type 00 class 0x088000
[    4.559702] pci 0000:7f:0b.0: [8086:344d] type 00 class 0x088000
[    4.560006] pci 0000:7f:0b.1: [8086:344d] type 00 class 0x088000
[    4.560318] pci 0000:7f:0b.2: [8086:344d] type 00 class 0x088000
[    4.560633] pci 0000:7f:0b.3: [8086:344d] type 00 class 0x088000
[    4.560950] pci 0000:7f:0b.4: [8086:344d] type 00 class 0x088000
[    4.561229] pci 0000:7f:0b.5: [8086:344d] type 00 class 0x088000
[    4.561498] pci 0000:7f:0b.6: [8086:344d] type 00 class 0x088000
[    4.561774] pci 0000:7f:0b.7: [8086:344d] type 00 class 0x088000
[    4.562115] pci 0000:7f:0c.0: [8086:344d] type 00 class 0x088000
[    4.562407] pci 0000:7f:0c.1: [8086:344d] type 00 class 0x088000
[    4.562660] pci 0000:7f:0c.2: [8086:344d] type 00 class 0x088000
[    4.562963] pci 0000:7f:0c.3: [8086:344d] type 00 class 0x088000
[    4.563248] pci 0000:7f:0c.4: [8086:344d] type 00 class 0x088000
[    4.563547] pci 0000:7f:0c.5: [8086:344d] type 00 class 0x088000
[    4.563837] pci 0000:7f:0c.6: [8086:344d] type 00 class 0x088000
[    4.564134] pci 0000:7f:0c.7: [8086:344d] type 00 class 0x088000
[    4.564478] pci 0000:7f:0d.0: [8086:344d] type 00 class 0x088000
[    4.564778] pci 0000:7f:0d.1: [8086:344d] type 00 class 0x088000
[    4.565087] pci 0000:7f:0d.2: [8086:344d] type 00 class 0x088000
[    4.565395] pci 0000:7f:0d.3: [8086:344d] type 00 class 0x088000
[    4.565801] pci 0000:7f:1d.0: [8086:344f] type 00 class 0x088000
[    4.566103] pci 0000:7f:1d.1: [8086:3457] type 00 class 0x088000
[    4.566449] pci 0000:7f:1e.0: [8086:3458] type 00 class 0x088000
[    4.566684] pci 0000:7f:1e.1: [8086:3459] type 00 class 0x088000
[    4.566908] pci 0000:7f:1e.2: [8086:345a] type 00 class 0x088000
[    4.567131] pci 0000:7f:1e.3: [8086:345b] type 00 class 0x088000
[    4.567353] pci 0000:7f:1e.4: [8086:345c] type 00 class 0x088000
[    4.567574] pci 0000:7f:1e.5: [8086:345d] type 00 class 0x088000
[    4.567795] pci 0000:7f:1e.6: [8086:345e] type 00 class 0x088000
[    4.568021] pci 0000:7f:1e.7: [8086:345f] type 00 class 0x088000
[    4.568192] pci_bus 0000:7f: on NUMA node 0
[    4.568501] ACPI: PCI Root Bridge [PC06] (domain 0000 [bus 80-96])
[    4.568510] acpi PNP0A08:06: _OSC: OS supports [ExtendedConfig ASPM ClockPM Segments MSI EDR HPX-Type3]
[    4.613733] acpi PNP0A08:06: _OSC: platform does not support [SHPCHotplug AER DPC]
[    4.614395] acpi PNP0A08:06: _OSC: OS now controls [PCIeHotplug PME PCIeCapability LTR]
[    4.614398] acpi PNP0A08:06: FADT indicates ASPM is unsupported, using BIOS configuration
[    4.614849] PCI host bridge to bus 0000:80
[    4.614853] pci_bus 0000:80: root bus resource [io  0xb000-0xbfff window]
[    4.614858] pci_bus 0000:80: root bus resource [mem 0xc6800000-0xd0ffffff window]
[    4.614862] pci_bus 0000:80: root bus resource [mem 0x394000000000-0x397fffffffff window]
[    4.614866] pci_bus 0000:80: root bus resource [bus 80-96]
[    4.614965] pci 0000:80:00.0: [8086:09a2] type 00 class 0x088000
[    4.615209] pci 0000:80:00.1: [8086:09a4] type 00 class 0x088000
[    4.615443] pci 0000:80:00.2: [8086:09a3] type 00 class 0x088000
[    4.615668] pci 0000:80:00.4: [8086:0998] type 00 class 0x060000
[    4.615929] pci 0000:80:01.0: [8086:0b00] type 00 class 0x088000
[    4.615952] pci 0000:80:01.0: reg 0x10: [mem 0xc6ac0000-0xc6ac3fff 64bit]
[    4.616253] pci 0000:80:01.1: [8086:0b00] type 00 class 0x088000
[    4.616275] pci 0000:80:01.1: reg 0x10: [mem 0xc6abc000-0xc6abffff 64bit]
[    4.616576] pci 0000:80:01.2: [8086:0b00] type 00 class 0x088000
[    4.616598] pci 0000:80:01.2: reg 0x10: [mem 0xc6ab8000-0xc6abbfff 64bit]
[    4.616899] pci 0000:80:01.3: [8086:0b00] type 00 class 0x088000
[    4.616921] pci 0000:80:01.3: reg 0x10: [mem 0xc6ab4000-0xc6ab7fff 64bit]
[    4.617215] pci 0000:80:01.4: [8086:0b00] type 00 class 0x088000
[    4.617237] pci 0000:80:01.4: reg 0x10: [mem 0xc6ab0000-0xc6ab3fff 64bit]
[    4.617527] pci 0000:80:01.5: [8086:0b00] type 00 class 0x088000
[    4.617549] pci 0000:80:01.5: reg 0x10: [mem 0xc6aac000-0xc6aaffff 64bit]
[    4.617853] pci 0000:80:01.6: [8086:0b00] type 00 class 0x088000
[    4.617875] pci 0000:80:01.6: reg 0x10: [mem 0xc6aa8000-0xc6aabfff 64bit]
[    4.618165] pci 0000:80:01.7: [8086:0b00] type 00 class 0x088000
[    4.618187] pci 0000:80:01.7: reg 0x10: [mem 0xc6aa4000-0xc6aa7fff 64bit]
[    4.618435] pci 0000:80:02.0: [8086:09a6] type 00 class 0x088000
[    4.618452] pci 0000:80:02.0: reg 0x10: [mem 0xc6ac4000-0xc6ac5fff]
[    4.618655] pci 0000:80:02.1: [8086:09a7] type 00 class 0x088000
[    4.618672] pci 0000:80:02.1: reg 0x10: [mem 0xc6a00000-0xc6a7ffff]
[    4.618684] pci 0000:80:02.1: reg 0x14: [mem 0xc6980000-0xc69fffff]
[    4.618921] pci 0000:80:02.4: [8086:3456] type 00 class 0x130000
[    4.618946] pci 0000:80:02.4: reg 0x10: [mem 0xc6800000-0xc68fffff 64bit]
[    4.618964] pci 0000:80:02.4: reg 0x18: [mem 0xc6aa0000-0xc6aa3fff 64bit]
[    4.618980] pci 0000:80:02.4: reg 0x20: [mem 0xc6a80000-0xc6a9ffff 64bit]
[    4.619173] pci_bus 0000:80: on NUMA node 1
[    4.619427] ACPI: PCI Root Bridge [PC07] (domain 0000 [bus 97-af])
[    4.619435] acpi PNP0A08:07: _OSC: OS supports [ExtendedConfig ASPM ClockPM Segments MSI EDR HPX-Type3]
[    4.664650] acpi PNP0A08:07: _OSC: platform does not support [SHPCHotplug AER DPC]
[    4.665312] acpi PNP0A08:07: _OSC: OS now controls [PCIeHotplug PME PCIeCapability LTR]
[    4.665316] acpi PNP0A08:07: FADT indicates ASPM is unsupported, using BIOS configuration
[    4.665696] PCI host bridge to bus 0000:97
[    4.665699] pci_bus 0000:97: root bus resource [io  0xc000-0xcfff window]
[    4.665704] pci_bus 0000:97: root bus resource [mem 0xd1000000-0xdbbfffff window]
[    4.665708] pci_bus 0000:97: root bus resource [mem 0x398000000000-0x39bfffffffff window]
[    4.665713] pci_bus 0000:97: root bus resource [bus 97-af]
[    4.665753] pci 0000:97:00.0: [8086:09a2] type 00 class 0x088000
[    4.665940] pci 0000:97:00.1: [8086:09a4] type 00 class 0x088000
[    4.666120] pci 0000:97:00.2: [8086:09a3] type 00 class 0x088000
[    4.666296] pci 0000:97:00.4: [8086:0998] type 00 class 0x060000
[    4.666476] pci_bus 0000:97: on NUMA node 1
[    4.666705] ACPI: PCI Root Bridge [PC08] (domain 0000 [bus b0-c8])
[    4.666714] acpi PNP0A08:08: _OSC: OS supports [ExtendedConfig ASPM ClockPM Segments MSI EDR HPX-Type3]
[    4.711935] acpi PNP0A08:08: _OSC: platform does not support [SHPCHotplug AER DPC]
[    4.712594] acpi PNP0A08:08: _OSC: OS now controls [PCIeHotplug PME PCIeCapability LTR]
[    4.712598] acpi PNP0A08:08: FADT indicates ASPM is unsupported, using BIOS configuration
[    4.712988] PCI host bridge to bus 0000:b0
[    4.712992] pci_bus 0000:b0: root bus resource [io  0xd000-0xdfff window]
[    4.712996] pci_bus 0000:b0: root bus resource [mem 0xdbc00000-0xe67fffff window]
[    4.713000] pci_bus 0000:b0: root bus resource [mem 0x39c000000000-0x39ffffffffff window]
[    4.713005] pci_bus 0000:b0: root bus resource [bus b0-c8]
[    4.713043] pci 0000:b0:00.0: [8086:09a2] type 00 class 0x088000
[    4.713224] pci 0000:b0:00.1: [8086:09a4] type 00 class 0x088000
[    4.713400] pci 0000:b0:00.2: [8086:09a3] type 00 class 0x088000
[    4.713577] pci 0000:b0:00.4: [8086:0998] type 00 class 0x060000
[    4.713763] pci_bus 0000:b0: on NUMA node 1
[    4.714090] ACPI: PCI Root Bridge [PC10] (domain 0000 [bus c9-e1])
[    4.714099] acpi PNP0A08:0a: _OSC: OS supports [ExtendedConfig ASPM ClockPM Segments MSI EDR HPX-Type3]
[    4.759471] acpi PNP0A08:0a: _OSC: platform does not support [SHPCHotplug AER DPC]
[    4.760133] acpi PNP0A08:0a: _OSC: OS now controls [PCIeHotplug PME PCIeCapability LTR]
[    4.760136] acpi PNP0A08:0a: FADT indicates ASPM is unsupported, using BIOS configuration
[    4.760529] PCI host bridge to bus 0000:c9
[    4.760533] pci_bus 0000:c9: root bus resource [io  0xe000-0xefff window]
[    4.760537] pci_bus 0000:c9: root bus resource [mem 0xe6800000-0xf13fffff window]
[    4.760541] pci_bus 0000:c9: root bus resource [mem 0x3a0000000000-0x3a3fffffffff window]
[    4.760545] pci_bus 0000:c9: root bus resource [bus c9-e1]
[    4.760584] pci 0000:c9:00.0: [8086:09a2] type 00 class 0x088000
[    4.760767] pci 0000:c9:00.1: [8086:09a4] type 00 class 0x088000
[    4.760946] pci 0000:c9:00.2: [8086:09a3] type 00 class 0x088000
[    4.761124] pci 0000:c9:00.4: [8086:0998] type 00 class 0x060000
[    4.761306] pci_bus 0000:c9: on NUMA node 1
[    4.761536] ACPI: PCI Root Bridge [PC11] (domain 0000 [bus e2-fa])
[    4.761544] acpi PNP0A08:0b: _OSC: OS supports [ExtendedConfig ASPM ClockPM Segments MSI EDR HPX-Type3]
[    4.806685] acpi PNP0A08:0b: _OSC: platform does not support [SHPCHotplug AER DPC]
[    4.807341] acpi PNP0A08:0b: _OSC: OS now controls [PCIeHotplug PME PCIeCapability LTR]
[    4.807344] acpi PNP0A08:0b: FADT indicates ASPM is unsupported, using BIOS configuration
[    4.807706] PCI host bridge to bus 0000:e2
[    4.807709] pci_bus 0000:e2: root bus resource [io  0xf000-0xffff window]
[    4.807714] pci_bus 0000:e2: root bus resource [mem 0xf1400000-0xfb7fffff window]
[    4.807718] pci_bus 0000:e2: root bus resource [mem 0x3a4000000000-0x3a7fffffffff window]
[    4.807722] pci_bus 0000:e2: root bus resource [bus e2-fa]
[    4.807761] pci 0000:e2:00.0: [8086:09a2] type 00 class 0x088000
[    4.807944] pci 0000:e2:00.1: [8086:09a4] type 00 class 0x088000
[    4.808123] pci 0000:e2:00.2: [8086:09a3] type 00 class 0x088000
[    4.808300] pci 0000:e2:00.4: [8086:0998] type 00 class 0x060000
[    4.808498] pci_bus 0000:e2: on NUMA node 1
[    4.808702] ACPI: PCI Root Bridge [UC16] (domain 0000 [bus fe])
[    4.808711] acpi PNP0A03:02: _OSC: OS supports [ExtendedConfig ASPM ClockPM Segments MSI EDR HPX-Type3]
[    4.809255] acpi PNP0A03:02: _OSC: platform does not support [SHPCHotplug AER LTR DPC]
[    4.809809] acpi PNP0A03:02: _OSC: OS now controls [PCIeHotplug PME PCIeCapability]
[    4.809813] acpi PNP0A03:02: FADT indicates ASPM is unsupported, using BIOS configuration
[    4.810207] PCI host bridge to bus 0000:fe
[    4.810210] pci_bus 0000:fe: root bus resource [bus fe]
[    4.810315] pci 0000:fe:00.0: [8086:3450] type 00 class 0x088000
[    4.810553] pci 0000:fe:00.1: [8086:3451] type 00 class 0x088000
[    4.810771] pci 0000:fe:00.2: [8086:3452] type 00 class 0x088000
[    4.810991] pci 0000:fe:00.3: [8086:0998] type 00 class 0x060000
[    4.811206] pci 0000:fe:00.5: [8086:3455] type 00 class 0x088000
[    4.811475] pci 0000:fe:02.0: [8086:3440] type 00 class 0x088000
[    4.811763] pci 0000:fe:02.1: [8086:3441] type 00 class 0x088000
[    4.812037] pci 0000:fe:02.2: [8086:3442] type 00 class 0x088000
[    4.812361] pci 0000:fe:03.0: [8086:3440] type 00 class 0x088000
[    4.812613] pci 0000:fe:03.1: [8086:3441] type 00 class 0x088000
[    4.812853] pci 0000:fe:03.2: [8086:3442] type 00 class 0x088000
[    4.813107] pci 0000:fe:04.0: [8086:3440] type 00 class 0x088000
[    4.813391] pci 0000:fe:04.1: [8086:3441] type 00 class 0x088000
[    4.813669] pci 0000:fe:04.2: [8086:3442] type 00 class 0x088000
[    4.813961] pci 0000:fe:04.3: [8086:3443] type 00 class 0x088000
[    4.814289] pci 0000:fe:05.0: [8086:3445] type 00 class 0x088000
[    4.814584] pci 0000:fe:05.1: [8086:3446] type 00 class 0x088000
[    4.814860] pci 0000:fe:05.2: [8086:3447] type 00 class 0x088000
[    4.815181] pci 0000:fe:06.0: [8086:3445] type 00 class 0x088000
[    4.815433] pci 0000:fe:06.1: [8086:3446] type 00 class 0x088000
[    4.815675] pci 0000:fe:06.2: [8086:3447] type 00 class 0x088000
[    4.815976] pci 0000:fe:07.0: [8086:3445] type 00 class 0x088000
[    4.816270] pci 0000:fe:07.1: [8086:3446] type 00 class 0x088000
[    4.816555] pci 0000:fe:07.2: [8086:3447] type 00 class 0x088000
[    4.816891] pci 0000:fe:0b.0: [8086:3448] type 00 class 0x088000
[    4.817113] pci 0000:fe:0b.1: [8086:3448] type 00 class 0x088000
[    4.817325] pci 0000:fe:0b.2: [8086:344b] type 00 class 0x088000
[    4.817591] pci 0000:fe:0c.0: [8086:344a] type 00 class 0x110100
[    4.817910] pci 0000:fe:0d.0: [8086:344a] type 00 class 0x110100
[    4.818178] pci 0000:fe:0e.0: [8086:344a] type 00 class 0x110100
[    4.818482] pci 0000:fe:0f.0: [8086:344a] type 00 class 0x110100
[    4.818853] pci 0000:fe:1a.0: [8086:2880] type 00 class 0x110100
[    4.819167] pci 0000:fe:1b.0: [8086:2880] type 00 class 0x110100
[    4.819431] pci 0000:fe:1c.0: [8086:2880] type 00 class 0x110100
[    4.819752] pci 0000:fe:1d.0: [8086:2880] type 00 class 0x110100
[    4.820019] pci_bus 0000:fe: on NUMA node 1
[    4.820262] ACPI: PCI Root Bridge [UC17] (domain 0000 [bus ff])
[    4.820270] acpi PNP0A03:03: _OSC: OS supports [ExtendedConfig ASPM ClockPM Segments MSI EDR HPX-Type3]
[    4.820812] acpi PNP0A03:03: _OSC: platform does not support [SHPCHotplug AER LTR DPC]
[    4.821369] acpi PNP0A03:03: _OSC: OS now controls [PCIeHotplug PME PCIeCapability]
[    4.821373] acpi PNP0A03:03: FADT indicates ASPM is unsupported, using BIOS configuration
[    4.821802] PCI host bridge to bus 0000:ff
[    4.821806] pci_bus 0000:ff: root bus resource [bus ff]
[    4.821939] pci 0000:ff:00.0: [8086:344c] type 00 class 0x088000
[    4.822235] pci 0000:ff:00.1: [8086:344c] type 00 class 0x088000
[    4.822505] pci 0000:ff:00.2: [8086:344c] type 00 class 0x088000
[    4.822770] pci 0000:ff:00.3: [8086:344c] type 00 class 0x088000
[    4.823027] pci 0000:ff:00.4: [8086:344c] type 00 class 0x088000
[    4.823295] pci 0000:ff:00.5: [8086:344c] type 00 class 0x088000
[    4.823600] pci 0000:ff:00.6: [8086:344c] type 00 class 0x088000
[    4.823897] pci 0000:ff:00.7: [8086:344c] type 00 class 0x088000
[    4.824253] pci 0000:ff:01.0: [8086:344c] type 00 class 0x088000
[    4.824563] pci 0000:ff:01.1: [8086:344c] type 00 class 0x088000
[    4.824879] pci 0000:ff:01.2: [8086:344c] type 00 class 0x088000
[    4.825198] pci 0000:ff:01.3: [8086:344c] type 00 class 0x088000
[    4.825518] pci 0000:ff:01.4: [8086:344c] type 00 class 0x088000
[    4.825802] pci 0000:ff:01.5: [8086:344c] type 00 class 0x088000
[    4.826080] pci 0000:ff:01.6: [8086:344c] type 00 class 0x088000
[    4.826353] pci 0000:ff:01.7: [8086:344c] type 00 class 0x088000
[    4.826697] pci 0000:ff:02.0: [8086:344c] type 00 class 0x088000
[    4.827002] pci 0000:ff:02.1: [8086:344c] type 00 class 0x088000
[    4.827261] pci 0000:ff:02.2: [8086:344c] type 00 class 0x088000
[    4.827570] pci 0000:ff:02.3: [8086:344c] type 00 class 0x088000
[    4.827861] pci 0000:ff:02.4: [8086:344c] type 00 class 0x088000
[    4.828162] pci 0000:ff:02.5: [8086:344c] type 00 class 0x088000
[    4.828457] pci 0000:ff:02.6: [8086:344c] type 00 class 0x088000
[    4.828758] pci 0000:ff:02.7: [8086:344c] type 00 class 0x088000
[    4.829111] pci 0000:ff:03.0: [8086:344c] type 00 class 0x088000
[    4.829416] pci 0000:ff:03.1: [8086:344c] type 00 class 0x088000
[    4.829731] pci 0000:ff:03.2: [8086:344c] type 00 class 0x088000
[    4.830046] pci 0000:ff:03.3: [8086:344c] type 00 class 0x088000
[    4.830429] pci 0000:ff:0a.0: [8086:344d] type 00 class 0x088000
[    4.830727] pci 0000:ff:0a.1: [8086:344d] type 00 class 0x088000
[    4.830996] pci 0000:ff:0a.2: [8086:344d] type 00 class 0x088000
[    4.831262] pci 0000:ff:0a.3: [8086:344d] type 00 class 0x088000
[    4.831518] pci 0000:ff:0a.4: [8086:344d] type 00 class 0x088000
[    4.831781] pci 0000:ff:0a.5: [8086:344d] type 00 class 0x088000
[    4.832091] pci 0000:ff:0a.6: [8086:344d] type 00 class 0x088000
[    4.832388] pci 0000:ff:0a.7: [8086:344d] type 00 class 0x088000
[    4.832744] pci 0000:ff:0b.0: [8086:344d] type 00 class 0x088000
[    4.833072] pci 0000:ff:0b.1: [8086:344d] type 00 class 0x088000
[    4.833389] pci 0000:ff:0b.2: [8086:344d] type 00 class 0x088000
[    4.833710] pci 0000:ff:0b.3: [8086:344d] type 00 class 0x088000
[    4.834034] pci 0000:ff:0b.4: [8086:344d] type 00 class 0x088000
[    4.834310] pci 0000:ff:0b.5: [8086:344d] type 00 class 0x088000
[    4.834586] pci 0000:ff:0b.6: [8086:344d] type 00 class 0x088000
[    4.834860] pci 0000:ff:0b.7: [8086:344d] type 00 class 0x088000
[    4.835206] pci 0000:ff:0c.0: [8086:344d] type 00 class 0x088000
[    4.835514] pci 0000:ff:0c.1: [8086:344d] type 00 class 0x088000
[    4.835773] pci 0000:ff:0c.2: [8086:344d] type 00 class 0x088000
[    4.836087] pci 0000:ff:0c.3: [8086:344d] type 00 class 0x088000
[    4.836383] pci 0000:ff:0c.4: [8086:344d] type 00 class 0x088000
[    4.836679] pci 0000:ff:0c.5: [8086:344d] type 00 class 0x088000
[    4.836976] pci 0000:ff:0c.6: [8086:344d] type 00 class 0x088000
[    4.837277] pci 0000:ff:0c.7: [8086:344d] type 00 class 0x088000
[    4.837628] pci 0000:ff:0d.0: [8086:344d] type 00 class 0x088000
[    4.837952] pci 0000:ff:0d.1: [8086:344d] type 00 class 0x088000
[    4.838265] pci 0000:ff:0d.2: [8086:344d] type 00 class 0x088000
[    4.838581] pci 0000:ff:0d.3: [8086:344d] type 00 class 0x088000
[    4.838990] pci 0000:ff:1d.0: [8086:344f] type 00 class 0x088000
[    4.839287] pci 0000:ff:1d.1: [8086:3457] type 00 class 0x088000
[    4.839636] pci 0000:ff:1e.0: [8086:3458] type 00 class 0x088000
[    4.839867] pci 0000:ff:1e.1: [8086:3459] type 00 class 0x088000
[    4.840094] pci 0000:ff:1e.2: [8086:345a] type 00 class 0x088000
[    4.840325] pci 0000:ff:1e.3: [8086:345b] type 00 class 0x088000
[    4.840551] pci 0000:ff:1e.4: [8086:345c] type 00 class 0x088000
[    4.840775] pci 0000:ff:1e.5: [8086:345d] type 00 class 0x088000
[    4.840998] pci 0000:ff:1e.6: [8086:345e] type 00 class 0x088000
[    4.841220] pci 0000:ff:1e.7: [8086:345f] type 00 class 0x088000
[    4.841396] pci_bus 0000:ff: on NUMA node 1
[    4.844848] iommu: Default domain type: Translated 
[    4.844848] iommu: DMA domain TLB invalidation policy: lazy mode 
[    4.844876] pci 0000:03:00.0: vgaarb: setting as boot VGA device
[    4.844876] pci 0000:03:00.0: vgaarb: VGA device added: decodes=io+mem,owns=io+mem,locks=none
[    4.844970] pci 0000:03:00.0: vgaarb: bridge control possible
[    4.844974] vgaarb: loaded
[    4.845412] SCSI subsystem initialized
[    4.845412] libata version 3.00 loaded.
[    4.845412] ACPI: bus type USB registered
[    4.845412] usbcore: registered new interface driver usbfs
[    4.845412] usbcore: registered new interface driver hub
[    4.845412] usbcore: registered new device driver usb
[    4.845412] pps_core: LinuxPPS API ver. 1 registered
[    4.845412] pps_core: Software ver. 5.3.6 - Copyright 2005-2007 Rodolfo Giometti <giometti@linux.it>
[    4.845412] PTP clock support registered
[    4.845412] EDAC MC: Ver: 3.0.0
[    4.845836] NetLabel: Initializing
[    4.845836] NetLabel:  domain hash size = 128
[    4.845836] NetLabel:  protocols = UNLABELED CIPSOv4 CALIPSO
[    4.845836] NetLabel:  unlabeled traffic allowed by default
[    4.845836] PCI: Using ACPI for IRQ routing
[    4.853981] PCI: pci_cache_line_size set to 64 bytes
[    4.854866] Expanded resource Reserved due to conflict with PNP0003:00
[    4.854872] e820: reserve RAM buffer [mem 0x0009e000-0x0009ffff]
[    4.854878] e820: reserve RAM buffer [mem 0x4a42b000-0x4bffffff]
[    4.854882] e820: reserve RAM buffer [mem 0x4b86e000-0x4bffffff]
[    4.854885] e820: reserve RAM buffer [mem 0x4c20f000-0x4fffffff]
[    4.854888] e820: reserve RAM buffer [mem 0x51b00000-0x53ffffff]
[    4.854891] e820: reserve RAM buffer [mem 0x5eefe000-0x5fffffff]
[    4.854893] e820: reserve RAM buffer [mem 0x6f800000-0x6fffffff]
[    4.859503] hpet0: at MMIO 0xfed00000, IRQs 2, 8, 0, 0, 0, 0, 0, 0
[    4.859523] hpet0: 8 comparators, 64-bit 24.000000 MHz counter
[    4.861124] clocksource: Switched to clocksource tsc-early
[    4.884226] VFS: Disk quotas dquot_6.6.0
[    4.884289] VFS: Dquot-cache hash table entries: 512 (order 0, 4096 bytes)
[    4.884583] AppArmor: AppArmor Filesystem Enabled
[    4.884616] pnp: PnP ACPI init
[    4.926373] system 00:01: [io  0x0500-0x05fe] has been reserved
[    4.926382] system 00:01: [io  0x0400-0x041f] has been reserved
[    4.926387] system 00:01: [io  0x0600-0x061f] has been reserved
[    4.926392] system 00:01: [io  0x0ca0-0x0ca1] has been reserved
[    4.926396] system 00:01: [io  0x0ca4-0x0ca6] has been reserved
[    4.926401] system 00:01: [mem 0xff000000-0xffffffff] has been reserved
[    4.927995] system 00:04: [mem 0xfd000000-0xfdabffff] has been reserved
[    4.928002] system 00:04: [mem 0xfdad0000-0xfdadffff] has been reserved
[    4.928007] system 00:04: [mem 0xfdb00000-0xfdffffff] has been reserved
[    4.928011] system 00:04: [mem 0xfe000000-0xfe00ffff] has been reserved
[    4.928016] system 00:04: [mem 0xfe011000-0xfe01ffff] has been reserved
[    4.928021] system 00:04: [mem 0xfe036000-0xfe03bfff] has been reserved
[    4.928025] system 00:04: [mem 0xfe03d000-0xfe3fffff] has been reserved
[    4.928029] system 00:04: [mem 0xfe410000-0xfe7fffff] has been reserved
[    4.929038] system 00:05: [io  0x1000-0x10fe] has been reserved
[    4.932153] pnp: PnP ACPI: found 6 devices
[    4.939157] clocksource: acpi_pm: mask: 0xffffff max_cycles: 0xffffff, max_idle_ns: 2085701024 ns
[    4.939342] NET: Registered PF_INET protocol family
[    4.939852] IP idents hash table entries: 262144 (order: 9, 2097152 bytes, vmalloc)
[    4.946337] tcp_listen_portaddr_hash hash table entries: 65536 (order: 8, 1048576 bytes, vmalloc)
[    4.947473] TCP established hash table entries: 524288 (order: 10, 4194304 bytes, vmalloc)
[    4.949059] TCP bind hash table entries: 65536 (order: 8, 1048576 bytes, vmalloc)
[    4.949239] TCP: Hash tables configured (established 524288 bind 65536)
[    4.949789] MPTCP token hash table entries: 65536 (order: 8, 1572864 bytes, vmalloc)
[    4.950611] UDP hash table entries: 65536 (order: 9, 2097152 bytes, vmalloc)
[    4.951499] UDP-Lite hash table entries: 65536 (order: 9, 2097152 bytes, vmalloc)
[    4.952327] NET: Registered PF_UNIX/PF_LOCAL protocol family
[    4.952344] NET: Registered PF_XDP protocol family
[    4.952355] pci 0000:04:00.0: can't claim BAR 6 [mem 0xfffc0000-0xffffffff pref]: no compatible bridge window
[    4.952363] pci 0000:04:00.1: can't claim BAR 6 [mem 0xfffc0000-0xffffffff pref]: no compatible bridge window
[    4.952368] pci 0000:17:00.0: can't claim BAR 6 [mem 0xfff00000-0xffffffff pref]: no compatible bridge window
[    4.952405] pci 0000:00:1c.5: BAR 14: assigned [mem 0x90000000-0x900fffff]
[    4.952414] pci 0000:00:1c.0: PCI bridge to [bus 01]
[    4.952435] pci 0000:02:00.0: PCI bridge to [bus 03]
[    4.952443] pci 0000:02:00.0:   bridge window [mem 0x92000000-0x928fffff]
[    4.952451] pci 0000:02:00.0:   bridge window [mem 0x91000000-0x91ffffff 64bit pref]
[    4.952462] pci 0000:00:1c.4: PCI bridge to [bus 02-03]
[    4.952469] pci 0000:00:1c.4:   bridge window [mem 0x92000000-0x928fffff]
[    4.952475] pci 0000:00:1c.4:   bridge window [mem 0x91000000-0x91ffffff 64bit pref]
[    4.952487] pci 0000:04:00.0: BAR 6: assigned [mem 0x90000000-0x9003ffff pref]
[    4.952493] pci 0000:04:00.1: BAR 6: assigned [mem 0x90040000-0x9007ffff pref]
[    4.952497] pci 0000:00:1c.5: PCI bridge to [bus 04]
[    4.952504] pci 0000:00:1c.5:   bridge window [mem 0x90000000-0x900fffff]
[    4.952510] pci 0000:00:1c.5:   bridge window [mem 0x92900000-0x929fffff 64bit pref]
[    4.952521] pci_bus 0000:00: resource 4 [io  0x0000-0x0cf7 window]
[    4.952526] pci_bus 0000:00: resource 5 [io  0x1000-0x4fff window]
[    4.952530] pci_bus 0000:00: resource 6 [mem 0x000a0000-0x000bffff window]
[    4.952534] pci_bus 0000:00: resource 7 [mem 0x000c8000-0x000cffff window]
[    4.952537] pci_bus 0000:00: resource 8 [mem 0xfe010000-0xfe010fff window]
[    4.952541] pci_bus 0000:00: resource 9 [mem 0x90000000-0x9b7fffff window]
[    4.952545] pci_bus 0000:00: resource 10 [mem 0x380000000000-0x383fffffffff window]
[    4.952551] pci_bus 0000:02: resource 1 [mem 0x92000000-0x928fffff]
[    4.952554] pci_bus 0000:02: resource 2 [mem 0x91000000-0x91ffffff 64bit pref]
[    4.952558] pci_bus 0000:03: resource 1 [mem 0x92000000-0x928fffff]
[    4.952562] pci_bus 0000:03: resource 2 [mem 0x91000000-0x91ffffff 64bit pref]
[    4.952566] pci_bus 0000:04: resource 1 [mem 0x90000000-0x900fffff]
[    4.952569] pci_bus 0000:04: resource 2 [mem 0x92900000-0x929fffff 64bit pref]
[    4.952792] pci 0000:17:00.0: BAR 6: no space for [mem size 0x00100000 pref]
[    4.952797] pci 0000:17:00.0: BAR 6: failed to assign [mem size 0x00100000 pref]
[    4.952801] pci 0000:16:02.0: PCI bridge to [bus 17]
[    4.952806] pci 0000:16:02.0:   bridge window [io  0x5000-0x5fff]
[    4.952813] pci 0000:16:02.0:   bridge window [mem 0x9ba00000-0x9bafffff]
[    4.952818] pci 0000:16:02.0:   bridge window [mem 0x9b800000-0x9b9fffff 64bit pref]
[    4.952834] pci_bus 0000:16: resource 4 [io  0x5000-0x6fff window]
[    4.952838] pci_bus 0000:16: resource 5 [mem 0x9b800000-0xa63fffff window]
[    4.952842] pci_bus 0000:16: resource 6 [mem 0x384000000000-0x387fffffffff window]
[    4.952846] pci_bus 0000:17: resource 0 [io  0x5000-0x5fff]
[    4.952850] pci_bus 0000:17: resource 1 [mem 0x9ba00000-0x9bafffff]
[    4.952853] pci_bus 0000:17: resource 2 [mem 0x9b800000-0x9b9fffff 64bit pref]
[    4.952871] pci_bus 0000:30: resource 4 [io  0x7000-0x8fff window]
[    4.952875] pci_bus 0000:30: resource 5 [mem 0xa6400000-0xb0ffffff window]
[    4.952878] pci_bus 0000:30: resource 6 [mem 0x388000000000-0x38bfffffffff window]
[    4.952894] pci_bus 0000:4a: resource 4 [io  0x9000-0x9fff window]
[    4.952898] pci_bus 0000:4a: resource 5 [mem 0xb1000000-0xbbbfffff window]
[    4.952902] pci_bus 0000:4a: resource 6 [mem 0x38c000000000-0x38ffffffffff window]
[    4.952918] pci_bus 0000:64: resource 4 [io  0xa000-0xafff window]
[    4.952922] pci_bus 0000:64: resource 5 [mem 0xbbc00000-0xc5ffffff window]
[    4.952925] pci_bus 0000:64: resource 6 [mem 0x390000000000-0x393fffffffff window]
[    4.953012] pci_bus 0000:80: resource 4 [io  0xb000-0xbfff window]
[    4.953015] pci_bus 0000:80: resource 5 [mem 0xc6800000-0xd0ffffff window]
[    4.953019] pci_bus 0000:80: resource 6 [mem 0x394000000000-0x397fffffffff window]
[    4.953039] pci_bus 0000:97: resource 4 [io  0xc000-0xcfff window]
[    4.953043] pci_bus 0000:97: resource 5 [mem 0xd1000000-0xdbbfffff window]
[    4.953046] pci_bus 0000:97: resource 6 [mem 0x398000000000-0x39bfffffffff window]
[    4.953063] pci_bus 0000:b0: resource 4 [io  0xd000-0xdfff window]
[    4.953067] pci_bus 0000:b0: resource 5 [mem 0xdbc00000-0xe67fffff window]
[    4.953071] pci_bus 0000:b0: resource 6 [mem 0x39c000000000-0x39ffffffffff window]
[    4.953087] pci_bus 0000:c9: resource 4 [io  0xe000-0xefff window]
[    4.953091] pci_bus 0000:c9: resource 5 [mem 0xe6800000-0xf13fffff window]
[    4.953094] pci_bus 0000:c9: resource 6 [mem 0x3a0000000000-0x3a3fffffffff window]
[    4.953112] pci_bus 0000:e2: resource 4 [io  0xf000-0xffff window]
[    4.953116] pci_bus 0000:e2: resource 5 [mem 0xf1400000-0xfb7fffff window]
[    4.953120] pci_bus 0000:e2: resource 6 [mem 0x3a4000000000-0x3a7fffffffff window]
[    4.955524] PCI: CLS 0 bytes, default 64
[    4.955574] Trying to unpack rootfs image as initramfs...
[    4.955804] PCI-DMA: Using software bounce buffering for IO (SWIOTLB)
[    4.955807] software IO TLB: mapped [mem 0x000000005aefe000-0x000000005eefe000] (64MB)
[    4.980559] Initialise system trusted keyrings
[    4.980582] Key type blacklist registered
[    4.980694] workingset: timestamp_bits=36 max_order=25 bucket_order=0
[    4.983762] zbud: loaded
[    4.984551] squashfs: version 4.0 (2009/01/31) Phillip Lougher
[    4.984897] fuse: init (API version 7.34)
[    4.985303] integrity: Platform Keyring initialized
[    5.019716] Key type asymmetric registered
[    5.019719] Asymmetric key parser 'x509' registered
[    5.019753] Block layer SCSI generic (bsg) driver version 0.4 loaded (major 243)
[    5.019836] io scheduler mq-deadline registered
[    5.021271] pcieport 0000:00:1c.0: PME: Signaling with IRQ 130
[    5.021444] pcieport 0000:00:1c.4: PME: Signaling with IRQ 131
[    5.021603] pcieport 0000:00:1c.5: PME: Signaling with IRQ 132
[    5.021750] pcieport 0000:16:02.0: PME: Signaling with IRQ 133
[    5.022457] shpchp: Standard Hot Plug PCI Controller Driver version: 0.4
[    5.025190] Monitor-Mwait will be used to enter C-1 state
[    5.025209] Monitor-Mwait will be used to enter C-2 state
[    5.025218] ACPI: \_SB_.SCK0.C000: Found 2 idle states
[    5.030198] input: Power Button as /devices/LNXSYSTM:00/LNXPWRBN:00/input/input0
[    5.030304] ACPI: button: Power Button [PWRF]
[    5.034380] acpi/hmat: HMAT: Memory (0x0 length 0x80000000) Flags:0003 Processor Domain:0 Memory Domain:0
[    5.034388] acpi/hmat: HMAT: Memory (0x100000000 length 0xf80000000) Flags:0003 Processor Domain:0 Memory Domain:0
[    5.034392] acpi/hmat: HMAT: Memory (0x2080000000 length 0x7e00000000) Flags:0003 Processor Domain:0 Memory Domain:2
[    5.034396] acpi/hmat: HMAT: Memory (0x1080000000 length 0x1000000000) Flags:0003 Processor Domain:1 Memory Domain:1
[    5.034399] acpi/hmat: HMAT: Memory (0x9e80000000 length 0x7e00000000) Flags:0003 Processor Domain:1 Memory Domain:3
[    5.034404] acpi/hmat: HMAT: Locality: Flags:00 Type:Read Latency Initiator Domains:2 Target Domains:4 Base:100
[    5.034410] acpi/hmat:   Initiator-Target[0-0]:7600 nsec
[    5.034413] acpi/hmat:   Initiator-Target[0-1]:13560 nsec
[    5.034417] acpi/hmat:   Initiator-Target[0-2]:25350 nsec
[    5.034419] acpi/hmat:   Initiator-Target[0-3]:31600 nsec
[    5.034421] acpi/hmat:   Initiator-Target[1-0]:13560 nsec
[    5.034424] acpi/hmat:   Initiator-Target[1-1]:7600 nsec
[    5.034426] acpi/hmat:   Initiator-Target[1-2]:31600 nsec
[    5.034429] acpi/hmat:   Initiator-Target[1-3]:25350 nsec
[    5.034431] acpi/hmat: HMAT: Locality: Flags:00 Type:Write Latency Initiator Domains:2 Target Domains:4 Base:100
[    5.034435] acpi/hmat:   Initiator-Target[0-0]:7600 nsec
[    5.034438] acpi/hmat:   Initiator-Target[0-1]:13560 nsec
[    5.034441] acpi/hmat:   Initiator-Target[0-2]:25350 nsec
[    5.034443] acpi/hmat:   Initiator-Target[0-3]:31600 nsec
[    5.034445] acpi/hmat:   Initiator-Target[1-0]:13560 nsec
[    5.034448] acpi/hmat:   Initiator-Target[1-1]:7600 nsec
[    5.034450] acpi/hmat:   Initiator-Target[1-2]:31600 nsec
[    5.034452] acpi/hmat:   Initiator-Target[1-3]:25350 nsec
[    5.034455] acpi/hmat: HMAT: Locality: Flags:00 Type:Read Bandwidth Initiator Domains:2 Target Domains:4 Base:1
[    5.034459] acpi/hmat:   Initiator-Target[0-0]:1790 MB/s
[    5.034461] acpi/hmat:   Initiator-Target[0-1]:1790 MB/s
[    5.034463] acpi/hmat:   Initiator-Target[0-2]:463 MB/s
[    5.034466] acpi/hmat:   Initiator-Target[0-3]:463 MB/s
[    5.034469] acpi/hmat:   Initiator-Target[1-0]:1790 MB/s
[    5.034471] acpi/hmat:   Initiator-Target[1-1]:1790 MB/s
[    5.034473] acpi/hmat:   Initiator-Target[1-2]:463 MB/s
[    5.034475] acpi/hmat:   Initiator-Target[1-3]:463 MB/s
[    5.034478] acpi/hmat: HMAT: Locality: Flags:00 Type:Write Bandwidth Initiator Domains:2 Target Domains:4 Base:1
[    5.034481] acpi/hmat:   Initiator-Target[0-0]:1910 MB/s
[    5.034484] acpi/hmat:   Initiator-Target[0-1]:1910 MB/s
[    5.034486] acpi/hmat:   Initiator-Target[0-2]:138 MB/s
[    5.034488] acpi/hmat:   Initiator-Target[0-3]:138 MB/s
[    5.034491] acpi/hmat:   Initiator-Target[1-0]:1910 MB/s
[    5.034493] acpi/hmat:   Initiator-Target[1-1]:1910 MB/s
[    5.034495] acpi/hmat:   Initiator-Target[1-2]:138 MB/s
[    5.034498] acpi/hmat:   Initiator-Target[1-3]:138 MB/s
[    5.035322] ERST: Error Record Serialization Table (ERST) support is initialized.
[    5.035328] pstore: Registered erst as persistent store backend
[    5.035966] GHES: APEI firmware first mode is enabled by APEI bit and WHEA _OSC.
[    5.036339] Serial: 8250/16550 driver, 32 ports, IRQ sharing enabled
[    5.057204] 00:02: ttyS1 at I/O 0x2f8 (irq = 3, base_baud = 115200) is a 16550A
[    5.140451] 00:03: ttyS0 at I/O 0x3f8 (irq = 4, base_baud = 115200) is a 16550A
[    5.206568] Linux agpgart interface v0.103
[    5.224783] loop: module loaded
[    5.225690] tun: Universal TUN/TAP device driver, 1.6
[    5.225740] PPP generic driver version 2.4.2
[    5.225843] VFIO - User Level meta-driver version: 0.3
[    5.226082] ehci_hcd: USB 2.0 'Enhanced' Host Controller (EHCI) Driver
[    5.226088] ehci-pci: EHCI PCI platform driver
[    5.226159] ehci-platform: EHCI generic platform driver
[    5.226174] ohci_hcd: USB 1.1 'Open' Host Controller (OHCI) Driver
[    5.226179] ohci-pci: OHCI PCI platform driver
[    5.226243] ohci-platform: OHCI generic platform driver
[    5.226256] uhci_hcd: USB Universal Host Controller Interface driver
[    5.226374] i8042: PNP: No PS/2 controller found.
[    5.226462] mousedev: PS/2 mouse device common for all mice
[    5.226609] rtc_cmos 00:00: RTC can wake from S4
[    5.227128] rtc_cmos 00:00: registered as rtc0
[    5.227228] rtc_cmos 00:00: setting system clock to 2023-12-20T14:05:19 UTC (1703081119)
[    5.227265] rtc_cmos 00:00: alarms up to one month, y3k, 114 bytes nvram, hpet irqs
[    5.227283] i2c_dev: i2c /dev entries driver
[    5.230783] device-mapper: core: CONFIG_IMA_DISABLE_HTABLE is disabled. Duplicate IMA measurements will not be recorded in the IMA log.
[    5.230856] device-mapper: uevent: version 1.0.3
[    5.230958] device-mapper: ioctl: 4.45.0-ioctl (2021-03-22) initialised: dm-devel@redhat.com
[    5.230995] platform eisa.0: Probing EISA bus 0
[    5.231000] platform eisa.0: EISA: Cannot allocate resource for mainboard
[    5.231004] platform eisa.0: Cannot allocate resource for EISA slot 1
[    5.231007] platform eisa.0: Cannot allocate resource for EISA slot 2
[    5.231010] platform eisa.0: Cannot allocate resource for EISA slot 3
[    5.231012] platform eisa.0: Cannot allocate resource for EISA slot 4
[    5.231015] platform eisa.0: Cannot allocate resource for EISA slot 5
[    5.231018] platform eisa.0: Cannot allocate resource for EISA slot 6
[    5.231021] platform eisa.0: Cannot allocate resource for EISA slot 7
[    5.231024] platform eisa.0: Cannot allocate resource for EISA slot 8
[    5.231027] platform eisa.0: EISA: Detected 0 cards
[    5.231043] intel_pstate: P-states controlled by the platform
[    5.234032] ledtrig-cpu: registered to indicate activity on CPUs
[    5.234083] vesafb: mode is 1280x1024x32, linelength=5120, pages=0
[    5.234087] vesafb: scrolling: redraw
[    5.234089] vesafb: Truecolor: size=8:8:8:8, shift=24:16:8:0
[    5.234141] vesafb: framebuffer at 0x91000000, mapped to 0x00000000825cd0a2, using 5120k, total 5120k
[    5.234318] Console: switching to colour frame buffer device 160x64
[    5.421353] fb0: VESA VGA frame buffer device
[    5.421918] drop_monitor: Initializing network drop monitor service
[    5.422334] NET: Registered PF_INET6 protocol family
[    5.996889] tsc: Refined TSC clocksource calibration: 2992.967 MHz
[    5.996946] clocksource: tsc: mask: 0xffffffffffffffff max_cycles: 0x2b2451403c2, max_idle_ns: 440795229189 ns
[    5.997220] clocksource: Switched to clocksource tsc
[    8.287222] Freeing initrd memory: 820792K
[    8.300446] Segment Routing with IPv6
[    8.300491] In-situ OAM (IOAM) with IPv6
[    8.300564] NET: Registered PF_PACKET protocol family
[    8.300649] Key type dns_resolver registered
[    8.321497] microcode: sig=0x606a6, pf=0x1, revision=0xd0003b9
[    8.324645] microcode: Microcode Update Driver: v2.2.
[    8.328982] resctrl: L3 allocation detected
[    8.328989] resctrl: MB allocation detected
