[    0.000000] microcode: microcode updated early to revision 0xd0003b9, date = 2023-09-01
[    0.000000] Linux version 5.15.19-memtis (xmu@xmu-PowerEdge-R750) (gcc (Ubuntu 8.4.0-3ubuntu2) 8.4.0, GNU ld (GNU Binutils for Ubuntu) 2.34) #1 SMP Sat Dec 16 14:33:02 CST 2023
[    0.000000] Command line: BOOT_IMAGE=/boot/vmlinuz-5.15.19-memtis root=UUID=227abe24-d21b-4f64-839d-812ac630a4f4 ro systemd.unified_cgroup_hierarchy=yes quiet splash vt.handoff=7
[    0.000000] KERNEL supported cpus:
[    0.000000]   Intel GenuineIntel
[    0.000000]   AMD AuthenticAMD
[    0.000000]   Hygon HygonGenuine
[    0.000000]   Centaur CentaurHauls
[    0.000000]   zhaoxin   Shanghai  
[    0.000000] x86/split lock detection: #AC: crashing the kernel on kernel split_locks and warning on user-space split_locks
[    0.000000] x86/fpu: Supporting XSAVE feature 0x001: 'x87 floating point registers'
[    0.000000] x86/fpu: Supporting XSAVE feature 0x002: 'SSE registers'
[    0.000000] x86/fpu: Supporting XSAVE feature 0x004: 'AVX registers'
[    0.000000] x86/fpu: Supporting XSAVE feature 0x020: 'AVX-512 opmask'
[    0.000000] x86/fpu: Supporting XSAVE feature 0x040: 'AVX-512 Hi256'
[    0.000000] x86/fpu: Supporting XSAVE feature 0x080: 'AVX-512 ZMM_Hi256'
[    0.000000] x86/fpu: Supporting XSAVE feature 0x200: 'Protection Keys User registers'
[    0.000000] x86/fpu: xstate_offset[2]:  576, xstate_sizes[2]:  256
[    0.000000] x86/fpu: xstate_offset[5]:  832, xstate_sizes[5]:   64
[    0.000000] x86/fpu: xstate_offset[6]:  896, xstate_sizes[6]:  512
[    0.000000] x86/fpu: xstate_offset[7]: 1408, xstate_sizes[7]: 1024
[    0.000000] x86/fpu: xstate_offset[9]: 2432, xstate_sizes[9]:    8
[    0.000000] x86/fpu: Enabled xstate features 0x2e7, context size is 2440 bytes, using 'compacted' format.
[    0.000000] signal: max sigframe size: 3632
[    0.000000] BIOS-provided physical RAM map:
[    0.000000] BIOS-e820: [mem 0x0000000000000000-0x000000000009dfff] usable
[    0.000000] BIOS-e820: [mem 0x000000000009e000-0x000000000009ffff] reserved
[    0.000000] BIOS-e820: [mem 0x00000000000e0000-0x00000000000fffff] reserved
[    0.000000] BIOS-e820: [mem 0x0000000000100000-0x000000004a42afff] usable
[    0.000000] BIOS-e820: [mem 0x000000004a42b000-0x000000004b42afff] ACPI NVS
[    0.000000] BIOS-e820: [mem 0x000000004b42b000-0x000000004b86dfff] usable
[    0.000000] BIOS-e820: [mem 0x000000004b86e000-0x000000004baecfff] ACPI data
[    0.000000] BIOS-e820: [mem 0x000000004baed000-0x000000004c20efff] usable
[    0.000000] BIOS-e820: [mem 0x000000004c20f000-0x000000004c314fff] reserved
[    0.000000] BIOS-e820: [mem 0x000000004c315000-0x0000000051afffff] usable
[    0.000000] BIOS-e820: [mem 0x0000000051b00000-0x0000000051b00fff] reserved
[    0.000000] BIOS-e820: [mem 0x0000000051b01000-0x000000005eefdfff] usable
[    0.000000] BIOS-e820: [mem 0x000000005eefe000-0x000000006e3fefff] reserved
[    0.000000] BIOS-e820: [mem 0x000000006e3ff000-0x000000006f3fefff] ACPI NVS
[    0.000000] BIOS-e820: [mem 0x000000006f3ff000-0x000000006f7fefff] ACPI data
[    0.000000] BIOS-e820: [mem 0x000000006f7ff000-0x000000006f7fffff] usable
[    0.000000] BIOS-e820: [mem 0x000000006f800000-0x000000008fffffff] reserved
[    0.000000] BIOS-e820: [mem 0x00000000fd000000-0x00000000fe7fffff] reserved
[    0.000000] BIOS-e820: [mem 0x00000000fec00000-0x00000000fec00fff] reserved
[    0.000000] BIOS-e820: [mem 0x00000000fec80000-0x00000000fed00fff] reserved
[    0.000000] BIOS-e820: [mem 0x00000000fed40000-0x00000000fed44fff] reserved
[    0.000000] BIOS-e820: [mem 0x00000000ff000000-0x00000000ffffffff] reserved
[    0.000000] BIOS-e820: [mem 0x0000000100000000-0x000000207fffffff] usable
[    0.000000] BIOS-e820: [mem 0x0000002080000000-0x0000011c7fffffff] persistent (type 7)
[    0.000000] BIOS-e820: [mem 0x000037fc00000000-0x000037ffffffffff] reserved
[    0.000000] NX (Execute Disable) protection: active
[    0.000000] SMBIOS 3.3 present.
[    0.000000] DMI: Dell Inc. PowerEdge R750/0WT8Y6, BIOS 1.5.4 12/17/2021
[    0.000000] tsc: Detected 3000.000 MHz processor
[    0.021160] e820: update [mem 0x00000000-0x00000fff] usable ==> reserved
[    0.021301] e820: remove [mem 0x000a0000-0x000fffff] usable
[    0.021590] last_pfn = 0x2080000 max_arch_pfn = 0x10000000000
[    0.027234] x86/PAT: Configuration [0-7]: WB  WC  UC- UC  WB  WP  UC- WT  
[    0.062287] total RAM covered: 2095088M
[    0.066000]  gran_size: 64K 	chunk_size: 64K 	num_reg: 10  	lose cover RAM: 2016G
[    0.066097]  gran_size: 64K 	chunk_size: 128K 	num_reg: 10  	lose cover RAM: 2016G
[    0.066146]  gran_size: 64K 	chunk_size: 256K 	num_reg: 10  	lose cover RAM: 2016G
[    0.066240]  gran_size: 64K 	chunk_size: 512K 	num_reg: 10  	lose cover RAM: 2016G
[    0.066289]  gran_size: 64K 	chunk_size: 1M 	num_reg: 10  	lose cover RAM: 2016G
[    0.066338]  gran_size: 64K 	chunk_size: 2M 	num_reg: 10  	lose cover RAM: 2016G
[    0.066387]  gran_size: 64K 	chunk_size: 4M 	num_reg: 10  	lose cover RAM: 2016G
[    0.066436]  gran_size: 64K 	chunk_size: 8M 	num_reg: 10  	lose cover RAM: 2016G
[    0.066529]  gran_size: 64K 	chunk_size: 16M 	num_reg: 10  	lose cover RAM: 2016G
[    0.066578]  gran_size: 64K 	chunk_size: 32M 	num_reg: 10  	lose cover RAM: 1024G
[    0.066627]  gran_size: 64K 	chunk_size: 64M 	num_reg: 10  	lose cover RAM: 1024G
[    0.066676]  gran_size: 64K 	chunk_size: 128M 	num_reg: 10  	lose cover RAM: 1024G
[    0.066726]  gran_size: 64K 	chunk_size: 256M 	num_reg: 10  	lose cover RAM: 1024G
[    0.066774]  gran_size: 64K 	chunk_size: 512M 	num_reg: 10  	lose cover RAM: 1024G
[    0.066865]  gran_size: 64K 	chunk_size: 1G 	num_reg: 10  	lose cover RAM: 1024G
[    0.066914]  gran_size: 64K 	chunk_size: 2G 	num_reg: 10  	lose cover RAM: 1024G
[    0.066963]  gran_size: 128K 	chunk_size: 128K 	num_reg: 10  	lose cover RAM: 2016G
[    0.067013]  gran_size: 128K 	chunk_size: 256K 	num_reg: 10  	lose cover RAM: 2016G
[    0.067062]  gran_size: 128K 	chunk_size: 512K 	num_reg: 10  	lose cover RAM: 2016G
[    0.067155]  gran_size: 128K 	chunk_size: 1M 	num_reg: 10  	lose cover RAM: 2016G
[    0.067204]  gran_size: 128K 	chunk_size: 2M 	num_reg: 10  	lose cover RAM: 2016G
[    0.067253]  gran_size: 128K 	chunk_size: 4M 	num_reg: 10  	lose cover RAM: 2016G
[    0.067301]  gran_size: 128K 	chunk_size: 8M 	num_reg: 10  	lose cover RAM: 2016G
[    0.067351]  gran_size: 128K 	chunk_size: 16M 	num_reg: 10  	lose cover RAM: 2016G
[    0.067400]  gran_size: 128K 	chunk_size: 32M 	num_reg: 10  	lose cover RAM: 1024G
[    0.067492]  gran_size: 128K 	chunk_size: 64M 	num_reg: 10  	lose cover RAM: 1024G
[    0.067541]  gran_size: 128K 	chunk_size: 128M 	num_reg: 10  	lose cover RAM: 1024G
[    0.067591]  gran_size: 128K 	chunk_size: 256M 	num_reg: 10  	lose cover RAM: 1024G
[    0.067641]  gran_size: 128K 	chunk_size: 512M 	num_reg: 10  	lose cover RAM: 1024G
[    0.067734]  gran_size: 128K 	chunk_size: 1G 	num_reg: 10  	lose cover RAM: 1024G
[    0.067783]  gran_size: 128K 	chunk_size: 2G 	num_reg: 10  	lose cover RAM: 1024G
[    0.067832]  gran_size: 256K 	chunk_size: 256K 	num_reg: 10  	lose cover RAM: 2016G
[    0.067881]  gran_size: 256K 	chunk_size: 512K 	num_reg: 10  	lose cover RAM: 2016G
[    0.067930]  gran_size: 256K 	chunk_size: 1M 	num_reg: 10  	lose cover RAM: 2016G
[    0.068023]  gran_size: 256K 	chunk_size: 2M 	num_reg: 10  	lose cover RAM: 2016G
[    0.068071]  gran_size: 256K 	chunk_size: 4M 	num_reg: 10  	lose cover RAM: 2016G
[    0.068120]  gran_size: 256K 	chunk_size: 8M 	num_reg: 10  	lose cover RAM: 2016G
[    0.068169]  gran_size: 256K 	chunk_size: 16M 	num_reg: 10  	lose cover RAM: 2016G
[    0.068218]  gran_size: 256K 	chunk_size: 32M 	num_reg: 10  	lose cover RAM: 1024G
[    0.068267]  gran_size: 256K 	chunk_size: 64M 	num_reg: 10  	lose cover RAM: 1024G
[    0.068314]  gran_size: 256K 	chunk_size: 128M 	num_reg: 10  	lose cover RAM: 1024G
[    0.068407]  gran_size: 256K 	chunk_size: 256M 	num_reg: 10  	lose cover RAM: 1024G
[    0.068457]  gran_size: 256K 	chunk_size: 512M 	num_reg: 10  	lose cover RAM: 1024G
[    0.068506]  gran_size: 256K 	chunk_size: 1G 	num_reg: 10  	lose cover RAM: 1024G
[    0.068555]  gran_size: 256K 	chunk_size: 2G 	num_reg: 10  	lose cover RAM: 1024G
[    0.068604]  gran_size: 512K 	chunk_size: 512K 	num_reg: 10  	lose cover RAM: 2016G
[    0.068653]  gran_size: 512K 	chunk_size: 1M 	num_reg: 10  	lose cover RAM: 2016G
[    0.068746]  gran_size: 512K 	chunk_size: 2M 	num_reg: 10  	lose cover RAM: 2016G
[    0.068794]  gran_size: 512K 	chunk_size: 4M 	num_reg: 10  	lose cover RAM: 2016G
[    0.068843]  gran_size: 512K 	chunk_size: 8M 	num_reg: 10  	lose cover RAM: 2016G
[    0.068892]  gran_size: 512K 	chunk_size: 16M 	num_reg: 10  	lose cover RAM: 2016G
[    0.068941]  gran_size: 512K 	chunk_size: 32M 	num_reg: 10  	lose cover RAM: 1024G
[    0.068990]  gran_size: 512K 	chunk_size: 64M 	num_reg: 10  	lose cover RAM: 1024G
[    0.069039]  gran_size: 512K 	chunk_size: 128M 	num_reg: 10  	lose cover RAM: 1024G
[    0.069130]  gran_size: 512K 	chunk_size: 256M 	num_reg: 10  	lose cover RAM: 1024G
[    0.069179]  gran_size: 512K 	chunk_size: 512M 	num_reg: 10  	lose cover RAM: 1024G
[    0.069227]  gran_size: 512K 	chunk_size: 1G 	num_reg: 10  	lose cover RAM: 1024G
[    0.069276]  gran_size: 512K 	chunk_size: 2G 	num_reg: 10  	lose cover RAM: 1024G
[    0.069325]  gran_size: 1M 	chunk_size: 1M 	num_reg: 10  	lose cover RAM: 2016G
[    0.069374]  gran_size: 1M 	chunk_size: 2M 	num_reg: 10  	lose cover RAM: 2016G
[    0.069468]  gran_size: 1M 	chunk_size: 4M 	num_reg: 10  	lose cover RAM: 2016G
[    0.069516]  gran_size: 1M 	chunk_size: 8M 	num_reg: 10  	lose cover RAM: 2016G
[    0.069566]  gran_size: 1M 	chunk_size: 16M 	num_reg: 10  	lose cover RAM: 2016G
[    0.069615]  gran_size: 1M 	chunk_size: 32M 	num_reg: 10  	lose cover RAM: 1024G
[    0.069664]  gran_size: 1M 	chunk_size: 64M 	num_reg: 10  	lose cover RAM: 1024G
[    0.069756]  gran_size: 1M 	chunk_size: 128M 	num_reg: 10  	lose cover RAM: 1024G
[    0.069805]  gran_size: 1M 	chunk_size: 256M 	num_reg: 10  	lose cover RAM: 1024G
[    0.069854]  gran_size: 1M 	chunk_size: 512M 	num_reg: 10  	lose cover RAM: 1024G
[    0.069903]  gran_size: 1M 	chunk_size: 1G 	num_reg: 10  	lose cover RAM: 1024G
[    0.069951]  gran_size: 1M 	chunk_size: 2G 	num_reg: 10  	lose cover RAM: 1024G
[    0.070000]  gran_size: 2M 	chunk_size: 2M 	num_reg: 10  	lose cover RAM: 2016G
[    0.070094]  gran_size: 2M 	chunk_size: 4M 	num_reg: 10  	lose cover RAM: 2016G
[    0.070143]  gran_size: 2M 	chunk_size: 8M 	num_reg: 10  	lose cover RAM: 2016G
[    0.070192]  gran_size: 2M 	chunk_size: 16M 	num_reg: 10  	lose cover RAM: 2016G
[    0.070241]  gran_size: 2M 	chunk_size: 32M 	num_reg: 10  	lose cover RAM: 1024G
[    0.070290]  gran_size: 2M 	chunk_size: 64M 	num_reg: 10  	lose cover RAM: 1024G
[    0.070382]  gran_size: 2M 	chunk_size: 128M 	num_reg: 10  	lose cover RAM: 1024G
[    0.070431]  gran_size: 2M 	chunk_size: 256M 	num_reg: 10  	lose cover RAM: 1024G
[    0.070480]  gran_size: 2M 	chunk_size: 512M 	num_reg: 10  	lose cover RAM: 1024G
[    0.070528]  gran_size: 2M 	chunk_size: 1G 	num_reg: 10  	lose cover RAM: 1024G
[    0.070577]  gran_size: 2M 	chunk_size: 2G 	num_reg: 10  	lose cover RAM: 1024G
[    0.070626]  gran_size: 4M 	chunk_size: 4M 	num_reg: 10  	lose cover RAM: 2016G
[    0.070675]  gran_size: 4M 	chunk_size: 8M 	num_reg: 10  	lose cover RAM: 2016G
[    0.070768]  gran_size: 4M 	chunk_size: 16M 	num_reg: 10  	lose cover RAM: 2016G
[    0.070817]  gran_size: 4M 	chunk_size: 32M 	num_reg: 10  	lose cover RAM: 1024G
[    0.070866]  gran_size: 4M 	chunk_size: 64M 	num_reg: 10  	lose cover RAM: 1024G
[    0.070915]  gran_size: 4M 	chunk_size: 128M 	num_reg: 10  	lose cover RAM: 1024G
[    0.070964]  gran_size: 4M 	chunk_size: 256M 	num_reg: 10  	lose cover RAM: 1024G
[    0.071013]  gran_size: 4M 	chunk_size: 512M 	num_reg: 10  	lose cover RAM: 1024G
[    0.071062]  gran_size: 4M 	chunk_size: 1G 	num_reg: 10  	lose cover RAM: 1024G
[    0.071111]  gran_size: 4M 	chunk_size: 2G 	num_reg: 10  	lose cover RAM: 1024G
[    0.071203]  gran_size: 8M 	chunk_size: 8M 	num_reg: 10  	lose cover RAM: 2016G
[    0.071252]  gran_size: 8M 	chunk_size: 16M 	num_reg: 10  	lose cover RAM: 2016G
[    0.071301]  gran_size: 8M 	chunk_size: 32M 	num_reg: 10  	lose cover RAM: 1024G
[    0.071350]  gran_size: 8M 	chunk_size: 64M 	num_reg: 10  	lose cover RAM: 1024G
[    0.071398]  gran_size: 8M 	chunk_size: 128M 	num_reg: 10  	lose cover RAM: 1024G
[    0.071447]  gran_size: 8M 	chunk_size: 256M 	num_reg: 10  	lose cover RAM: 1024G
[    0.071496]  gran_size: 8M 	chunk_size: 512M 	num_reg: 10  	lose cover RAM: 1024G
[    0.071589]  gran_size: 8M 	chunk_size: 1G 	num_reg: 10  	lose cover RAM: 1024G
[    0.071637]  gran_size: 8M 	chunk_size: 2G 	num_reg: 10  	lose cover RAM: 1024G
[    0.071686]  gran_size: 16M 	chunk_size: 16M 	num_reg: 10  	lose cover RAM: 2016G
[    0.071735]  gran_size: 16M 	chunk_size: 32M 	num_reg: 10  	lose cover RAM: 1024G
[    0.071784]  gran_size: 16M 	chunk_size: 64M 	num_reg: 10  	lose cover RAM: 1024G
[    0.071833]  gran_size: 16M 	chunk_size: 128M 	num_reg: 10  	lose cover RAM: 1024G
[    0.071927]  gran_size: 16M 	chunk_size: 256M 	num_reg: 10  	lose cover RAM: 1024G
[    0.071974]  gran_size: 16M 	chunk_size: 512M 	num_reg: 10  	lose cover RAM: 1024G
[    0.072023]  gran_size: 16M 	chunk_size: 1G 	num_reg: 10  	lose cover RAM: 1024G
[    0.072073]  gran_size: 16M 	chunk_size: 2G 	num_reg: 10  	lose cover RAM: 1024G
[    0.072122]  gran_size: 32M 	chunk_size: 32M 	num_reg: 10  	lose cover RAM: 2031632M
[    0.072216]  gran_size: 32M 	chunk_size: 64M 	num_reg: 10  	lose cover RAM: 1048592M
[    0.072265]  gran_size: 32M 	chunk_size: 128M 	num_reg: 10  	lose cover RAM: 1048592M
[    0.072314]  gran_size: 32M 	chunk_size: 256M 	num_reg: 10  	lose cover RAM: 1048592M
[    0.072363]  gran_size: 32M 	chunk_size: 512M 	num_reg: 10  	lose cover RAM: 1048592M
[    0.072412]  gran_size: 32M 	chunk_size: 1G 	num_reg: 10  	lose cover RAM: 1048592M
[    0.072505]  gran_size: 32M 	chunk_size: 2G 	num_reg: 10  	lose cover RAM: 1048592M
[    0.072552]  gran_size: 64M 	chunk_size: 64M 	num_reg: 10  	lose cover RAM: 1966128M
[    0.072601]  gran_size: 64M 	chunk_size: 128M 	num_reg: 10  	lose cover RAM: 1048624M
[    0.072650]  gran_size: 64M 	chunk_size: 256M 	num_reg: 10  	lose cover RAM: 1048624M
[    0.072699]  gran_size: 64M 	chunk_size: 512M 	num_reg: 10  	lose cover RAM: 1048624M
[    0.072748]  gran_size: 64M 	chunk_size: 1G 	num_reg: 10  	lose cover RAM: 1048624M
[    0.072841]  gran_size: 64M 	chunk_size: 2G 	num_reg: 10  	lose cover RAM: 1048624M
[    0.072890]  gran_size: 128M 	chunk_size: 128M 	num_reg: 10  	lose cover RAM: 1835120M
[    0.072939]  gran_size: 128M 	chunk_size: 256M 	num_reg: 10  	lose cover RAM: 1048688M
[    0.072987]  gran_size: 128M 	chunk_size: 512M 	num_reg: 10  	lose cover RAM: 1048688M
[    0.073080]  gran_size: 128M 	chunk_size: 1G 	num_reg: 10  	lose cover RAM: 1048688M
[    0.073128]  gran_size: 128M 	chunk_size: 2G 	num_reg: 10  	lose cover RAM: 1048688M
[    0.073177]  gran_size: 256M 	chunk_size: 256M 	num_reg: 10  	lose cover RAM: 1573104M
[    0.073226]  gran_size: 256M 	chunk_size: 512M 	num_reg: 10  	lose cover RAM: 1048816M
[    0.073275]  gran_size: 256M 	chunk_size: 1G 	num_reg: 10  	lose cover RAM: 1048816M
[    0.073368]  gran_size: 256M 	chunk_size: 2G 	num_reg: 10  	lose cover RAM: 1048816M
[    0.073416]  gran_size: 512M 	chunk_size: 512M 	num_reg: 10  	lose cover RAM: 1049072M
[    0.073465]  gran_size: 512M 	chunk_size: 1G 	num_reg: 10  	lose cover RAM: 1049072M
[    0.073514]  gran_size: 512M 	chunk_size: 2G 	num_reg: 10  	lose cover RAM: 1049072M
[    0.073563]  gran_size: 1G 	chunk_size: 1G 	num_reg: 10  	lose cover RAM: 1008M
[    0.073612]  gran_size: 1G 	chunk_size: 2G 	num_reg: 10  	lose cover RAM: 1008M
[    0.073661]  gran_size: 2G 	chunk_size: 2G 	num_reg: 9  	lose cover RAM: 2032M
[    0.073752] mtrr_cleanup: can not find optimal value
[    0.073755] please specify mtrr_gran_size/mtrr_chunk_size
[    0.073850] e820: update [mem 0x7f000000-0xffffffff] usable ==> reserved
[    0.074038] last_pfn = 0x6f800 max_arch_pfn = 0x10000000000
[    0.353769] Using GB pages for direct mapping
[    0.354906] RAMDISK: [mem 0x05e61000-0x37feefff]
[    0.354917] ACPI: Early table checksum verification disabled
[    0.354924] ACPI: RSDP 0x00000000000FE320 000024 (v02 DELL  )
[    0.354931] ACPI: XSDT 0x000000006F41C188 0000FC (v01 DELL   PE_SC3   00000000 DELL 01000013)
[    0.354942] ACPI: FACP 0x000000006F42F000 000114 (v06 DELL   PE_SC3   00000000 DELL 00000001)
[    0.354952] ACPI: DSDT 0x000000004BA6D000 07FAD3 (v02 DELL   PE_SC3   00000003 DELL 00000001)
[    0.354957] ACPI: FACS 0x000000006F332000 000040
[    0.354963] ACPI: SSDT 0x000000006F7FB000 001571 (v02 INTEL  RAS_ACPI 00000001 INTL 20210331)
[    0.354968] ACPI: SSDT 0x000000006F7FA000 000745 (v02 INTEL  ADDRXLAT 00000001 INTL 20210331)
[    0.354974] ACPI: MCEJ 0x000000006F7F9000 000130 (v01 INTEL           00000001 INTL 0100000D)
[    0.354979] ACPI: EINJ 0x000000006F7F8000 000150 (v01 DELL   PE_SC3   00000001 INTL 00000001)
[    0.354984] ACPI: BERT 0x000000006F7F7000 000030 (v01 DELL   PE_SC3   00000001 INTL 00000001)
[    0.354989] ACPI: ERST 0x000000006F7F6000 000230 (v01 DELL   PE_SC3   00000001 INTL 00000001)
[    0.354995] ACPI: SSDT 0x000000006F430000 3C524E (v02 INTEL  SSDTNVDR 00001000 INTL 20210331)
[    0.355000] ACPI: HMAT 0x000000006F42E000 000210 (v01 DELL   PE_SC3   00000001 DELL 00000001)
[    0.355005] ACPI: HPET 0x000000006F42D000 000038 (v01 DELL   PE_SC3   00000001 DELL 00000001)
[    0.355010] ACPI: MCFG 0x000000006F42C000 00003C (v01 DELL   PE_SC3   00000001 DELL 00000001)
[    0.355015] ACPI: MIGT 0x000000006F42B000 000040 (v01 DELL   PE_SC3   00000000 DELL 00000001)
[    0.355020] ACPI: MSCT 0x000000006F42A000 000090 (v01 DELL   PE_SC3   00000001 DELL 00000001)
[    0.355025] ACPI: PMTT 0x000000006F428000 0011E8 (v02 DELL   PE_SC3   00000001 DELL 00000001)
[    0.355031] ACPI: WSMT 0x000000006F427000 000028 (v01 DELL   PE_SC3   00000000 DELL 00000001)
[    0.355036] ACPI: APIC 0x000000006F426000 0001DE (v04 DELL   PE_SC3   00000000 DELL 00000001)
[    0.355041] ACPI: SLIT 0x000000006F425000 00003C (v01 DELL   PE_SC3   00000001 DELL 01000013)
[    0.355046] ACPI: SRAT 0x000000006F41E000 006430 (v03 DELL   PE_SC3   00000002 DELL 01000013)
[    0.355051] ACPI: OEM4 0x000000004B8E5000 187A61 (v02 INTEL  CPU  CST 00003000 INTL 20210331)
[    0.355057] ACPI: SSDT 0x000000004B86E000 0764A5 (v02 INTEL  SSDT  PM 00004000 INTL 20210331)
[    0.355062] ACPI: SSDT 0x000000006F41D000 000A1F (v02 DELL   PE_SC3   00000000 DELL 00000001)
[    0.355067] ACPI: HEST 0x000000006F7FD000 00017C (v01 DELL   PE_SC3   00000001 INTL 00000001)
[    0.355072] ACPI: PCAT 0x000000006F41A000 00010C (v19 DELL   PE_SC3   00000002 DELL 00000001)
[    0.355077] ACPI: SSDT 0x000000006F412000 007299 (v02 INTEL  SpsNm    00000002 INTL 20210331)
[    0.355083] ACPI: SSDT 0x000000006F411000 000662 (v02 DELL   PE_SC3   00000002 DELL 00000001)
[    0.355088] ACPI: NFIT 0x000000006F41B000 000488 (v01 DELL   PE_SC3   00000002 DELL 00000001)
[    0.355093] ACPI: DMAR 0x000000006F410000 000178 (v01 DELL   PE_SC3   00000001 DELL 00000001)
[    0.355097] ACPI: Reserving FACP table memory at [mem 0x6f42f000-0x6f42f113]
[    0.355099] ACPI: Reserving DSDT table memory at [mem 0x4ba6d000-0x4baecad2]
[    0.355101] ACPI: Reserving FACS table memory at [mem 0x6f332000-0x6f33203f]
[    0.355102] ACPI: Reserving SSDT table memory at [mem 0x6f7fb000-0x6f7fc570]
[    0.355103] ACPI: Reserving SSDT table memory at [mem 0x6f7fa000-0x6f7fa744]
[    0.355105] ACPI: Reserving MCEJ table memory at [mem 0x6f7f9000-0x6f7f912f]
[    0.355106] ACPI: Reserving EINJ table memory at [mem 0x6f7f8000-0x6f7f814f]
[    0.355107] ACPI: Reserving BERT table memory at [mem 0x6f7f7000-0x6f7f702f]
[    0.355109] ACPI: Reserving ERST table memory at [mem 0x6f7f6000-0x6f7f622f]
[    0.355110] ACPI: Reserving SSDT table memory at [mem 0x6f430000-0x6f7f524d]
[    0.355111] ACPI: Reserving HMAT table memory at [mem 0x6f42e000-0x6f42e20f]
[    0.355113] ACPI: Reserving HPET table memory at [mem 0x6f42d000-0x6f42d037]
[    0.355114] ACPI: Reserving MCFG table memory at [mem 0x6f42c000-0x6f42c03b]
[    0.355116] ACPI: Reserving MIGT table memory at [mem 0x6f42b000-0x6f42b03f]
[    0.355117] ACPI: Reserving MSCT table memory at [mem 0x6f42a000-0x6f42a08f]
[    0.355118] ACPI: Reserving PMTT table memory at [mem 0x6f428000-0x6f4291e7]
[    0.355120] ACPI: Reserving WSMT table memory at [mem 0x6f427000-0x6f427027]
[    0.355121] ACPI: Reserving APIC table memory at [mem 0x6f426000-0x6f4261dd]
[    0.355122] ACPI: Reserving SLIT table memory at [mem 0x6f425000-0x6f42503b]
[    0.355124] ACPI: Reserving SRAT table memory at [mem 0x6f41e000-0x6f42442f]
[    0.355125] ACPI: Reserving OEM4 table memory at [mem 0x4b8e5000-0x4ba6ca60]
[    0.355127] ACPI: Reserving SSDT table memory at [mem 0x4b86e000-0x4b8e44a4]
[    0.355128] ACPI: Reserving SSDT table memory at [mem 0x6f41d000-0x6f41da1e]
[    0.355130] ACPI: Reserving HEST table memory at [mem 0x6f7fd000-0x6f7fd17b]
[    0.355131] ACPI: Reserving PCAT table memory at [mem 0x6f41a000-0x6f41a10b]
[    0.355133] ACPI: Reserving SSDT table memory at [mem 0x6f412000-0x6f419298]
[    0.355134] ACPI: Reserving SSDT table memory at [mem 0x6f411000-0x6f411661]
[    0.355135] ACPI: Reserving NFIT table memory at [mem 0x6f41b000-0x6f41b487]
[    0.355137] ACPI: Reserving DMAR table memory at [mem 0x6f410000-0x6f410177]
[    0.355227] SRAT: PXM 0 -> APIC 0x00 -> Node 0
[    0.355230] SRAT: PXM 0 -> APIC 0x01 -> Node 0
[    0.355231] SRAT: PXM 0 -> APIC 0x02 -> Node 0
[    0.355232] SRAT: PXM 0 -> APIC 0x03 -> Node 0
[    0.355233] SRAT: PXM 0 -> APIC 0x04 -> Node 0
[    0.355234] SRAT: PXM 0 -> APIC 0x05 -> Node 0
[    0.355235] SRAT: PXM 0 -> APIC 0x06 -> Node 0
[    0.355237] SRAT: PXM 0 -> APIC 0x07 -> Node 0
[    0.355238] SRAT: PXM 0 -> APIC 0x08 -> Node 0
[    0.355239] SRAT: PXM 0 -> APIC 0x09 -> Node 0
[    0.355240] SRAT: PXM 0 -> APIC 0x0a -> Node 0
[    0.355241] SRAT: PXM 0 -> APIC 0x0b -> Node 0
[    0.355242] SRAT: PXM 0 -> APIC 0x0c -> Node 0
[    0.355243] SRAT: PXM 0 -> APIC 0x0d -> Node 0
[    0.355244] SRAT: PXM 0 -> APIC 0x0e -> Node 0
[    0.355245] SRAT: PXM 0 -> APIC 0x0f -> Node 0
[    0.355246] SRAT: PXM 0 -> APIC 0x10 -> Node 0
[    0.355248] SRAT: PXM 0 -> APIC 0x11 -> Node 0
[    0.355249] SRAT: PXM 0 -> APIC 0x12 -> Node 0
[    0.355250] SRAT: PXM 0 -> APIC 0x13 -> Node 0
[    0.355251] SRAT: PXM 0 -> APIC 0x14 -> Node 0
[    0.355252] SRAT: PXM 0 -> APIC 0x15 -> Node 0
[    0.355253] SRAT: PXM 0 -> APIC 0x16 -> Node 0
[    0.355254] SRAT: PXM 0 -> APIC 0x17 -> Node 0
[    0.355256] SRAT: PXM 1 -> APIC 0x40 -> Node 1
[    0.355257] SRAT: PXM 1 -> APIC 0x41 -> Node 1
[    0.355258] SRAT: PXM 1 -> APIC 0x42 -> Node 1
[    0.355259] SRAT: PXM 1 -> APIC 0x43 -> Node 1
[    0.355260] SRAT: PXM 1 -> APIC 0x44 -> Node 1
[    0.355261] SRAT: PXM 1 -> APIC 0x45 -> Node 1
[    0.355262] SRAT: PXM 1 -> APIC 0x46 -> Node 1
[    0.355263] SRAT: PXM 1 -> APIC 0x47 -> Node 1
[    0.355264] SRAT: PXM 1 -> APIC 0x48 -> Node 1
[    0.355265] SRAT: PXM 1 -> APIC 0x49 -> Node 1
[    0.355267] SRAT: PXM 1 -> APIC 0x4a -> Node 1
[    0.355268] SRAT: PXM 1 -> APIC 0x4b -> Node 1
[    0.355269] SRAT: PXM 1 -> APIC 0x4c -> Node 1
[    0.355270] SRAT: PXM 1 -> APIC 0x4d -> Node 1
[    0.355271] SRAT: PXM 1 -> APIC 0x4e -> Node 1
[    0.355272] SRAT: PXM 1 -> APIC 0x4f -> Node 1
[    0.355273] SRAT: PXM 1 -> APIC 0x50 -> Node 1
[    0.355274] SRAT: PXM 1 -> APIC 0x51 -> Node 1
[    0.355275] SRAT: PXM 1 -> APIC 0x52 -> Node 1
[    0.355277] SRAT: PXM 1 -> APIC 0x53 -> Node 1
[    0.355278] SRAT: PXM 1 -> APIC 0x54 -> Node 1
[    0.355279] SRAT: PXM 1 -> APIC 0x55 -> Node 1
[    0.355280] SRAT: PXM 1 -> APIC 0x56 -> Node 1
[    0.355281] SRAT: PXM 1 -> APIC 0x57 -> Node 1
[    0.355319] ACPI: SRAT: Node 0 PXM 0 [mem 0x00000000-0x7fffffff]
[    0.355322] ACPI: SRAT: Node 0 PXM 0 [mem 0x100000000-0x107fffffff]
[    0.355324] ACPI: SRAT: Node 2 PXM 2 [mem 0x2080000000-0x9e7fffffff] non-volatile
[    0.355327] ACPI: SRAT: Node 1 PXM 1 [mem 0x1080000000-0x207fffffff]
[    0.355328] ACPI: SRAT: Node 3 PXM 3 [mem 0x9e80000000-0x11c7fffffff] non-volatile
[    0.355343] NUMA: Initialized distance table, cnt=4
[    0.355347] NUMA: Node 0 [mem 0x00000000-0x7fffffff] + [mem 0x100000000-0x107fffffff] -> [mem 0x00000000-0x107fffffff]
[    0.355364] NODE_DATA(0) allocated [mem 0x107ffd6000-0x107fffffff]
[    0.355397] NODE_DATA(1) allocated [mem 0x207ffd5000-0x207fffefff]
[    0.356007] Zone ranges:
[    0.356009]   DMA      [mem 0x0000000000001000-0x0000000000ffffff]
[    0.356012]   DMA32    [mem 0x0000000001000000-0x00000000ffffffff]
[    0.356014]   Normal   [mem 0x0000000100000000-0x000000207fffffff]
[    0.356016]   Device   empty
[    0.356018] Movable zone start for each node
[    0.356023] Early memory node ranges
[    0.356024]   node   0: [mem 0x0000000000001000-0x000000000009dfff]
[    0.356026]   node   0: [mem 0x0000000000100000-0x000000004a42afff]
[    0.356027]   node   0: [mem 0x000000004b42b000-0x000000004b86dfff]
[    0.356029]   node   0: [mem 0x000000004baed000-0x000000004c20efff]
[    0.356030]   node   0: [mem 0x000000004c315000-0x0000000051afffff]
[    0.356031]   node   0: [mem 0x0000000051b01000-0x000000005eefdfff]
[    0.356032]   node   0: [mem 0x000000006f7ff000-0x000000006f7fffff]
[    0.356033]   node   0: [mem 0x0000000100000000-0x000000107fffffff]
[    0.356039]   node   1: [mem 0x0000001080000000-0x000000207fffffff]
[    0.356047] Initmem setup node 0 [mem 0x0000000000001000-0x000000107fffffff]
[    0.356052] Initmem setup node 1 [mem 0x0000001080000000-0x000000207fffffff]
[    0.356056] On node 0, zone DMA: 1 pages in unavailable ranges
[    0.356102] On node 0, zone DMA: 98 pages in unavailable ranges
[    0.358497] On node 0, zone DMA32: 4096 pages in unavailable ranges
[    0.358520] On node 0, zone DMA32: 639 pages in unavailable ranges
[    0.358698] On node 0, zone DMA32: 262 pages in unavailable ranges
[    0.359108] On node 0, zone DMA32: 1 pages in unavailable ranges
[    0.359384] On node 0, zone DMA32: 35073 pages in unavailable ranges
[    0.483767] On node 0, zone Normal: 2048 pages in unavailable ranges
[    0.709956] ACPI: PM-Timer IO Port: 0x508
[    0.709976] ACPI: X2APIC_NMI (uid[0xffffffff] high edge lint[0x1])
[    0.709980] ACPI: LAPIC_NMI (acpi_id[0xff] high edge lint[0x1])
[    0.710001] IOAPIC[0]: apic_id 8, version 32, address 0xfec00000, GSI 0-119
[    0.710004] ACPI: INT_SRC_OVR (bus 0 bus_irq 0 global_irq 2 dfl dfl)
[    0.710008] ACPI: INT_SRC_OVR (bus 0 bus_irq 9 global_irq 9 high level)
[    0.710012] ACPI: Using ACPI (MADT) for SMP configuration information
[    0.710014] ACPI: HPET id: 0x8086a701 base: 0xfed00000
[    0.710022] TSC deadline timer available
[    0.710023] smpboot: Allowing 48 CPUs, 0 hotplug CPUs
[    0.710056] PM: hibernation: Registered nosave memory: [mem 0x00000000-0x00000fff]
[    0.710058] PM: hibernation: Registered nosave memory: [mem 0x0009e000-0x0009ffff]
[    0.710059] PM: hibernation: Registered nosave memory: [mem 0x000a0000-0x000dffff]
[    0.710060] PM: hibernation: Registered nosave memory: [mem 0x000e0000-0x000fffff]
[    0.710062] PM: hibernation: Registered nosave memory: [mem 0x4a42b000-0x4b42afff]
[    0.710063] PM: hibernation: Registered nosave memory: [mem 0x4b86e000-0x4baecfff]
[    0.710065] PM: hibernation: Registered nosave memory: [mem 0x4c20f000-0x4c314fff]
[    0.710066] PM: hibernation: Registered nosave memory: [mem 0x51b00000-0x51b00fff]
[    0.710068] PM: hibernation: Registered nosave memory: [mem 0x5eefe000-0x6e3fefff]
[    0.710069] PM: hibernation: Registered nosave memory: [mem 0x6e3ff000-0x6f3fefff]
[    0.710069] PM: hibernation: Registered nosave memory: [mem 0x6f3ff000-0x6f7fefff]
[    0.710071] PM: hibernation: Registered nosave memory: [mem 0x6f800000-0x8fffffff]
[    0.710072] PM: hibernation: Registered nosave memory: [mem 0x90000000-0xfcffffff]
[    0.710072] PM: hibernation: Registered nosave memory: [mem 0xfd000000-0xfe7fffff]
[    0.710073] PM: hibernation: Registered nosave memory: [mem 0xfe800000-0xfebfffff]
[    0.710074] PM: hibernation: Registered nosave memory: [mem 0xfec00000-0xfec00fff]
[    0.710074] PM: hibernation: Registered nosave memory: [mem 0xfec01000-0xfec7ffff]
[    0.710075] PM: hibernation: Registered nosave memory: [mem 0xfec80000-0xfed00fff]
[    0.710075] PM: hibernation: Registered nosave memory: [mem 0xfed01000-0xfed3ffff]
[    0.710076] PM: hibernation: Registered nosave memory: [mem 0xfed40000-0xfed44fff]
[    0.710077] PM: hibernation: Registered nosave memory: [mem 0xfed45000-0xfeffffff]
[    0.710077] PM: hibernation: Registered nosave memory: [mem 0xff000000-0xffffffff]
[    0.710080] [mem 0x90000000-0xfcffffff] available for PCI devices
[    0.710082] Booting paravirtualized kernel on bare hardware
[    0.710086] clocksource: refined-jiffies: mask: 0xffffffff max_cycles: 0xffffffff, max_idle_ns: 7645519600211568 ns
[    0.710096] setup_percpu: NR_CPUS:8192 nr_cpumask_bits:48 nr_cpu_ids:48 nr_node_ids:4
[    0.713635] percpu: Embedded 61 pages/cpu s212992 r8192 d28672 u262144
[    0.713646] pcpu-alloc: s212992 r8192 d28672 u262144 alloc=1*2097152
[    0.713650] pcpu-alloc: [0] 00 02 04 06 08 10 12 14 [0] 16 18 20 22 24 26 28 30 
[    0.713659] pcpu-alloc: [0] 32 34 36 38 40 42 44 46 [1] 01 03 05 07 09 11 13 15 
[    0.713667] pcpu-alloc: [1] 17 19 21 23 25 27 29 31 [1] 33 35 37 39 41 43 45 47 
[    0.713734] Built 2 zonelists, mobility grouping on.  Total pages: 32891659
[    0.713736] Policy zone: Normal
[    0.713738] Kernel command line: BOOT_IMAGE=/boot/vmlinuz-5.15.19-memtis root=UUID=227abe24-d21b-4f64-839d-812ac630a4f4 ro systemd.unified_cgroup_hierarchy=yes quiet splash vt.handoff=7
[    0.713854] Unknown kernel command line parameters "splash BOOT_IMAGE=/boot/vmlinuz-5.15.19-memtis", will be passed to user space.
[    0.713856] printk: log_buf_len individual max cpu contribution: 4096 bytes
[    0.713857] printk: log_buf_len total cpu_extra contributions: 192512 bytes
[    0.713858] printk: log_buf_len min size: 262144 bytes
[    0.714594] printk: log_buf_len: 524288 bytes
[    0.714596] printk: early log buf free: 233552(89%)
[    0.715148] mem auto-init: stack:off, heap alloc:on, heap free:off
[    1.032937] Memory: 130624260K/133655640K available (16393K kernel code, 4401K rwdata, 5616K rodata, 3040K init, 4696K bss, 3031176K reserved, 0K cma-reserved)
[    1.032946] random: get_random_u64 called from __kmem_cache_create+0x2f/0x490 with crng_init=0
[    1.033207] SLUB: HWalign=64, Order=0-3, MinObjects=0, CPUs=48, Nodes=4
[    1.033221] ftrace: allocating 49383 entries in 193 pages
[    1.048671] ftrace: allocated 193 pages with 3 groups

[    1.048707] **********************************************************
[    1.048708] **   NOTICE NOTICE NOTICE NOTICE NOTICE NOTICE NOTICE   **
[    1.048708] **                                                      **
[    1.048709] ** trace_printk() being used. Allocating extra memory.  **
[    1.048709] **                                                      **
[    1.048709] ** This means that this is a DEBUG kernel and it is     **
[    1.048710] ** unsafe for production use.                           **
[    1.048710] **                                                      **
[    1.048711] ** If you see this message and you are not debugging    **
[    1.048711] ** the kernel, report this immediately to your vendor!  **
[    1.048711] **                                                      **
[    1.048712] **   NOTICE NOTICE NOTICE NOTICE NOTICE NOTICE NOTICE   **
[    1.048712] **********************************************************
[    1.049208] rcu: Hierarchical RCU implementation.
[    1.049209] rcu: 	RCU restricting CPUs from NR_CPUS=8192 to nr_cpu_ids=48.
[    1.049211] 	Rude variant of Tasks RCU enabled.
[    1.049212] 	Tracing variant of Tasks RCU enabled.
[    1.049213] rcu: RCU calculated value of scheduler-enlistment delay is 25 jiffies.
[    1.049213] rcu: Adjusting geometry for rcu_fanout_leaf=16, nr_cpu_ids=48
[    1.052519] NR_IRQS: 524544, nr_irqs: 2440, preallocated irqs: 16
[    1.052828] random: crng done (trusting CPU's manufacturer)
[    1.052894] Console: colour dummy device 80x25
[    1.052921] printk: console [tty0] enabled
[    1.052973] mempolicy: Enabling automatic NUMA balancing. Configure with numa_balancing= or the kernel.numa_balancing sysctl
[    1.052977] ACPI: Core revision 20210730
[    1.055968] clocksource: hpet: mask: 0xffffffff max_cycles: 0xffffffff, max_idle_ns: 79635855245 ns
[    1.056018] APIC: Switch to symmetric I/O mode setup
[    1.056021] DMAR: Host address width 46
[    1.056022] DMAR: DRHD base: 0x000000d0ffc000 flags: 0x0
[    1.056027] DMAR: dmar0: reg_base_addr d0ffc000 ver 4:0 cap 8ed008c40780466 ecap 60000f050df
[    1.056030] DMAR: DRHD base: 0x000000dbbfc000 flags: 0x0
[    1.056033] DMAR: dmar1: reg_base_addr dbbfc000 ver 4:0 cap 8ed008c40780466 ecap 60000f050df
[    1.056034] DMAR: DRHD base: 0x000000e67fc000 flags: 0x0
[    1.056037] DMAR: dmar2: reg_base_addr e67fc000 ver 4:0 cap 8ed008c40780466 ecap 60000f050df
[    1.056039] DMAR: DRHD base: 0x000000f13fc000 flags: 0x0
[    1.056041] DMAR: dmar3: reg_base_addr f13fc000 ver 4:0 cap 8ed008c40780466 ecap 60000f050df
[    1.056043] DMAR: DRHD base: 0x000000fb7fc000 flags: 0x0
[    1.056045] DMAR: dmar4: reg_base_addr fb7fc000 ver 4:0 cap 8ed008c40780466 ecap 60000f050df
[    1.056047] DMAR: DRHD base: 0x000000a63fc000 flags: 0x0
[    1.056053] DMAR: dmar5: reg_base_addr a63fc000 ver 4:0 cap 8ed008c40780466 ecap 60000f050df
[    1.056055] DMAR: DRHD base: 0x000000b0ffc000 flags: 0x0
[    1.056057] DMAR: dmar6: reg_base_addr b0ffc000 ver 4:0 cap 8ed008c40780466 ecap 60000f050df
[    1.056059] DMAR: DRHD base: 0x000000bbbfc000 flags: 0x0
[    1.056060] DMAR: dmar7: reg_base_addr bbbfc000 ver 4:0 cap 8ed008c40780466 ecap 60000f050df
[    1.056062] DMAR: DRHD base: 0x000000c5ffc000 flags: 0x0
[    1.056064] DMAR: dmar8: reg_base_addr c5ffc000 ver 4:0 cap 8ed008c40780466 ecap 60000f050df
[    1.056066] DMAR: DRHD base: 0x0000009b7fc000 flags: 0x1
[    1.056069] DMAR: dmar9: reg_base_addr 9b7fc000 ver 4:0 cap 8ed008c40780466 ecap 60000f050df
[    1.056071] DMAR: RMRR base: 0x00000069cef000 end: 0x0000006a3eefff
[    1.056073] DMAR: RMRR base: 0x0000006944a000 end: 0x0000006944cfff
[    1.056073] DMAR: ATSR flags: 0x0
[    1.056076] DMAR-IR: IOAPIC id 8 under DRHD base  0x9b7fc000 IOMMU 9
[    1.056077] DMAR-IR: HPET id 0 under DRHD base 0x9b7fc000
[    1.056078] DMAR-IR: x2apic is disabled because BIOS sets x2apic opt out bit.
[    1.056079] DMAR-IR: Use 'intremap=no_x2apic_optout' to override the BIOS setting.
[    1.059009] DMAR-IR: Enabled IRQ remapping in xapic mode
[    1.059011] x2apic: IRQ remapping doesn't support X2APIC mode
[    1.059018] Switched APIC routing to physical flat.
[    1.061602] ..TIMER: vector=0x30 apic1=0 pin1=2 apic2=-1 pin2=-1
[    1.079941] clocksource: tsc-early: mask: 0xffffffffffffffff max_cycles: 0x2b3e459bf4c, max_idle_ns: 440795289890 ns
[    1.079949] Calibrating delay loop (skipped), value calculated using timer frequency.. 6000.00 BogoMIPS (lpj=12000000)
[    1.079952] pid_max: default: 49152 minimum: 384
[    1.080024] LSM: Security Framework initializing
[    1.080038] landlock: Up and running.
[    1.080039] Yama: becoming mindful.
[    1.080068] AppArmor: AppArmor initialized
[    1.089891] Dentry cache hash table entries: 8388608 (order: 14, 67108864 bytes, vmalloc)
[    1.094973] Inode-cache hash table entries: 4194304 (order: 13, 33554432 bytes, vmalloc)
[    1.095168] Mount-cache hash table entries: 131072 (order: 8, 1048576 bytes, vmalloc)
[    1.095334] Mountpoint-cache hash table entries: 131072 (order: 8, 1048576 bytes, vmalloc)
[    1.095733] x86/cpu: SGX disabled by BIOS.
[    1.095741] x86/tme: not enabled by BIOS
[    1.095751] CPU0: Thermal monitoring enabled (TM1)
[    1.095754] x86/cpu: User Mode Instruction Prevention (UMIP) activated
[    1.096013] process: using mwait in idle threads
[    1.096015] Last level iTLB entries: 4KB 0, 2MB 0, 4MB 0
[    1.096016] Last level dTLB entries: 4KB 0, 2MB 0, 4MB 0, 1GB 0
[    1.096025] Spectre V1 : Mitigation: usercopy/swapgs barriers and __user pointer sanitization
[    1.096027] Spectre V2 : Mitigation: Enhanced IBRS
[    1.096028] Spectre V2 : Spectre v2 / SpectreRSB mitigation: Filling RSB on context switch
[    1.096030] Spectre V2 : mitigation: Enabling conditional Indirect Branch Prediction Barrier
[    1.096031] Speculative Store Bypass: Mitigation: Speculative Store Bypass disabled via prctl and seccomp
[    1.103478] Freeing SMP alternatives memory: 44K
[    1.104086] smpboot: Estimated ratio of average max frequency by base frequency (times 1024): 1160
[    1.104100] smpboot: CPU0: Intel(R) Xeon(R) Gold 5317 CPU @ 3.00GHz (family: 0x6, model: 0x6a, stepping: 0x6)
[    1.104284] Performance Events: PEBS fmt4+-baseline,  AnyThread deprecated, Icelake events, 32-deep LBR, full-width counters, Intel PMU driver.
[    1.104309] ... version:                5
[    1.104311] ... bit width:              48
[    1.104311] ... generic registers:      8
[    1.104311] ... value mask:             0000ffffffffffff
[    1.104312] ... max period:             00007fffffffffff
[    1.104313] ... fixed-purpose events:   4
[    1.104313] ... event mask:             0001000f000000ff
[    1.104434] rcu: Hierarchical SRCU implementation.
[    1.107907] NMI watchdog: Enabled. Permanently consumes one hw-PMU counter.
[    1.108328] smp: Bringing up secondary CPUs ...
[    1.108754] x86: Booting SMP configuration:
[    1.108756] .... node  #1, CPUs:        #1
[    0.007150] smpboot: CPU 1 Converting physical 0 to logical die 1

[    1.258479] .... node  #0, CPUs:    #2
[    1.275054] .... node  #1, CPUs:    #3
[    1.316214] .... node  #0, CPUs:    #4
[    1.331006] .... node  #1, CPUs:    #5
[    1.372266] .... node  #0, CPUs:    #6
[    1.388598] .... node  #1, CPUs:    #7
[    1.428240] .... node  #0, CPUs:    #8
[    1.444900] .... node  #1, CPUs:    #9
[    1.484519] .... node  #0, CPUs:   #10
[    1.501104] .... node  #1, CPUs:   #11
[    1.540511] .... node  #0, CPUs:   #12
[    1.556858] .... node  #1, CPUs:   #13
[    1.596529] .... node  #0, CPUs:   #14
[    1.612308] .... node  #1, CPUs:   #15
[    1.628212] .... node  #0, CPUs:   #16
[    1.644313] .... node  #1, CPUs:   #17
[    1.660218] .... node  #0, CPUs:   #18
[    1.676308] .... node  #1, CPUs:   #19
[    1.690981] .... node  #0, CPUs:   #20
[    1.706578] .... node  #1, CPUs:   #21
[    1.722886] .... node  #0, CPUs:   #22
[    1.738806] .... node  #1, CPUs:   #23
[    1.754587] .... node  #0, CPUs:   #24
[    1.756332] .... node  #1, CPUs:   #25
[    1.762295] .... node  #0, CPUs:   #26
[    1.768315] .... node  #1, CPUs:   #27
[    1.774227] .... node  #0, CPUs:   #28
[    1.780313] .... node  #1, CPUs:   #29
[    1.786125] .... node  #0, CPUs:   #30
[    1.792316] .... node  #1, CPUs:   #31
[    1.797938] .... node  #0, CPUs:   #32
[    1.804044] .... node  #1, CPUs:   #33
[    1.809526] .... node  #0, CPUs:   #34
[    1.815958] .... node  #1, CPUs:   #35
[    1.821444] .... node  #0, CPUs:   #36
[    1.827350] .... node  #1, CPUs:   #37
[    1.833214] .... node  #0, CPUs:   #38
[    1.839132] .... node  #1, CPUs:   #39
[    1.845138] .... node  #0, CPUs:   #40
[    1.850867] .... node  #1, CPUs:   #41
[    1.856834] .... node  #0, CPUs:   #42
[    1.862758] .... node  #1, CPUs:   #43
[    1.868634] .... node  #0, CPUs:   #44
[    1.874552] .... node  #1, CPUs:   #45
[    1.880524] .... node  #0, CPUs:   #46
[    1.886258] .... node  #1, CPUs:   #47
[    1.892251] smp: Brought up 2 nodes, 48 CPUs
[    1.892251] smpboot: Max logical packages: 2
[    1.892251] smpboot: Total of 48 processors activated (288394.15 BogoMIPS)
[    1.900826] devtmpfs: initialized
[    1.900826] x86/mm: Memory block size: 2048MB
[    1.900826] ACPI: PM: Registering ACPI NVS region [mem 0x4a42b000-0x4b42afff] (16777216 bytes)
[    1.900826] ACPI: PM: Registering ACPI NVS region [mem 0x6e3ff000-0x6f3fefff] (16777216 bytes)
[    1.900826] clocksource: jiffies: mask: 0xffffffff max_cycles: 0xffffffff, max_idle_ns: 7645041785100000 ns
[    1.900826] futex hash table entries: 16384 (order: 8, 1048576 bytes, vmalloc)
[    1.900826] pinctrl core: initialized pinctrl subsystem
[    1.900826] PM: RTC time: 10:20:16, date: 2023-12-19
[    1.900897] NET: Registered PF_NETLINK/PF_ROUTE protocol family
[    1.901422] DMA: preallocated 4096 KiB GFP_KERNEL pool for atomic allocations
[    1.901857] DMA: preallocated 4096 KiB GFP_KERNEL|GFP_DMA pool for atomic allocations
[    1.902302] DMA: preallocated 4096 KiB GFP_KERNEL|GFP_DMA32 pool for atomic allocations
[    1.902309] audit: initializing netlink subsys (disabled)
[    1.902316] audit: type=2000 audit(1702981215.844:1): state=initialized audit_enabled=0 res=1
[    1.903986] thermal_sys: Registered thermal governor 'fair_share'
[    1.903987] thermal_sys: Registered thermal governor 'bang_bang'
[    1.903988] thermal_sys: Registered thermal governor 'step_wise'
[    1.903989] thermal_sys: Registered thermal governor 'user_space'
[    1.903989] thermal_sys: Registered thermal governor 'power_allocator'
[    1.903995] EISA bus registered
[    1.904008] cpuidle: using governor ladder
[    1.904008] cpuidle: using governor menu
[    1.904008] ACPI FADT declares the system doesn't support PCIe ASPM, so disable it
[    1.904008] ACPI: bus type PCI registered
[    1.904008] acpiphp: ACPI Hot Plug PCI Controller Driver version: 0.5
[    1.904048] PCI: MMCONFIG for domain 0000 [bus 00-ff] at [mem 0x80000000-0x8fffffff] (base 0x80000000)
[    1.904052] PCI: MMCONFIG at [mem 0x80000000-0x8fffffff] reserved in E820
[    1.904061] pmd_set_huge: Cannot satisfy [mem 0x80000000-0x80200000] with a huge-page mapping due to MTRR override.
[    1.904257] PCI: Using configuration type 1 for base access
[    1.904265] PCI: Dell System detected, enabling pci=bfsort.
[    1.905088] Kprobes globally optimized
[    1.905088] HugeTLB registered 1.00 GiB page size, pre-allocated 0 pages
[    1.905088] HugeTLB registered 2.00 MiB page size, pre-allocated 0 pages
[    1.908015] fbcon: Taking over console
[    1.908055] ACPI: Added _OSI(Module Device)
[    1.908056] ACPI: Added _OSI(Processor Device)
[    1.908058] ACPI: Added _OSI(3.0 _SCP Extensions)
[    1.908059] ACPI: Added _OSI(Processor Aggregator Device)
[    1.908060] ACPI: Added _OSI(Linux-Dell-Video)
[    1.908061] ACPI: Added _OSI(Linux-Lenovo-NV-HDMI-Audio)
[    1.908062] ACPI: Added _OSI(Linux-HPI-Hybrid-Graphics)
[    2.055299] ACPI: 8 ACPI AML tables successfully acquired and loaded
[    2.060790] ACPI: [Firmware Bug]: BIOS _OSI(Linux) query ignored
[    2.069244] ACPI: Dynamic OEM Table Load:
[    2.392722] ACPI: Interpreter enabled
[    2.392748] ACPI: PM: (supports S0 S5)
[    2.392750] ACPI: Using IOAPIC for interrupt routing
[    2.392851] HEST: Table parsing has been initialized.
[    2.392853] PCI: Using host bridge windows from ACPI; if necessary, use "pci=nocrs" and report a bug
[    2.414363] ACPI: Enabled 4 GPEs in block 00 to 7F
[    2.503786] ACPI: PCI Root Bridge [PC00] (domain 0000 [bus 00-15])
[    2.503793] acpi PNP0A08:00: _OSC: OS supports [ExtendedConfig ASPM ClockPM Segments MSI EDR HPX-Type3]
[    2.534788] acpi PNP0A08:00: _OSC: platform does not support [SHPCHotplug AER LTR DPC]
[    2.534978] acpi PNP0A08:00: _OSC: OS now controls [PCIeHotplug PME PCIeCapability]
[    2.534979] acpi PNP0A08:00: FADT indicates ASPM is unsupported, using BIOS configuration
[    2.536590] PCI host bridge to bus 0000:00
[    2.536592] pci_bus 0000:00: root bus resource [io  0x0000-0x0cf7 window]
[    2.536594] pci_bus 0000:00: root bus resource [io  0x1000-0x4fff window]
[    2.536595] pci_bus 0000:00: root bus resource [mem 0x000a0000-0x000bffff window]
[    2.536596] pci_bus 0000:00: root bus resource [mem 0x000c8000-0x000cffff window]
[    2.536597] pci_bus 0000:00: root bus resource [mem 0xfe010000-0xfe010fff window]
[    2.536599] pci_bus 0000:00: root bus resource [mem 0x90000000-0x9b7fffff window]
[    2.536600] pci_bus 0000:00: root bus resource [mem 0x380000000000-0x383fffffffff window]
[    2.536601] pci_bus 0000:00: root bus resource [bus 00-15]
[    2.537792] pci 0000:00:00.0: [8086:09a2] type 00 class 0x088000
[    2.538477] pci 0000:00:00.1: [8086:09a4] type 00 class 0x088000
[    2.539718] pci 0000:00:00.2: [8086:09a3] type 00 class 0x088000
[    2.540959] pci 0000:00:00.4: [8086:0998] type 00 class 0x060000
[    2.542786] pci 0000:00:01.0: [8086:0b00] type 00 class 0x088000
[    2.542795] pci 0000:00:01.0: reg 0x10: [mem 0x92e10000-0x92e13fff 64bit]
[    2.544062] pci 0000:00:01.1: [8086:0b00] type 00 class 0x088000
[    2.544071] pci 0000:00:01.1: reg 0x10: [mem 0x92e0c000-0x92e0ffff 64bit]
[    2.545329] pci 0000:00:01.2: [8086:0b00] type 00 class 0x088000
[    2.545338] pci 0000:00:01.2: reg 0x10: [mem 0x92e08000-0x92e0bfff 64bit]
[    2.546605] pci 0000:00:01.3: [8086:0b00] type 00 class 0x088000
[    2.546614] pci 0000:00:01.3: reg 0x10: [mem 0x92e04000-0x92e07fff 64bit]
[    2.547875] pci 0000:00:01.4: [8086:0b00] type 00 class 0x088000
[    2.547884] pci 0000:00:01.4: reg 0x10: [mem 0x92e00000-0x92e03fff 64bit]
[    2.549143] pci 0000:00:01.5: [8086:0b00] type 00 class 0x088000
[    2.549152] pci 0000:00:01.5: reg 0x10: [mem 0x92dfc000-0x92dfffff 64bit]
[    2.550406] pci 0000:00:01.6: [8086:0b00] type 00 class 0x088000
[    2.550415] pci 0000:00:01.6: reg 0x10: [mem 0x92df8000-0x92dfbfff 64bit]
[    2.551669] pci 0000:00:01.7: [8086:0b00] type 00 class 0x088000
[    2.551678] pci 0000:00:01.7: reg 0x10: [mem 0x92df4000-0x92df7fff 64bit]
[    2.552933] pci 0000:00:02.0: [8086:09a6] type 00 class 0x088000
[    2.552941] pci 0000:00:02.0: reg 0x10: [mem 0x92e1c000-0x92e1dfff]
[    2.554183] pci 0000:00:02.1: [8086:09a7] type 00 class 0x088000
[    2.554191] pci 0000:00:02.1: reg 0x10: [mem 0x92d00000-0x92d7ffff]
[    2.554196] pci 0000:00:02.1: reg 0x14: [mem 0x92c80000-0x92cfffff]
[    2.555438] pci 0000:00:02.4: [8086:3456] type 00 class 0x130000
[    2.555447] pci 0000:00:02.4: reg 0x10: [mem 0x92a00000-0x92afffff 64bit]
[    2.555453] pci 0000:00:02.4: reg 0x18: [mem 0x92df0000-0x92df3fff 64bit]
[    2.555459] pci 0000:00:02.4: reg 0x20: [mem 0x92dc0000-0x92ddffff 64bit]
[    2.556713] pci 0000:00:11.0: [8086:a1ec] type 00 class 0xff0000
[    2.556715] pci 0000:00:11.0: device has non-compliant BARs; disabling IO/MEM decoding
[    2.557984] pci 0000:00:11.5: [8086:a1d6] type 00 class 0x010400
[    2.557996] pci 0000:00:11.5: reg 0x10: [mem 0x92e1a000-0x92e1bfff]
[    2.558003] pci 0000:00:11.5: reg 0x14: [mem 0x92e25000-0x92e250ff]
[    2.558010] pci 0000:00:11.5: reg 0x18: [io  0x2068-0x206f]
[    2.558018] pci 0000:00:11.5: reg 0x1c: [io  0x2074-0x2077]
[    2.558025] pci 0000:00:11.5: reg 0x20: [io  0x2040-0x205f]
[    2.558032] pci 0000:00:11.5: reg 0x24: [mem 0x92b80000-0x92bfffff]
[    2.558067] pci 0000:00:11.5: PME# supported from D3hot
[    2.559459] pci 0000:00:14.0: [8086:a1af] type 00 class 0x0c0330
[    2.559476] pci 0000:00:14.0: reg 0x10: [mem 0x92de0000-0x92deffff 64bit]
[    2.559536] pci 0000:00:14.0: PME# supported from D3hot D3cold
[    2.560937] pci 0000:00:14.2: [8086:a1b1] type 00 class 0x118000
[    2.560954] pci 0000:00:14.2: reg 0x10: [mem 0x92e22000-0x92e22fff 64bit]
[    2.562245] pci 0000:00:16.0: [8086:a1ba] type 00 class 0x078000
[    2.562267] pci 0000:00:16.0: reg 0x10: [mem 0x92e21000-0x92e21fff 64bit]
[    2.562349] pci 0000:00:16.0: PME# supported from D3hot
[    2.563583] pci 0000:00:16.1: [8086:a1bb] type 00 class 0x078000
[    2.563606] pci 0000:00:16.1: reg 0x10: [mem 0x92e20000-0x92e20fff 64bit]
[    2.563687] pci 0000:00:16.1: PME# supported from D3hot
[    2.564931] pci 0000:00:16.4: [8086:a1be] type 00 class 0x078000
[    2.564953] pci 0000:00:16.4: reg 0x10: [mem 0x92e1f000-0x92e1ffff 64bit]
[    2.565035] pci 0000:00:16.4: PME# supported from D3hot
[    2.566270] pci 0000:00:17.0: [8086:a186] type 00 class 0x010400
[    2.566282] pci 0000:00:17.0: reg 0x10: [mem 0x92e18000-0x92e19fff]
[    2.566289] pci 0000:00:17.0: reg 0x14: [mem 0x92e24000-0x92e240ff]
[    2.566295] pci 0000:00:17.0: reg 0x18: [io  0x2060-0x2067]
[    2.566302] pci 0000:00:17.0: reg 0x1c: [io  0x2070-0x2073]
[    2.566309] pci 0000:00:17.0: reg 0x20: [io  0x2020-0x203f]
[    2.566316] pci 0000:00:17.0: reg 0x24: [mem 0x92b00000-0x92b7ffff]
[    2.566351] pci 0000:00:17.0: PME# supported from D3hot
[    2.567733] pci 0000:00:1c.0: [8086:a190] type 01 class 0x060400
[    2.567805] pci 0000:00:1c.0: PME# supported from D0 D3hot D3cold
[    2.569661] pci 0000:00:1c.4: [8086:a194] type 01 class 0x060400
[    2.569727] pci 0000:00:1c.4: PME# supported from D0 D3hot D3cold
[    2.571545] pci 0000:00:1c.5: [8086:a195] type 01 class 0x060400
[    2.571612] pci 0000:00:1c.5: PME# supported from D0 D3hot D3cold
[    2.573454] pci 0000:00:1f.0: [8086:a1cb] type 00 class 0x060100
[    2.574923] pci 0000:00:1f.2: [8086:a1a1] type 00 class 0x058000
[    2.574938] pci 0000:00:1f.2: reg 0x10: [mem 0x92e14000-0x92e17fff]
[    2.576360] pci 0000:00:1f.4: [8086:a1a3] type 00 class 0x0c0500
[    2.576378] pci 0000:00:1f.4: reg 0x10: [mem 0x92e1e000-0x92e1e0ff 64bit]
[    2.576400] pci 0000:00:1f.4: reg 0x20: [io  0x2000-0x201f]
[    2.577637] pci 0000:00:1f.5: [8086:a1a4] type 00 class 0x0c8000
[    2.577652] pci 0000:00:1f.5: reg 0x10: [mem 0xfe010000-0xfe010fff]
[    2.577769] pci 0000:00:1c.0: PCI bridge to [bus 01]
[    2.577820] pci 0000:02:00.0: [1556:be00] type 01 class 0x060400
[    2.577980] pci 0000:00:1c.4: PCI bridge to [bus 02-03]
[    2.577984] pci 0000:00:1c.4:   bridge window [mem 0x92000000-0x928fffff]
[    2.577988] pci 0000:00:1c.4:   bridge window [mem 0x91000000-0x91ffffff 64bit pref]
[    2.578019] pci_bus 0000:03: extended config space not accessible
[    2.578035] pci 0000:03:00.0: [102b:0536] type 00 class 0x030000
[    2.578054] pci 0000:03:00.0: reg 0x10: [mem 0x91000000-0x91ffffff pref]
[    2.578064] pci 0000:03:00.0: reg 0x14: [mem 0x92808000-0x9280bfff]
[    2.578075] pci 0000:03:00.0: reg 0x18: [mem 0x92000000-0x927fffff]
[    2.578126] pci 0000:03:00.0: Video device with shadowed ROM at [mem 0x000c0000-0x000dffff]
[    2.578225] pci 0000:02:00.0: PCI bridge to [bus 03]
[    2.578234] pci 0000:02:00.0:   bridge window [mem 0x92000000-0x928fffff]
[    2.578239] pci 0000:02:00.0:   bridge window [mem 0x91000000-0x91ffffff 64bit pref]
[    2.578313] pci 0000:04:00.0: [14e4:165f] type 00 class 0x020000
[    2.578336] pci 0000:04:00.0: reg 0x10: [mem 0x92930000-0x9293ffff 64bit pref]
[    2.578351] pci 0000:04:00.0: reg 0x18: [mem 0x92940000-0x9294ffff 64bit pref]
[    2.578366] pci 0000:04:00.0: reg 0x20: [mem 0x92950000-0x9295ffff 64bit pref]
[    2.578376] pci 0000:04:00.0: reg 0x30: [mem 0xfffc0000-0xffffffff pref]
[    2.578468] pci 0000:04:00.0: PME# supported from D0 D3hot D3cold
[    2.578520] pci 0000:04:00.0: 4.000 Gb/s available PCIe bandwidth, limited by 5.0 GT/s PCIe x1 link at 0000:00:1c.5 (capable of 8.000 Gb/s with 5.0 GT/s PCIe x2 link)
[    2.579087] pci 0000:04:00.1: [14e4:165f] type 00 class 0x020000
[    2.579110] pci 0000:04:00.1: reg 0x10: [mem 0x92900000-0x9290ffff 64bit pref]
[    2.579126] pci 0000:04:00.1: reg 0x18: [mem 0x92910000-0x9291ffff 64bit pref]
[    2.579141] pci 0000:04:00.1: reg 0x20: [mem 0x92920000-0x9292ffff 64bit pref]
[    2.579151] pci 0000:04:00.1: reg 0x30: [mem 0xfffc0000-0xffffffff pref]
[    2.579243] pci 0000:04:00.1: PME# supported from D0 D3hot D3cold
[    2.579819] pci 0000:00:1c.5: PCI bridge to [bus 04]
[    2.579826] pci 0000:00:1c.5:   bridge window [mem 0x92900000-0x929fffff 64bit pref]
[    2.579839] pci_bus 0000:00: on NUMA node 0
[    2.579845] pci 0000:00:1c.0: Max Payload Size set to  128/ 128 (was  128), Max Read Rq  128
[    2.579852] pci 0000:00:1c.4: Max Payload Size set to  128/ 128 (was  128), Max Read Rq  128
[    2.579866] pci 0000:02:00.0: Max Payload Size set to  128/ 128 (was  128), Max Read Rq  128
[    2.579872] pci 0000:00:1c.5: Max Payload Size set to  128/ 128 (was  128), Max Read Rq  128
[    2.579886] pci 0000:04:00.0: Max Payload Size set to  128/ 256 (was  128), Max Read Rq  128
[    2.579901] pci 0000:04:00.1: Max Payload Size set to  128/ 256 (was  128), Max Read Rq  128
[    2.580418] ACPI: PCI Root Bridge [PC01] (domain 0000 [bus 16-2f])
[    2.580422] acpi PNP0A08:01: _OSC: OS supports [ExtendedConfig ASPM ClockPM Segments MSI EDR HPX-Type3]
[    2.592615] acpi PNP0A08:01: _OSC: platform does not support [SHPCHotplug AER DPC]
[    2.592796] acpi PNP0A08:01: _OSC: OS now controls [PCIeHotplug PME PCIeCapability LTR]
[    2.592797] acpi PNP0A08:01: FADT indicates ASPM is unsupported, using BIOS configuration
[    2.592909] PCI host bridge to bus 0000:16
[    2.592910] pci_bus 0000:16: root bus resource [io  0x5000-0x6fff window]
[    2.592911] pci_bus 0000:16: root bus resource [mem 0x9b800000-0xa63fffff window]
[    2.592913] pci_bus 0000:16: root bus resource [mem 0x384000000000-0x387fffffffff window]
[    2.592914] pci_bus 0000:16: root bus resource [bus 16-2f]
[    2.592927] pci 0000:16:00.0: [8086:09a2] type 00 class 0x088000
[    2.592997] pci 0000:16:00.1: [8086:09a4] type 00 class 0x088000
[    2.593061] pci 0000:16:00.2: [8086:09a3] type 00 class 0x088000
[    2.593125] pci 0000:16:00.4: [8086:0998] type 00 class 0x060000
[    2.593195] pci 0000:16:02.0: [8086:347a] type 01 class 0x060400
[    2.593203] pci 0000:16:02.0: reg 0x10: [mem 0x387ffff00000-0x387ffff1ffff 64bit]
[    2.593238] pci 0000:16:02.0: PME# supported from D0 D3hot D3cold
[    2.594709] pci 0000:17:00.0: [1000:10e2] type 00 class 0x010400
[    2.594721] pci 0000:17:00.0: reg 0x10: [mem 0x9b800000-0x9b8fffff 64bit pref]
[    2.594729] pci 0000:17:00.0: reg 0x18: [mem 0x9b900000-0x9b9fffff 64bit pref]
[    2.594734] pci 0000:17:00.0: reg 0x20: [mem 0x9ba00000-0x9bafffff]
[    2.594740] pci 0000:17:00.0: reg 0x24: [io  0x5000-0x50ff]
[    2.594745] pci 0000:17:00.0: reg 0x30: [mem 0xfff00000-0xffffffff pref]
[    2.595677] pci 0000:17:00.0: supports D1 D2
[    2.595743] pci 0000:16:02.0: PCI bridge to [bus 17]
[    2.595745] pci 0000:16:02.0:   bridge window [io  0x5000-0x5fff]
[    2.595747] pci 0000:16:02.0:   bridge window [mem 0x9ba00000-0x9bafffff]
[    2.595750] pci 0000:16:02.0:   bridge window [mem 0x9b800000-0x9b9fffff 64bit pref]
[    2.595755] pci_bus 0000:16: on NUMA node 0
[    2.595760] pci 0000:16:02.0: Max Payload Size set to  512/ 512 (was  512), Max Read Rq  512
[    2.595768] pci 0000:17:00.0: Max Payload Size set to  512/1024 (was  512), Max Read Rq  512
[    2.595838] ACPI: PCI Root Bridge [PC02] (domain 0000 [bus 30-49])
[    2.595841] acpi PNP0A08:02: _OSC: OS supports [ExtendedConfig ASPM ClockPM Segments MSI EDR HPX-Type3]
[    2.607897] acpi PNP0A08:02: _OSC: platform does not support [SHPCHotplug AER DPC]
[    2.608080] acpi PNP0A08:02: _OSC: OS now controls [PCIeHotplug PME PCIeCapability LTR]
[    2.608082] acpi PNP0A08:02: FADT indicates ASPM is unsupported, using BIOS configuration
[    2.608184] PCI host bridge to bus 0000:30
[    2.608185] pci_bus 0000:30: root bus resource [io  0x7000-0x8fff window]
[    2.608187] pci_bus 0000:30: root bus resource [mem 0xa6400000-0xb0ffffff window]
[    2.608188] pci_bus 0000:30: root bus resource [mem 0x388000000000-0x38bfffffffff window]
[    2.608189] pci_bus 0000:30: root bus resource [bus 30-49]
[    2.608202] pci 0000:30:00.0: [8086:09a2] type 00 class 0x088000
[    2.608269] pci 0000:30:00.1: [8086:09a4] type 00 class 0x088000
[    2.608333] pci 0000:30:00.2: [8086:09a3] type 00 class 0x088000
[    2.608397] pci 0000:30:00.4: [8086:0998] type 00 class 0x060000
[    2.608466] pci_bus 0000:30: on NUMA node 0
[    2.608554] ACPI: PCI Root Bridge [PC04] (domain 0000 [bus 4a-63])
[    2.608557] acpi PNP0A08:04: _OSC: OS supports [ExtendedConfig ASPM ClockPM Segments MSI EDR HPX-Type3]
[    2.620621] acpi PNP0A08:04: _OSC: platform does not support [SHPCHotplug AER DPC]
[    2.620799] acpi PNP0A08:04: _OSC: OS now controls [PCIeHotplug PME PCIeCapability LTR]
[    2.620800] acpi PNP0A08:04: FADT indicates ASPM is unsupported, using BIOS configuration
[    2.620903] PCI host bridge to bus 0000:4a
[    2.620904] pci_bus 0000:4a: root bus resource [io  0x9000-0x9fff window]
[    2.620906] pci_bus 0000:4a: root bus resource [mem 0xb1000000-0xbbbfffff window]
[    2.620907] pci_bus 0000:4a: root bus resource [mem 0x38c000000000-0x38ffffffffff window]
[    2.620908] pci_bus 0000:4a: root bus resource [bus 4a-63]
[    2.620920] pci 0000:4a:00.0: [8086:09a2] type 00 class 0x088000
[    2.620984] pci 0000:4a:00.1: [8086:09a4] type 00 class 0x088000
[    2.621047] pci 0000:4a:00.2: [8086:09a3] type 00 class 0x088000
[    2.621110] pci 0000:4a:00.4: [8086:0998] type 00 class 0x060000
[    2.621179] pci_bus 0000:4a: on NUMA node 0
[    2.621243] ACPI: PCI Root Bridge [PC05] (domain 0000 [bus 64-7d])
[    2.621245] acpi PNP0A08:05: _OSC: OS supports [ExtendedConfig ASPM ClockPM Segments MSI EDR HPX-Type3]
[    2.633277] acpi PNP0A08:05: _OSC: platform does not support [SHPCHotplug AER DPC]
[    2.633455] acpi PNP0A08:05: _OSC: OS now controls [PCIeHotplug PME PCIeCapability LTR]
[    2.633456] acpi PNP0A08:05: FADT indicates ASPM is unsupported, using BIOS configuration
[    2.633555] PCI host bridge to bus 0000:64
[    2.633555] pci_bus 0000:64: root bus resource [io  0xa000-0xafff window]
[    2.633557] pci_bus 0000:64: root bus resource [mem 0xbbc00000-0xc5ffffff window]
[    2.633558] pci_bus 0000:64: root bus resource [mem 0x390000000000-0x393fffffffff window]
[    2.633559] pci_bus 0000:64: root bus resource [bus 64-7d]
[    2.633571] pci 0000:64:00.0: [8086:09a2] type 00 class 0x088000
[    2.633635] pci 0000:64:00.1: [8086:09a4] type 00 class 0x088000
[    2.633698] pci 0000:64:00.2: [8086:09a3] type 00 class 0x088000
[    2.633762] pci 0000:64:00.4: [8086:0998] type 00 class 0x060000
[    2.633826] pci_bus 0000:64: on NUMA node 0
[    2.633882] ACPI: PCI Root Bridge [UC06] (domain 0000 [bus 7e])
[    2.633885] acpi PNP0A03:00: _OSC: OS supports [ExtendedConfig ASPM ClockPM Segments MSI EDR HPX-Type3]
[    2.634031] acpi PNP0A03:00: _OSC: platform does not support [SHPCHotplug AER LTR DPC]
[    2.634183] acpi PNP0A03:00: _OSC: OS now controls [PCIeHotplug PME PCIeCapability]
[    2.634184] acpi PNP0A03:00: FADT indicates ASPM is unsupported, using BIOS configuration
[    2.634297] PCI host bridge to bus 0000:7e
[    2.634298] pci_bus 0000:7e: root bus resource [bus 7e]
[    2.634329] pci 0000:7e:00.0: [8086:3450] type 00 class 0x088000
[    2.634405] pci 0000:7e:00.1: [8086:3451] type 00 class 0x088000
[    2.634487] pci 0000:7e:00.2: [8086:3452] type 00 class 0x088000
[    2.634562] pci 0000:7e:00.3: [8086:0998] type 00 class 0x060000
[    2.634638] pci 0000:7e:00.5: [8086:3455] type 00 class 0x088000
[    2.634728] pci 0000:7e:02.0: [8086:3440] type 00 class 0x088000
[    2.634862] pci 0000:7e:02.1: [8086:3441] type 00 class 0x088000
[    2.634987] pci 0000:7e:02.2: [8086:3442] type 00 class 0x088000
[    2.635122] pci 0000:7e:03.0: [8086:3440] type 00 class 0x088000
[    2.635218] pci 0000:7e:03.1: [8086:3441] type 00 class 0x088000
[    2.635309] pci 0000:7e:03.2: [8086:3442] type 00 class 0x088000
[    2.635406] pci 0000:7e:04.0: [8086:3440] type 00 class 0x088000
[    2.635545] pci 0000:7e:04.1: [8086:3441] type 00 class 0x088000
[    2.635677] pci 0000:7e:04.2: [8086:3442] type 00 class 0x088000
[    2.635809] pci 0000:7e:04.3: [8086:3443] type 00 class 0x088000
[    2.635955] pci 0000:7e:05.0: [8086:3445] type 00 class 0x088000
[    2.636087] pci 0000:7e:05.1: [8086:3446] type 00 class 0x088000
[    2.636215] pci 0000:7e:05.2: [8086:3447] type 00 class 0x088000
[    2.636352] pci 0000:7e:06.0: [8086:3445] type 00 class 0x088000
[    2.636451] pci 0000:7e:06.1: [8086:3446] type 00 class 0x088000
[    2.636547] pci 0000:7e:06.2: [8086:3447] type 00 class 0x088000
[    2.636661] pci 0000:7e:07.0: [8086:3445] type 00 class 0x088000
[    2.636798] pci 0000:7e:07.1: [8086:3446] type 00 class 0x088000
[    2.636935] pci 0000:7e:07.2: [8086:3447] type 00 class 0x088000
[    2.637078] pci 0000:7e:0b.0: [8086:3448] type 00 class 0x088000
[    2.637161] pci 0000:7e:0b.1: [8086:3448] type 00 class 0x088000
[    2.637245] pci 0000:7e:0b.2: [8086:344b] type 00 class 0x088000
[    2.637343] pci 0000:7e:0c.0: [8086:344a] type 00 class 0x110100
[    2.637466] pci 0000:7e:0d.0: [8086:344a] type 00 class 0x110100
[    2.637567] pci 0000:7e:0e.0: [8086:344a] type 00 class 0x110100
[    2.637716] pci 0000:7e:0f.0: [8086:344a] type 00 class 0x110100
[    2.637888] pci 0000:7e:1a.0: [8086:2880] type 00 class 0x110100
[    2.638002] pci 0000:7e:1b.0: [8086:2880] type 00 class 0x110100
[    2.638101] pci 0000:7e:1c.0: [8086:2880] type 00 class 0x110100
[    2.638256] pci 0000:7e:1d.0: [8086:2880] type 00 class 0x110100
[    2.638396] pci_bus 0000:7e: on NUMA node 0
[    2.638470] ACPI: PCI Root Bridge [UC07] (domain 0000 [bus 7f])
[    2.638473] acpi PNP0A03:01: _OSC: OS supports [ExtendedConfig ASPM ClockPM Segments MSI EDR HPX-Type3]
[    2.638624] acpi PNP0A03:01: _OSC: platform does not support [SHPCHotplug AER LTR DPC]
[    2.638776] acpi PNP0A03:01: _OSC: OS now controls [PCIeHotplug PME PCIeCapability]
[    2.638777] acpi PNP0A03:01: FADT indicates ASPM is unsupported, using BIOS configuration
[    2.638899] PCI host bridge to bus 0000:7f
[    2.638900] pci_bus 0000:7f: root bus resource [bus 7f]
[    2.638940] pci 0000:7f:00.0: [8086:344c] type 00 class 0x088000
[    2.639075] pci 0000:7f:00.1: [8086:344c] type 00 class 0x088000
[    2.639183] pci 0000:7f:00.2: [8086:344c] type 00 class 0x088000
[    2.639286] pci 0000:7f:00.3: [8086:344c] type 00 class 0x088000
[    2.639382] pci 0000:7f:00.4: [8086:344c] type 00 class 0x088000
[    2.639483] pci 0000:7f:00.5: [8086:344c] type 00 class 0x088000
[    2.639627] pci 0000:7f:00.6: [8086:344c] type 00 class 0x088000
[    2.639762] pci 0000:7f:00.7: [8086:344c] type 00 class 0x088000
[    2.639920] pci 0000:7f:01.0: [8086:344c] type 00 class 0x088000
[    2.640076] pci 0000:7f:01.1: [8086:344c] type 00 class 0x088000
[    2.640230] pci 0000:7f:01.2: [8086:344c] type 00 class 0x088000
[    2.640388] pci 0000:7f:01.3: [8086:344c] type 00 class 0x088000
[    2.640547] pci 0000:7f:01.4: [8086:344c] type 00 class 0x088000
[    2.640662] pci 0000:7f:01.5: [8086:344c] type 00 class 0x088000
[    2.640776] pci 0000:7f:01.6: [8086:344c] type 00 class 0x088000
[    2.640887] pci 0000:7f:01.7: [8086:344c] type 00 class 0x088000
[    2.641035] pci 0000:7f:02.0: [8086:344c] type 00 class 0x088000
[    2.641175] pci 0000:7f:02.1: [8086:344c] type 00 class 0x088000
[    2.641273] pci 0000:7f:02.2: [8086:344c] type 00 class 0x088000
[    2.641419] pci 0000:7f:02.3: [8086:344c] type 00 class 0x088000
[    2.641550] pci 0000:7f:02.4: [8086:344c] type 00 class 0x088000
[    2.641683] pci 0000:7f:02.5: [8086:344c] type 00 class 0x088000
[    2.641817] pci 0000:7f:02.6: [8086:344c] type 00 class 0x088000
[    2.641958] pci 0000:7f:02.7: [8086:344c] type 00 class 0x088000
[    2.642110] pci 0000:7f:03.0: [8086:344c] type 00 class 0x088000
[    2.642257] pci 0000:7f:03.1: [8086:344c] type 00 class 0x088000
[    2.642409] pci 0000:7f:03.2: [8086:344c] type 00 class 0x088000
[    2.642564] pci 0000:7f:03.3: [8086:344c] type 00 class 0x088000
[    2.642734] pci 0000:7f:0a.0: [8086:344d] type 00 class 0x088000
[    2.642861] pci 0000:7f:0a.1: [8086:344d] type 00 class 0x088000
[    2.642969] pci 0000:7f:0a.2: [8086:344d] type 00 class 0x088000
[    2.643073] pci 0000:7f:0a.3: [8086:344d] type 00 class 0x088000
[    2.643168] pci 0000:7f:0a.4: [8086:344d] type 00 class 0x088000
[    2.643274] pci 0000:7f:0a.5: [8086:344d] type 00 class 0x088000
[    2.643418] pci 0000:7f:0a.6: [8086:344d] type 00 class 0x088000
[    2.643553] pci 0000:7f:0a.7: [8086:344d] type 00 class 0x088000
[    2.643711] pci 0000:7f:0b.0: [8086:344d] type 00 class 0x088000
[    2.643858] pci 0000:7f:0b.1: [8086:344d] type 00 class 0x088000
[    2.644012] pci 0000:7f:0b.2: [8086:344d] type 00 class 0x088000
[    2.644173] pci 0000:7f:0b.3: [8086:344d] type 00 class 0x088000
[    2.644332] pci 0000:7f:0b.4: [8086:344d] type 00 class 0x088000
[    2.644451] pci 0000:7f:0b.5: [8086:344d] type 00 class 0x088000
[    2.644564] pci 0000:7f:0b.6: [8086:344d] type 00 class 0x088000
[    2.644676] pci 0000:7f:0b.7: [8086:344d] type 00 class 0x088000
[    2.644824] pci 0000:7f:0c.0: [8086:344d] type 00 class 0x088000
[    2.644959] pci 0000:7f:0c.1: [8086:344d] type 00 class 0x088000
[    2.645057] pci 0000:7f:0c.2: [8086:344d] type 00 class 0x088000
[    2.645204] pci 0000:7f:0c.3: [8086:344d] type 00 class 0x088000
[    2.645336] pci 0000:7f:0c.4: [8086:344d] type 00 class 0x088000
[    2.645476] pci 0000:7f:0c.5: [8086:344d] type 00 class 0x088000
[    2.645610] pci 0000:7f:0c.6: [8086:344d] type 00 class 0x088000
[    2.645754] pci 0000:7f:0c.7: [8086:344d] type 00 class 0x088000
[    2.645906] pci 0000:7f:0d.0: [8086:344d] type 00 class 0x088000
[    2.646049] pci 0000:7f:0d.1: [8086:344d] type 00 class 0x088000
[    2.646201] pci 0000:7f:0d.2: [8086:344d] type 00 class 0x088000
[    2.646353] pci 0000:7f:0d.3: [8086:344d] type 00 class 0x088000
[    2.646532] pci 0000:7f:1d.0: [8086:344f] type 00 class 0x088000
[    2.646673] pci 0000:7f:1d.1: [8086:3457] type 00 class 0x088000
[    2.646817] pci 0000:7f:1e.0: [8086:3458] type 00 class 0x088000
[    2.646902] pci 0000:7f:1e.1: [8086:3459] type 00 class 0x088000
[    2.646984] pci 0000:7f:1e.2: [8086:345a] type 00 class 0x088000
[    2.647066] pci 0000:7f:1e.3: [8086:345b] type 00 class 0x088000
[    2.647147] pci 0000:7f:1e.4: [8086:345c] type 00 class 0x088000
[    2.647229] pci 0000:7f:1e.5: [8086:345d] type 00 class 0x088000
[    2.647310] pci 0000:7f:1e.6: [8086:345e] type 00 class 0x088000
[    2.647395] pci 0000:7f:1e.7: [8086:345f] type 00 class 0x088000
[    2.647462] pci_bus 0000:7f: on NUMA node 0
[    2.647555] ACPI: PCI Root Bridge [PC06] (domain 0000 [bus 80-96])
[    2.647557] acpi PNP0A08:06: _OSC: OS supports [ExtendedConfig ASPM ClockPM Segments MSI EDR HPX-Type3]
[    2.659698] acpi PNP0A08:06: _OSC: platform does not support [SHPCHotplug AER DPC]
[    2.659878] acpi PNP0A08:06: _OSC: OS now controls [PCIeHotplug PME PCIeCapability LTR]
[    2.659879] acpi PNP0A08:06: FADT indicates ASPM is unsupported, using BIOS configuration
[    2.660005] PCI host bridge to bus 0000:80
[    2.660006] pci_bus 0000:80: root bus resource [io  0xb000-0xbfff window]
[    2.660008] pci_bus 0000:80: root bus resource [mem 0xc6800000-0xd0ffffff window]
[    2.660009] pci_bus 0000:80: root bus resource [mem 0x394000000000-0x397fffffffff window]
[    2.660010] pci_bus 0000:80: root bus resource [bus 80-96]
[    2.660040] pci 0000:80:00.0: [8086:09a2] type 00 class 0x088000
[    2.660132] pci 0000:80:00.1: [8086:09a4] type 00 class 0x088000
[    2.660218] pci 0000:80:00.2: [8086:09a3] type 00 class 0x088000
[    2.660301] pci 0000:80:00.4: [8086:0998] type 00 class 0x060000
[    2.660395] pci 0000:80:01.0: [8086:0b00] type 00 class 0x088000
[    2.660405] pci 0000:80:01.0: reg 0x10: [mem 0xc6ac0000-0xc6ac3fff 64bit]
[    2.660513] pci 0000:80:01.1: [8086:0b00] type 00 class 0x088000
[    2.660523] pci 0000:80:01.1: reg 0x10: [mem 0xc6abc000-0xc6abffff 64bit]
[    2.660630] pci 0000:80:01.2: [8086:0b00] type 00 class 0x088000
[    2.660640] pci 0000:80:01.2: reg 0x10: [mem 0xc6ab8000-0xc6abbfff 64bit]
[    2.660750] pci 0000:80:01.3: [8086:0b00] type 00 class 0x088000
[    2.660759] pci 0000:80:01.3: reg 0x10: [mem 0xc6ab4000-0xc6ab7fff 64bit]
[    2.660865] pci 0000:80:01.4: [8086:0b00] type 00 class 0x088000
[    2.660874] pci 0000:80:01.4: reg 0x10: [mem 0xc6ab0000-0xc6ab3fff 64bit]
[    2.660978] pci 0000:80:01.5: [8086:0b00] type 00 class 0x088000
[    2.660987] pci 0000:80:01.5: reg 0x10: [mem 0xc6aac000-0xc6aaffff 64bit]
[    2.661096] pci 0000:80:01.6: [8086:0b00] type 00 class 0x088000
[    2.661106] pci 0000:80:01.6: reg 0x10: [mem 0xc6aa8000-0xc6aabfff 64bit]
[    2.661212] pci 0000:80:01.7: [8086:0b00] type 00 class 0x088000
[    2.661221] pci 0000:80:01.7: reg 0x10: [mem 0xc6aa4000-0xc6aa7fff 64bit]
[    2.661315] pci 0000:80:02.0: [8086:09a6] type 00 class 0x088000
[    2.661323] pci 0000:80:02.0: reg 0x10: [mem 0xc6ac4000-0xc6ac5fff]
[    2.661396] pci 0000:80:02.1: [8086:09a7] type 00 class 0x088000
[    2.661404] pci 0000:80:02.1: reg 0x10: [mem 0xc6a00000-0xc6a7ffff]
[    2.661409] pci 0000:80:02.1: reg 0x14: [mem 0xc6980000-0xc69fffff]
[    2.661490] pci 0000:80:02.4: [8086:3456] type 00 class 0x130000
[    2.661500] pci 0000:80:02.4: reg 0x10: [mem 0xc6800000-0xc68fffff 64bit]
[    2.661507] pci 0000:80:02.4: reg 0x18: [mem 0xc6aa0000-0xc6aa3fff 64bit]
[    2.661513] pci 0000:80:02.4: reg 0x20: [mem 0xc6a80000-0xc6a9ffff 64bit]
[    2.661584] pci_bus 0000:80: on NUMA node 1
[    2.661655] ACPI: PCI Root Bridge [PC07] (domain 0000 [bus 97-af])
[    2.661657] acpi PNP0A08:07: _OSC: OS supports [ExtendedConfig ASPM ClockPM Segments MSI EDR HPX-Type3]
[    2.673706] acpi PNP0A08:07: _OSC: platform does not support [SHPCHotplug AER DPC]
[    2.673884] acpi PNP0A08:07: _OSC: OS now controls [PCIeHotplug PME PCIeCapability LTR]
[    2.673885] acpi PNP0A08:07: FADT indicates ASPM is unsupported, using BIOS configuration
[    2.673990] PCI host bridge to bus 0000:97
[    2.673991] pci_bus 0000:97: root bus resource [io  0xc000-0xcfff window]
[    2.673992] pci_bus 0000:97: root bus resource [mem 0xd1000000-0xdbbfffff window]
[    2.673994] pci_bus 0000:97: root bus resource [mem 0x398000000000-0x39bfffffffff window]
[    2.673995] pci_bus 0000:97: root bus resource [bus 97-af]
[    2.674008] pci 0000:97:00.0: [8086:09a2] type 00 class 0x088000
[    2.674079] pci 0000:97:00.1: [8086:09a4] type 00 class 0x088000
[    2.674150] pci 0000:97:00.2: [8086:09a3] type 00 class 0x088000
[    2.674219] pci 0000:97:00.4: [8086:0998] type 00 class 0x060000
[    2.674292] pci_bus 0000:97: on NUMA node 1
[    2.674355] ACPI: PCI Root Bridge [PC08] (domain 0000 [bus b0-c8])
[    2.674357] acpi PNP0A08:08: _OSC: OS supports [ExtendedConfig ASPM ClockPM Segments MSI EDR HPX-Type3]
[    2.686488] acpi PNP0A08:08: _OSC: platform does not support [SHPCHotplug AER DPC]
[    2.686667] acpi PNP0A08:08: _OSC: OS now controls [PCIeHotplug PME PCIeCapability LTR]
[    2.686668] acpi PNP0A08:08: FADT indicates ASPM is unsupported, using BIOS configuration
[    2.686774] PCI host bridge to bus 0000:b0
[    2.686774] pci_bus 0000:b0: root bus resource [io  0xd000-0xdfff window]
[    2.686776] pci_bus 0000:b0: root bus resource [mem 0xdbc00000-0xe67fffff window]
[    2.686777] pci_bus 0000:b0: root bus resource [mem 0x39c000000000-0x39ffffffffff window]
[    2.686778] pci_bus 0000:b0: root bus resource [bus b0-c8]
[    2.686791] pci 0000:b0:00.0: [8086:09a2] type 00 class 0x088000
[    2.686862] pci 0000:b0:00.1: [8086:09a4] type 00 class 0x088000
[    2.686931] pci 0000:b0:00.2: [8086:09a3] type 00 class 0x088000
[    2.687000] pci 0000:b0:00.4: [8086:0998] type 00 class 0x060000
[    2.687077] pci_bus 0000:b0: on NUMA node 1
[    2.687166] ACPI: PCI Root Bridge [PC10] (domain 0000 [bus c9-e1])
[    2.687169] acpi PNP0A08:0a: _OSC: OS supports [ExtendedConfig ASPM ClockPM Segments MSI EDR HPX-Type3]
[    2.699208] acpi PNP0A08:0a: _OSC: platform does not support [SHPCHotplug AER DPC]
[    2.699386] acpi PNP0A08:0a: _OSC: OS now controls [PCIeHotplug PME PCIeCapability LTR]
[    2.699387] acpi PNP0A08:0a: FADT indicates ASPM is unsupported, using BIOS configuration
[    2.699493] PCI host bridge to bus 0000:c9
[    2.699494] pci_bus 0000:c9: root bus resource [io  0xe000-0xefff window]
[    2.699495] pci_bus 0000:c9: root bus resource [mem 0xe6800000-0xf13fffff window]
[    2.699496] pci_bus 0000:c9: root bus resource [mem 0x3a0000000000-0x3a3fffffffff window]
[    2.699497] pci_bus 0000:c9: root bus resource [bus c9-e1]
[    2.699510] pci 0000:c9:00.0: [8086:09a2] type 00 class 0x088000
[    2.699582] pci 0000:c9:00.1: [8086:09a4] type 00 class 0x088000
[    2.699651] pci 0000:c9:00.2: [8086:09a3] type 00 class 0x088000
[    2.699722] pci 0000:c9:00.4: [8086:0998] type 00 class 0x060000
[    2.699796] pci_bus 0000:c9: on NUMA node 1
[    2.699859] ACPI: PCI Root Bridge [PC11] (domain 0000 [bus e2-fa])
[    2.699862] acpi PNP0A08:0b: _OSC: OS supports [ExtendedConfig ASPM ClockPM Segments MSI EDR HPX-Type3]
[    2.711920] acpi PNP0A08:0b: _OSC: platform does not support [SHPCHotplug AER DPC]
[    2.712101] acpi PNP0A08:0b: _OSC: OS now controls [PCIeHotplug PME PCIeCapability LTR]
[    2.712102] acpi PNP0A08:0b: FADT indicates ASPM is unsupported, using BIOS configuration
[    2.712202] PCI host bridge to bus 0000:e2
[    2.712203] pci_bus 0000:e2: root bus resource [io  0xf000-0xffff window]
[    2.712204] pci_bus 0000:e2: root bus resource [mem 0xf1400000-0xfb7fffff window]
[    2.712205] pci_bus 0000:e2: root bus resource [mem 0x3a4000000000-0x3a7fffffffff window]
[    2.712206] pci_bus 0000:e2: root bus resource [bus e2-fa]
[    2.712220] pci 0000:e2:00.0: [8086:09a2] type 00 class 0x088000
[    2.712292] pci 0000:e2:00.1: [8086:09a4] type 00 class 0x088000
[    2.712361] pci 0000:e2:00.2: [8086:09a3] type 00 class 0x088000
[    2.712432] pci 0000:e2:00.4: [8086:0998] type 00 class 0x060000
[    2.712516] pci_bus 0000:e2: on NUMA node 1
[    2.712573] ACPI: PCI Root Bridge [UC16] (domain 0000 [bus fe])
[    2.712576] acpi PNP0A03:02: _OSC: OS supports [ExtendedConfig ASPM ClockPM Segments MSI EDR HPX-Type3]
[    2.712723] acpi PNP0A03:02: _OSC: platform does not support [SHPCHotplug AER LTR DPC]
[    2.712875] acpi PNP0A03:02: _OSC: OS now controls [PCIeHotplug PME PCIeCapability]
[    2.712876] acpi PNP0A03:02: FADT indicates ASPM is unsupported, using BIOS configuration
[    2.712987] PCI host bridge to bus 0000:fe
[    2.712988] pci_bus 0000:fe: root bus resource [bus fe]
[    2.713018] pci 0000:fe:00.0: [8086:3450] type 00 class 0x088000
[    2.713097] pci 0000:fe:00.1: [8086:3451] type 00 class 0x088000
[    2.713171] pci 0000:fe:00.2: [8086:3452] type 00 class 0x088000
[    2.713246] pci 0000:fe:00.3: [8086:0998] type 00 class 0x060000
[    2.713321] pci 0000:fe:00.5: [8086:3455] type 00 class 0x088000
[    2.713414] pci 0000:fe:02.0: [8086:3440] type 00 class 0x088000
[    2.713549] pci 0000:fe:02.1: [8086:3441] type 00 class 0x088000
[    2.713678] pci 0000:fe:02.2: [8086:3442] type 00 class 0x088000
[    2.713819] pci 0000:fe:03.0: [8086:3440] type 00 class 0x088000
[    2.713919] pci 0000:fe:03.1: [8086:3441] type 00 class 0x088000
[    2.714013] pci 0000:fe:03.2: [8086:3442] type 00 class 0x088000
[    2.714116] pci 0000:fe:04.0: [8086:3440] type 00 class 0x088000
[    2.714255] pci 0000:fe:04.1: [8086:3441] type 00 class 0x088000
[    2.714392] pci 0000:fe:04.2: [8086:3442] type 00 class 0x088000
[    2.714528] pci 0000:fe:04.3: [8086:3443] type 00 class 0x088000
[    2.714677] pci 0000:fe:05.0: [8086:3445] type 00 class 0x088000
[    2.714816] pci 0000:fe:05.1: [8086:3446] type 00 class 0x088000
[    2.714947] pci 0000:fe:05.2: [8086:3447] type 00 class 0x088000
[    2.715087] pci 0000:fe:06.0: [8086:3445] type 00 class 0x088000
[    2.715188] pci 0000:fe:06.1: [8086:3446] type 00 class 0x088000
[    2.715285] pci 0000:fe:06.2: [8086:3447] type 00 class 0x088000
[    2.715403] pci 0000:fe:07.0: [8086:3445] type 00 class 0x088000
[    2.715545] pci 0000:fe:07.1: [8086:3446] type 00 class 0x088000
[    2.715683] pci 0000:fe:07.2: [8086:3447] type 00 class 0x088000
[    2.715834] pci 0000:fe:0b.0: [8086:3448] type 00 class 0x088000
[    2.715919] pci 0000:fe:0b.1: [8086:3448] type 00 class 0x088000
[    2.716001] pci 0000:fe:0b.2: [8086:344b] type 00 class 0x088000
[    2.716102] pci 0000:fe:0c.0: [8086:344a] type 00 class 0x110100
[    2.716223] pci 0000:fe:0d.0: [8086:344a] type 00 class 0x110100
[    2.716329] pci 0000:fe:0e.0: [8086:344a] type 00 class 0x110100
[    2.716480] pci 0000:fe:0f.0: [8086:344a] type 00 class 0x110100
[    2.716655] pci 0000:fe:1a.0: [8086:2880] type 00 class 0x110100
[    2.716779] pci 0000:fe:1b.0: [8086:2880] type 00 class 0x110100
[    2.716884] pci 0000:fe:1c.0: [8086:2880] type 00 class 0x110100
[    2.717045] pci 0000:fe:1d.0: [8086:2880] type 00 class 0x110100
[    2.717189] pci_bus 0000:fe: on NUMA node 1
[    2.717260] ACPI: PCI Root Bridge [UC17] (domain 0000 [bus ff])
[    2.717262] acpi PNP0A03:03: _OSC: OS supports [ExtendedConfig ASPM ClockPM Segments MSI EDR HPX-Type3]
[    2.717408] acpi PNP0A03:03: _OSC: platform does not support [SHPCHotplug AER LTR DPC]
[    2.717560] acpi PNP0A03:03: _OSC: OS now controls [PCIeHotplug PME PCIeCapability]
[    2.717561] acpi PNP0A03:03: FADT indicates ASPM is unsupported, using BIOS configuration
[    2.717683] PCI host bridge to bus 0000:ff
[    2.717684] pci_bus 0000:ff: root bus resource [bus ff]
[    2.717725] pci 0000:ff:00.0: [8086:344c] type 00 class 0x088000
[    2.717859] pci 0000:ff:00.1: [8086:344c] type 00 class 0x088000
[    2.717973] pci 0000:ff:00.2: [8086:344c] type 00 class 0x088000
[    2.718082] pci 0000:ff:00.3: [8086:344c] type 00 class 0x088000
[    2.718184] pci 0000:ff:00.4: [8086:344c] type 00 class 0x088000
[    2.718298] pci 0000:ff:00.5: [8086:344c] type 00 class 0x088000
[    2.718447] pci 0000:ff:00.6: [8086:344c] type 00 class 0x088000
[    2.718588] pci 0000:ff:00.7: [8086:344c] type 00 class 0x088000
[    2.718752] pci 0000:ff:01.0: [8086:344c] type 00 class 0x088000
[    2.718905] pci 0000:ff:01.1: [8086:344c] type 00 class 0x088000
[    2.719065] pci 0000:ff:01.2: [8086:344c] type 00 class 0x088000
[    2.719230] pci 0000:ff:01.3: [8086:344c] type 00 class 0x088000
[    2.719396] pci 0000:ff:01.4: [8086:344c] type 00 class 0x088000
[    2.719524] pci 0000:ff:01.5: [8086:344c] type 00 class 0x088000
[    2.719643] pci 0000:ff:01.6: [8086:344c] type 00 class 0x088000
[    2.719761] pci 0000:ff:01.7: [8086:344c] type 00 class 0x088000
[    2.719915] pci 0000:ff:02.0: [8086:344c] type 00 class 0x088000
[    2.720066] pci 0000:ff:02.1: [8086:344c] type 00 class 0x088000
[    2.720170] pci 0000:ff:02.2: [8086:344c] type 00 class 0x088000
[    2.720324] pci 0000:ff:02.3: [8086:344c] type 00 class 0x088000
[    2.720459] pci 0000:ff:02.4: [8086:344c] type 00 class 0x088000
[    2.720605] pci 0000:ff:02.5: [8086:344c] type 00 class 0x088000
[    2.720745] pci 0000:ff:02.6: [8086:344c] type 00 class 0x088000
[    2.720893] pci 0000:ff:02.7: [8086:344c] type 00 class 0x088000
[    2.721051] pci 0000:ff:03.0: [8086:344c] type 00 class 0x088000
[    2.721199] pci 0000:ff:03.1: [8086:344c] type 00 class 0x088000
[    2.721357] pci 0000:ff:03.2: [8086:344c] type 00 class 0x088000
[    2.721516] pci 0000:ff:03.3: [8086:344c] type 00 class 0x088000
[    2.721694] pci 0000:ff:0a.0: [8086:344d] type 00 class 0x088000
[    2.721829] pci 0000:ff:0a.1: [8086:344d] type 00 class 0x088000
[    2.721943] pci 0000:ff:0a.2: [8086:344d] type 00 class 0x088000
[    2.722052] pci 0000:ff:0a.3: [8086:344d] type 00 class 0x088000
[    2.722153] pci 0000:ff:0a.4: [8086:344d] type 00 class 0x088000
[    2.722261] pci 0000:ff:0a.5: [8086:344d] type 00 class 0x088000
[    2.722411] pci 0000:ff:0a.6: [8086:344d] type 00 class 0x088000
[    2.722552] pci 0000:ff:0a.7: [8086:344d] type 00 class 0x088000
[    2.722716] pci 0000:ff:0b.0: [8086:344d] type 00 class 0x088000
[    2.722879] pci 0000:ff:0b.1: [8086:344d] type 00 class 0x088000
[    2.723038] pci 0000:ff:0b.2: [8086:344d] type 00 class 0x088000
[    2.723204] pci 0000:ff:0b.3: [8086:344d] type 00 class 0x088000
[    2.723369] pci 0000:ff:0b.4: [8086:344d] type 00 class 0x088000
[    2.723490] pci 0000:ff:0b.5: [8086:344d] type 00 class 0x088000
[    2.723610] pci 0000:ff:0b.6: [8086:344d] type 00 class 0x088000
[    2.723728] pci 0000:ff:0b.7: [8086:344d] type 00 class 0x088000
[    2.723881] pci 0000:ff:0c.0: [8086:344d] type 00 class 0x088000
[    2.724025] pci 0000:ff:0c.1: [8086:344d] type 00 class 0x088000
[    2.724131] pci 0000:ff:0c.2: [8086:344d] type 00 class 0x088000
[    2.724285] pci 0000:ff:0c.3: [8086:344d] type 00 class 0x088000
[    2.724420] pci 0000:ff:0c.4: [8086:344d] type 00 class 0x088000
[    2.724560] pci 0000:ff:0c.5: [8086:344d] type 00 class 0x088000
[    2.724699] pci 0000:ff:0c.6: [8086:344d] type 00 class 0x088000
[    2.724846] pci 0000:ff:0c.7: [8086:344d] type 00 class 0x088000
[    2.725004] pci 0000:ff:0d.0: [8086:344d] type 00 class 0x088000
[    2.725155] pci 0000:ff:0d.1: [8086:344d] type 00 class 0x088000
[    2.725314] pci 0000:ff:0d.2: [8086:344d] type 00 class 0x088000
[    2.725473] pci 0000:ff:0d.3: [8086:344d] type 00 class 0x088000
[    2.725659] pci 0000:ff:1d.0: [8086:344f] type 00 class 0x088000
[    2.725800] pci 0000:ff:1d.1: [8086:3457] type 00 class 0x088000
[    2.725949] pci 0000:ff:1e.0: [8086:3458] type 00 class 0x088000
[    2.726039] pci 0000:ff:1e.1: [8086:3459] type 00 class 0x088000
[    2.726124] pci 0000:ff:1e.2: [8086:345a] type 00 class 0x088000
[    2.726212] pci 0000:ff:1e.3: [8086:345b] type 00 class 0x088000
[    2.726297] pci 0000:ff:1e.4: [8086:345c] type 00 class 0x088000
[    2.726382] pci 0000:ff:1e.5: [8086:345d] type 00 class 0x088000
[    2.726466] pci 0000:ff:1e.6: [8086:345e] type 00 class 0x088000
[    2.726550] pci 0000:ff:1e.7: [8086:345f] type 00 class 0x088000
[    2.726621] pci_bus 0000:ff: on NUMA node 1
[    2.727986] iommu: Default domain type: Translated 
[    2.727986] iommu: DMA domain TLB invalidation policy: lazy mode 
[    2.727986] pci 0000:03:00.0: vgaarb: setting as boot VGA device
[    2.727986] pci 0000:03:00.0: vgaarb: VGA device added: decodes=io+mem,owns=io+mem,locks=none
[    2.728011] pci 0000:03:00.0: vgaarb: bridge control possible
[    2.728012] vgaarb: loaded
[    2.728187] SCSI subsystem initialized
[    2.728199] libata version 3.00 loaded.
[    2.728199] ACPI: bus type USB registered
[    2.728199] usbcore: registered new interface driver usbfs
[    2.728199] usbcore: registered new interface driver hub
[    2.728199] usbcore: registered new device driver usb
[    2.728199] pps_core: LinuxPPS API ver. 1 registered
[    2.728199] pps_core: Software ver. 5.3.6 - Copyright 2005-2007 Rodolfo Giometti <giometti@linux.it>
[    2.728199] PTP clock support registered
[    2.728199] EDAC MC: Ver: 3.0.0
[    2.732102] NetLabel: Initializing
[    2.732102] NetLabel:  domain hash size = 128
[    2.732103] NetLabel:  protocols = UNLABELED CIPSOv4 CALIPSO
[    2.732117] NetLabel:  unlabeled traffic allowed by default
[    2.732128] PCI: Using ACPI for IRQ routing
[    2.732128] PCI: pci_cache_line_size set to 64 bytes
[    2.732601] Expanded resource Reserved due to conflict with PNP0003:00
[    2.732603] e820: reserve RAM buffer [mem 0x0009e000-0x0009ffff]
[    2.732605] e820: reserve RAM buffer [mem 0x4a42b000-0x4bffffff]
[    2.732606] e820: reserve RAM buffer [mem 0x4b86e000-0x4bffffff]
[    2.732607] e820: reserve RAM buffer [mem 0x4c20f000-0x4fffffff]
[    2.732608] e820: reserve RAM buffer [mem 0x51b00000-0x53ffffff]
[    2.732609] e820: reserve RAM buffer [mem 0x5eefe000-0x5fffffff]
[    2.732611] e820: reserve RAM buffer [mem 0x6f800000-0x6fffffff]
[    2.737279] hpet0: at MMIO 0xfed00000, IRQs 2, 8, 0, 0, 0, 0, 0, 0
[    2.737286] hpet0: 8 comparators, 64-bit 24.000000 MHz counter
[    2.737286] clocksource: Switched to clocksource tsc-early
[    2.745164] VFS: Disk quotas dquot_6.6.0
[    2.745186] VFS: Dquot-cache hash table entries: 512 (order 0, 4096 bytes)
[    2.745306] AppArmor: AppArmor Filesystem Enabled
[    2.745320] pnp: PnP ACPI init
[    2.756831] system 00:01: [io  0x0500-0x05fe] has been reserved
[    2.756833] system 00:01: [io  0x0400-0x041f] has been reserved
[    2.756835] system 00:01: [io  0x0600-0x061f] has been reserved
[    2.756836] system 00:01: [io  0x0ca0-0x0ca1] has been reserved
[    2.756837] system 00:01: [io  0x0ca4-0x0ca6] has been reserved
[    2.756841] system 00:01: [mem 0xff000000-0xffffffff] has been reserved
[    2.757385] system 00:04: [mem 0xfd000000-0xfdabffff] has been reserved
[    2.757387] system 00:04: [mem 0xfdad0000-0xfdadffff] has been reserved
[    2.757388] system 00:04: [mem 0xfdb00000-0xfdffffff] has been reserved
[    2.757389] system 00:04: [mem 0xfe000000-0xfe00ffff] has been reserved
[    2.757391] system 00:04: [mem 0xfe011000-0xfe01ffff] has been reserved
[    2.757392] system 00:04: [mem 0xfe036000-0xfe03bfff] has been reserved
[    2.757393] system 00:04: [mem 0xfe03d000-0xfe3fffff] has been reserved
[    2.757394] system 00:04: [mem 0xfe410000-0xfe7fffff] has been reserved
[    2.757673] system 00:05: [io  0x1000-0x10fe] has been reserved
[    2.758576] pnp: PnP ACPI: found 6 devices
[    2.764131] clocksource: acpi_pm: mask: 0xffffff max_cycles: 0xffffff, max_idle_ns: 2085701024 ns
[    2.764194] NET: Registered PF_INET protocol family
[    2.764519] IP idents hash table entries: 262144 (order: 9, 2097152 bytes, vmalloc)
[    2.766450] tcp_listen_portaddr_hash hash table entries: 65536 (order: 8, 1048576 bytes, vmalloc)
[    2.767133] TCP established hash table entries: 524288 (order: 10, 4194304 bytes, vmalloc)
[    2.767708] TCP bind hash table entries: 65536 (order: 8, 1048576 bytes, vmalloc)
[    2.767765] TCP: Hash tables configured (established 524288 bind 65536)
[    2.768113] MPTCP token hash table entries: 65536 (order: 8, 1572864 bytes, vmalloc)
[    2.768570] UDP hash table entries: 65536 (order: 9, 2097152 bytes, vmalloc)
[    2.769052] UDP-Lite hash table entries: 65536 (order: 9, 2097152 bytes, vmalloc)
[    2.769398] NET: Registered PF_UNIX/PF_LOCAL protocol family
[    2.769405] NET: Registered PF_XDP protocol family
[    2.769411] pci 0000:04:00.0: can't claim BAR 6 [mem 0xfffc0000-0xffffffff pref]: no compatible bridge window
[    2.769413] pci 0000:04:00.1: can't claim BAR 6 [mem 0xfffc0000-0xffffffff pref]: no compatible bridge window
[    2.769415] pci 0000:17:00.0: can't claim BAR 6 [mem 0xfff00000-0xffffffff pref]: no compatible bridge window
[    2.769433] pci 0000:00:1c.5: BAR 14: assigned [mem 0x90000000-0x900fffff]
[    2.769436] pci 0000:00:1c.0: PCI bridge to [bus 01]
[    2.769446] pci 0000:02:00.0: PCI bridge to [bus 03]
[    2.769450] pci 0000:02:00.0:   bridge window [mem 0x92000000-0x928fffff]
[    2.769454] pci 0000:02:00.0:   bridge window [mem 0x91000000-0x91ffffff 64bit pref]
[    2.769460] pci 0000:00:1c.4: PCI bridge to [bus 02-03]
[    2.769463] pci 0000:00:1c.4:   bridge window [mem 0x92000000-0x928fffff]
[    2.769465] pci 0000:00:1c.4:   bridge window [mem 0x91000000-0x91ffffff 64bit pref]
[    2.769470] pci 0000:04:00.0: BAR 6: assigned [mem 0x90000000-0x9003ffff pref]
[    2.769472] pci 0000:04:00.1: BAR 6: assigned [mem 0x90040000-0x9007ffff pref]
[    2.769473] pci 0000:00:1c.5: PCI bridge to [bus 04]
[    2.769476] pci 0000:00:1c.5:   bridge window [mem 0x90000000-0x900fffff]
[    2.769478] pci 0000:00:1c.5:   bridge window [mem 0x92900000-0x929fffff 64bit pref]
[    2.769483] pci_bus 0000:00: resource 4 [io  0x0000-0x0cf7 window]
[    2.769485] pci_bus 0000:00: resource 5 [io  0x1000-0x4fff window]
[    2.769486] pci_bus 0000:00: resource 6 [mem 0x000a0000-0x000bffff window]
[    2.769487] pci_bus 0000:00: resource 7 [mem 0x000c8000-0x000cffff window]
[    2.769488] pci_bus 0000:00: resource 8 [mem 0xfe010000-0xfe010fff window]
[    2.769489] pci_bus 0000:00: resource 9 [mem 0x90000000-0x9b7fffff window]
[    2.769490] pci_bus 0000:00: resource 10 [mem 0x380000000000-0x383fffffffff window]
[    2.769492] pci_bus 0000:02: resource 1 [mem 0x92000000-0x928fffff]
[    2.769493] pci_bus 0000:02: resource 2 [mem 0x91000000-0x91ffffff 64bit pref]
[    2.769494] pci_bus 0000:03: resource 1 [mem 0x92000000-0x928fffff]
[    2.769495] pci_bus 0000:03: resource 2 [mem 0x91000000-0x91ffffff 64bit pref]
[    2.769496] pci_bus 0000:04: resource 1 [mem 0x90000000-0x900fffff]
[    2.769497] pci_bus 0000:04: resource 2 [mem 0x92900000-0x929fffff 64bit pref]
[    2.769565] pci 0000:17:00.0: BAR 6: no space for [mem size 0x00100000 pref]
[    2.769567] pci 0000:17:00.0: BAR 6: failed to assign [mem size 0x00100000 pref]
[    2.769568] pci 0000:16:02.0: PCI bridge to [bus 17]
[    2.769570] pci 0000:16:02.0:   bridge window [io  0x5000-0x5fff]
[    2.769572] pci 0000:16:02.0:   bridge window [mem 0x9ba00000-0x9bafffff]
[    2.769574] pci 0000:16:02.0:   bridge window [mem 0x9b800000-0x9b9fffff 64bit pref]
[    2.769577] pci_bus 0000:16: resource 4 [io  0x5000-0x6fff window]
[    2.769578] pci_bus 0000:16: resource 5 [mem 0x9b800000-0xa63fffff window]
[    2.769579] pci_bus 0000:16: resource 6 [mem 0x384000000000-0x387fffffffff window]
[    2.769580] pci_bus 0000:17: resource 0 [io  0x5000-0x5fff]
[    2.769581] pci_bus 0000:17: resource 1 [mem 0x9ba00000-0x9bafffff]
[    2.769582] pci_bus 0000:17: resource 2 [mem 0x9b800000-0x9b9fffff 64bit pref]
[    2.769589] pci_bus 0000:30: resource 4 [io  0x7000-0x8fff window]
[    2.769590] pci_bus 0000:30: resource 5 [mem 0xa6400000-0xb0ffffff window]
[    2.769591] pci_bus 0000:30: resource 6 [mem 0x388000000000-0x38bfffffffff window]
[    2.769597] pci_bus 0000:4a: resource 4 [io  0x9000-0x9fff window]
[    2.769598] pci_bus 0000:4a: resource 5 [mem 0xb1000000-0xbbbfffff window]
[    2.769599] pci_bus 0000:4a: resource 6 [mem 0x38c000000000-0x38ffffffffff window]
[    2.769606] pci_bus 0000:64: resource 4 [io  0xa000-0xafff window]
[    2.769607] pci_bus 0000:64: resource 5 [mem 0xbbc00000-0xc5ffffff window]
[    2.769608] pci_bus 0000:64: resource 6 [mem 0x390000000000-0x393fffffffff window]
[    2.769639] pci_bus 0000:80: resource 4 [io  0xb000-0xbfff window]
[    2.769640] pci_bus 0000:80: resource 5 [mem 0xc6800000-0xd0ffffff window]
[    2.769641] pci_bus 0000:80: resource 6 [mem 0x394000000000-0x397fffffffff window]
[    2.769647] pci_bus 0000:97: resource 4 [io  0xc000-0xcfff window]
[    2.769648] pci_bus 0000:97: resource 5 [mem 0xd1000000-0xdbbfffff window]
[    2.769649] pci_bus 0000:97: resource 6 [mem 0x398000000000-0x39bfffffffff window]
[    2.769656] pci_bus 0000:b0: resource 4 [io  0xd000-0xdfff window]
[    2.769657] pci_bus 0000:b0: resource 5 [mem 0xdbc00000-0xe67fffff window]
[    2.769658] pci_bus 0000:b0: resource 6 [mem 0x39c000000000-0x39ffffffffff window]
[    2.769664] pci_bus 0000:c9: resource 4 [io  0xe000-0xefff window]
[    2.769665] pci_bus 0000:c9: resource 5 [mem 0xe6800000-0xf13fffff window]
[    2.769666] pci_bus 0000:c9: resource 6 [mem 0x3a0000000000-0x3a3fffffffff window]
[    2.769672] pci_bus 0000:e2: resource 4 [io  0xf000-0xffff window]
[    2.769673] pci_bus 0000:e2: resource 5 [mem 0xf1400000-0xfb7fffff window]
[    2.769674] pci_bus 0000:e2: resource 6 [mem 0x3a4000000000-0x3a7fffffffff window]
[    2.771534] PCI: CLS 0 bytes, default 64
[    2.771621] Trying to unpack rootfs image as initramfs...
[    2.771651] PCI-DMA: Using software bounce buffering for IO (SWIOTLB)
[    2.771652] software IO TLB: mapped [mem 0x000000005aefe000-0x000000005eefe000] (64MB)
[    2.790377] Initialise system trusted keyrings
[    2.790391] Key type blacklist registered
[    2.790470] workingset: timestamp_bits=36 max_order=25 bucket_order=0
[    2.791738] zbud: loaded
[    2.792111] squashfs: version 4.0 (2009/01/31) Phillip Lougher
[    2.792277] fuse: init (API version 7.34)
[    2.792486] integrity: Platform Keyring initialized
[    2.802666] Key type asymmetric registered
[    2.802668] Asymmetric key parser 'x509' registered
[    2.802683] Block layer SCSI generic (bsg) driver version 0.4 loaded (major 243)
[    2.802739] io scheduler mq-deadline registered
[    2.804787] pcieport 0000:00:1c.0: PME: Signaling with IRQ 130
[    2.804937] pcieport 0000:00:1c.4: PME: Signaling with IRQ 131
[    2.805078] pcieport 0000:00:1c.5: PME: Signaling with IRQ 132
[    2.805203] pcieport 0000:16:02.0: PME: Signaling with IRQ 133
[    2.805534] shpchp: Standard Hot Plug PCI Controller Driver version: 0.4
[    2.805765] Monitor-Mwait will be used to enter C-1 state
[    2.805772] Monitor-Mwait will be used to enter C-2 state
[    2.805776] ACPI: \_SB_.SCK0.C000: Found 2 idle states
[    2.809998] input: Power Button as /devices/LNXSYSTM:00/LNXPWRBN:00/input/input0
[    2.810053] ACPI: button: Power Button [PWRF]
[    2.811528] acpi/hmat: HMAT: Memory (0x0 length 0x80000000) Flags:0003 Processor Domain:0 Memory Domain:0
[    2.811531] acpi/hmat: HMAT: Memory (0x100000000 length 0xf80000000) Flags:0003 Processor Domain:0 Memory Domain:0
[    2.811533] acpi/hmat: HMAT: Memory (0x2080000000 length 0x7e00000000) Flags:0003 Processor Domain:0 Memory Domain:2
[    2.811534] acpi/hmat: HMAT: Memory (0x1080000000 length 0x1000000000) Flags:0003 Processor Domain:1 Memory Domain:1
[    2.811535] acpi/hmat: HMAT: Memory (0x9e80000000 length 0x7e00000000) Flags:0003 Processor Domain:1 Memory Domain:3
[    2.811536] acpi/hmat: HMAT: Locality: Flags:00 Type:Read Latency Initiator Domains:2 Target Domains:4 Base:100
[    2.811538] acpi/hmat:   Initiator-Target[0-0]:7600 nsec
[    2.811539] acpi/hmat:   Initiator-Target[0-1]:13560 nsec
[    2.811540] acpi/hmat:   Initiator-Target[0-2]:25350 nsec
[    2.811541] acpi/hmat:   Initiator-Target[0-3]:31600 nsec
[    2.811542] acpi/hmat:   Initiator-Target[1-0]:13560 nsec
[    2.811542] acpi/hmat:   Initiator-Target[1-1]:7600 nsec
[    2.811543] acpi/hmat:   Initiator-Target[1-2]:31600 nsec
[    2.811544] acpi/hmat:   Initiator-Target[1-3]:25350 nsec
[    2.811545] acpi/hmat: HMAT: Locality: Flags:00 Type:Write Latency Initiator Domains:2 Target Domains:4 Base:100
[    2.811546] acpi/hmat:   Initiator-Target[0-0]:7600 nsec
[    2.811547] acpi/hmat:   Initiator-Target[0-1]:13560 nsec
[    2.811548] acpi/hmat:   Initiator-Target[0-2]:25350 nsec
[    2.811548] acpi/hmat:   Initiator-Target[0-3]:31600 nsec
[    2.811549] acpi/hmat:   Initiator-Target[1-0]:13560 nsec
[    2.811550] acpi/hmat:   Initiator-Target[1-1]:7600 nsec
[    2.811550] acpi/hmat:   Initiator-Target[1-2]:31600 nsec
[    2.811551] acpi/hmat:   Initiator-Target[1-3]:25350 nsec
[    2.811552] acpi/hmat: HMAT: Locality: Flags:00 Type:Read Bandwidth Initiator Domains:2 Target Domains:4 Base:1
[    2.811553] acpi/hmat:   Initiator-Target[0-0]:1790 MB/s
[    2.811554] acpi/hmat:   Initiator-Target[0-1]:1790 MB/s
[    2.811554] acpi/hmat:   Initiator-Target[0-2]:463 MB/s
[    2.811555] acpi/hmat:   Initiator-Target[0-3]:463 MB/s
[    2.811556] acpi/hmat:   Initiator-Target[1-0]:1790 MB/s
[    2.811556] acpi/hmat:   Initiator-Target[1-1]:1790 MB/s
[    2.811557] acpi/hmat:   Initiator-Target[1-2]:463 MB/s
[    2.811557] acpi/hmat:   Initiator-Target[1-3]:463 MB/s
[    2.811558] acpi/hmat: HMAT: Locality: Flags:00 Type:Write Bandwidth Initiator Domains:2 Target Domains:4 Base:1
[    2.811559] acpi/hmat:   Initiator-Target[0-0]:1910 MB/s
[    2.811560] acpi/hmat:   Initiator-Target[0-1]:1910 MB/s
[    2.811560] acpi/hmat:   Initiator-Target[0-2]:138 MB/s
[    2.811561] acpi/hmat:   Initiator-Target[0-3]:138 MB/s
[    2.811562] acpi/hmat:   Initiator-Target[1-0]:1910 MB/s
[    2.811562] acpi/hmat:   Initiator-Target[1-1]:1910 MB/s
[    2.811563] acpi/hmat:   Initiator-Target[1-2]:138 MB/s
[    2.811564] acpi/hmat:   Initiator-Target[1-3]:138 MB/s
[    2.811708] ERST: Error Record Serialization Table (ERST) support is initialized.
[    2.811711] pstore: Registered erst as persistent store backend
[    2.811954] GHES: APEI firmware first mode is enabled by APEI bit and WHEA _OSC.
[    2.812121] Serial: 8250/16550 driver, 32 ports, IRQ sharing enabled
[    2.832864] 00:02: ttyS1 at I/O 0x2f8 (irq = 3, base_baud = 115200) is a 16550A
[    2.871503] 00:03: ttyS0 at I/O 0x3f8 (irq = 4, base_baud = 115200) is a 16550A
[    2.890690] Linux agpgart interface v0.103
[    2.901976] loop: module loaded
[    2.902335] tun: Universal TUN/TAP device driver, 1.6
[    2.902359] PPP generic driver version 2.4.2
[    2.902401] VFIO - User Level meta-driver version: 0.3
[    2.902509] ehci_hcd: USB 2.0 'Enhanced' Host Controller (EHCI) Driver
[    2.902512] ehci-pci: EHCI PCI platform driver
[    2.902535] ehci-platform: EHCI generic platform driver
[    2.902540] ohci_hcd: USB 1.1 'Open' Host Controller (OHCI) Driver
[    2.902543] ohci-pci: OHCI PCI platform driver
[    2.902562] ohci-platform: OHCI generic platform driver
[    2.902568] uhci_hcd: USB Universal Host Controller Interface driver
[    2.902612] i8042: PNP: No PS/2 controller found.
[    2.902649] mousedev: PS/2 mouse device common for all mice
[    2.902712] rtc_cmos 00:00: RTC can wake from S4
[    2.903099] rtc_cmos 00:00: registered as rtc0
[    2.903185] rtc_cmos 00:00: setting system clock to 2023-12-19T10:20:17 UTC (1702981217)
[    2.903202] rtc_cmos 00:00: alarms up to one month, y3k, 114 bytes nvram, hpet irqs
[    2.903208] i2c_dev: i2c /dev entries driver
[    2.908442] device-mapper: core: CONFIG_IMA_DISABLE_HTABLE is disabled. Duplicate IMA measurements will not be recorded in the IMA log.
[    2.908479] device-mapper: uevent: version 1.0.3
[    2.908521] device-mapper: ioctl: 4.45.0-ioctl (2021-03-22) initialised: dm-devel@redhat.com
[    2.908537] platform eisa.0: Probing EISA bus 0
[    2.908540] platform eisa.0: EISA: Cannot allocate resource for mainboard
[    2.908541] platform eisa.0: Cannot allocate resource for EISA slot 1
[    2.908542] platform eisa.0: Cannot allocate resource for EISA slot 2
[    2.908543] platform eisa.0: Cannot allocate resource for EISA slot 3
[    2.908544] platform eisa.0: Cannot allocate resource for EISA slot 4
[    2.908545] platform eisa.0: Cannot allocate resource for EISA slot 5
[    2.908546] platform eisa.0: Cannot allocate resource for EISA slot 6
[    2.908547] platform eisa.0: Cannot allocate resource for EISA slot 7
[    2.908548] platform eisa.0: Cannot allocate resource for EISA slot 8
[    2.908548] platform eisa.0: EISA: Detected 0 cards
[    2.908561] intel_pstate: P-states controlled by the platform
[    2.912142] ledtrig-cpu: registered to indicate activity on CPUs
[    2.912164] vesafb: mode is 1280x1024x32, linelength=5120, pages=0
[    2.912167] vesafb: scrolling: redraw
[    2.912167] vesafb: Truecolor: size=8:8:8:8, shift=24:16:8:0
[    2.912196] vesafb: framebuffer at 0x91000000, mapped to 0x00000000d6ab009c, using 5120k, total 5120k
[    2.912269] Console: switching to colour frame buffer device 160x64
[    3.079025] fb0: VESA VGA frame buffer device
[    3.079385] drop_monitor: Initializing network drop monitor service
[    3.079528] NET: Registered PF_INET6 protocol family
[    3.803998] tsc: Refined TSC clocksource calibration: 2992.967 MHz
[    3.804045] clocksource: tsc: mask: 0xffffffffffffffff max_cycles: 0x2b2451403c2, max_idle_ns: 440795229189 ns
[    3.804856] clocksource: Switched to clocksource tsc
[    4.017155] Freeing initrd memory: 820792K
[    4.031582] Segment Routing with IPv6
[    4.031599] In-situ OAM (IOAM) with IPv6
[    4.031630] NET: Registered PF_PACKET protocol family
[    4.031675] Key type dns_resolver registered
[    4.047920] microcode: sig=0x606a6, pf=0x1, revision=0xd0003b9
[    4.050160] microcode: Microcode Update Driver: v2.2.
[    4.052757] resctrl: L3 allocation detected
[    4.052761] resctrl: MB allocation detected
