[    0.000000] microcode: microcode updated early to revision 0xd0003b9, date = 2023-09-01
[    0.000000] Linux version 5.15.19-memtis (xmu@xmu-PowerEdge-R750) (gcc (Ubuntu 8.4.0-3ubuntu2) 8.4.0, GNU ld (GNU Binutils for Ubuntu) 2.34) #1 SMP Sat Dec 16 14:33:02 CST 2023
[    0.000000] Command line: BOOT_IMAGE=/boot/vmlinuz-5.15.19-memtis root=UUID=227abe24-d21b-4f64-839d-812ac630a4f4 ro systemd.unified_cgroup_hierarchy=yes quiet splash vt.handoff=7
[    0.000000] KERNEL supported cpus:
[    0.000000]   Intel GenuineIntel
[    0.000000]   AMD AuthenticAMD
[    0.000000]   Hygon HygonGenuine
[    0.000000]   Centaur CentaurHauls
[    0.000000]   zhaoxin   Shanghai  
[    0.000000] x86/split lock detection: #AC: crashing the kernel on kernel split_locks and warning on user-space split_locks
[    0.000000] x86/fpu: Supporting XSAVE feature 0x001: 'x87 floating point registers'
[    0.000000] x86/fpu: Supporting XSAVE feature 0x002: 'SSE registers'
[    0.000000] x86/fpu: Supporting XSAVE feature 0x004: 'AVX registers'
[    0.000000] x86/fpu: Supporting XSAVE feature 0x020: 'AVX-512 opmask'
[    0.000000] x86/fpu: Supporting XSAVE feature 0x040: 'AVX-512 Hi256'
[    0.000000] x86/fpu: Supporting XSAVE feature 0x080: 'AVX-512 ZMM_Hi256'
[    0.000000] x86/fpu: Supporting XSAVE feature 0x200: 'Protection Keys User registers'
[    0.000000] x86/fpu: xstate_offset[2]:  576, xstate_sizes[2]:  256
[    0.000000] x86/fpu: xstate_offset[5]:  832, xstate_sizes[5]:   64
[    0.000000] x86/fpu: xstate_offset[6]:  896, xstate_sizes[6]:  512
[    0.000000] x86/fpu: xstate_offset[7]: 1408, xstate_sizes[7]: 1024
[    0.000000] x86/fpu: xstate_offset[9]: 2432, xstate_sizes[9]:    8
[    0.000000] x86/fpu: Enabled xstate features 0x2e7, context size is 2440 bytes, using 'compacted' format.
[    0.000000] signal: max sigframe size: 3632
[    0.000000] BIOS-provided physical RAM map:
[    0.000000] BIOS-e820: [mem 0x0000000000000000-0x000000000009dfff] usable
[    0.000000] BIOS-e820: [mem 0x000000000009e000-0x000000000009ffff] reserved
[    0.000000] BIOS-e820: [mem 0x00000000000e0000-0x00000000000fffff] reserved
[    0.000000] BIOS-e820: [mem 0x0000000000100000-0x000000004a42afff] usable
[    0.000000] BIOS-e820: [mem 0x000000004a42b000-0x000000004b42afff] ACPI NVS
[    0.000000] BIOS-e820: [mem 0x000000004b42b000-0x000000004b86dfff] usable
[    0.000000] BIOS-e820: [mem 0x000000004b86e000-0x000000004baecfff] ACPI data
[    0.000000] BIOS-e820: [mem 0x000000004baed000-0x000000004c20efff] usable
[    0.000000] BIOS-e820: [mem 0x000000004c20f000-0x000000004c314fff] reserved
[    0.000000] BIOS-e820: [mem 0x000000004c315000-0x0000000051afffff] usable
[    0.000000] BIOS-e820: [mem 0x0000000051b00000-0x0000000051b00fff] reserved
[    0.000000] BIOS-e820: [mem 0x0000000051b01000-0x000000005eefdfff] usable
[    0.000000] BIOS-e820: [mem 0x000000005eefe000-0x000000006e3fefff] reserved
[    0.000000] BIOS-e820: [mem 0x000000006e3ff000-0x000000006f3fefff] ACPI NVS
[    0.000000] BIOS-e820: [mem 0x000000006f3ff000-0x000000006f7fefff] ACPI data
[    0.000000] BIOS-e820: [mem 0x000000006f7ff000-0x000000006f7fffff] usable
[    0.000000] BIOS-e820: [mem 0x000000006f800000-0x000000008fffffff] reserved
[    0.000000] BIOS-e820: [mem 0x00000000fd000000-0x00000000fe7fffff] reserved
[    0.000000] BIOS-e820: [mem 0x00000000fec00000-0x00000000fec00fff] reserved
[    0.000000] BIOS-e820: [mem 0x00000000fec80000-0x00000000fed00fff] reserved
[    0.000000] BIOS-e820: [mem 0x00000000fed40000-0x00000000fed44fff] reserved
[    0.000000] BIOS-e820: [mem 0x00000000ff000000-0x00000000ffffffff] reserved
[    0.000000] BIOS-e820: [mem 0x0000000100000000-0x000000207fffffff] usable
[    0.000000] BIOS-e820: [mem 0x0000002080000000-0x0000011c7fffffff] persistent (type 7)
[    0.000000] BIOS-e820: [mem 0x000037fc00000000-0x000037ffffffffff] reserved
[    0.000000] NX (Execute Disable) protection: active
[    0.000000] SMBIOS 3.3 present.
[    0.000000] DMI: Dell Inc. PowerEdge R750/0WT8Y6, BIOS 1.5.4 12/17/2021
[    0.000000] tsc: Detected 3000.000 MHz processor
[    0.021068] e820: update [mem 0x00000000-0x00000fff] usable ==> reserved
[    0.021209] e820: remove [mem 0x000a0000-0x000fffff] usable
[    0.021497] last_pfn = 0x2080000 max_arch_pfn = 0x10000000000
[    0.026715] x86/PAT: Configuration [0-7]: WB  WC  UC- UC  WB  WP  UC- WT  
[    0.059188] total RAM covered: 2095088M
[    0.062898]  gran_size: 64K 	chunk_size: 64K 	num_reg: 10  	lose cover RAM: 2016G
[    0.062994]  gran_size: 64K 	chunk_size: 128K 	num_reg: 10  	lose cover RAM: 2016G
[    0.063087]  gran_size: 64K 	chunk_size: 256K 	num_reg: 10  	lose cover RAM: 2016G
[    0.063136]  gran_size: 64K 	chunk_size: 512K 	num_reg: 10  	lose cover RAM: 2016G
[    0.063185]  gran_size: 64K 	chunk_size: 1M 	num_reg: 10  	lose cover RAM: 2016G
[    0.063234]  gran_size: 64K 	chunk_size: 2M 	num_reg: 10  	lose cover RAM: 2016G
[    0.063283]  gran_size: 64K 	chunk_size: 4M 	num_reg: 10  	lose cover RAM: 2016G
[    0.063332]  gran_size: 64K 	chunk_size: 8M 	num_reg: 10  	lose cover RAM: 2016G
[    0.063381]  gran_size: 64K 	chunk_size: 16M 	num_reg: 10  	lose cover RAM: 2016G
[    0.063475]  gran_size: 64K 	chunk_size: 32M 	num_reg: 10  	lose cover RAM: 1024G
[    0.063524]  gran_size: 64K 	chunk_size: 64M 	num_reg: 10  	lose cover RAM: 1024G
[    0.063573]  gran_size: 64K 	chunk_size: 128M 	num_reg: 10  	lose cover RAM: 1024G
[    0.063622]  gran_size: 64K 	chunk_size: 256M 	num_reg: 10  	lose cover RAM: 1024G
[    0.063670]  gran_size: 64K 	chunk_size: 512M 	num_reg: 10  	lose cover RAM: 1024G
[    0.063764]  gran_size: 64K 	chunk_size: 1G 	num_reg: 10  	lose cover RAM: 1024G
[    0.063813]  gran_size: 64K 	chunk_size: 2G 	num_reg: 10  	lose cover RAM: 1024G
[    0.063862]  gran_size: 128K 	chunk_size: 128K 	num_reg: 10  	lose cover RAM: 2016G
[    0.063911]  gran_size: 128K 	chunk_size: 256K 	num_reg: 10  	lose cover RAM: 2016G
[    0.064003]  gran_size: 128K 	chunk_size: 512K 	num_reg: 10  	lose cover RAM: 2016G
[    0.064051]  gran_size: 128K 	chunk_size: 1M 	num_reg: 10  	lose cover RAM: 2016G
[    0.064100]  gran_size: 128K 	chunk_size: 2M 	num_reg: 10  	lose cover RAM: 2016G
[    0.064149]  gran_size: 128K 	chunk_size: 4M 	num_reg: 10  	lose cover RAM: 2016G
[    0.064197]  gran_size: 128K 	chunk_size: 8M 	num_reg: 10  	lose cover RAM: 2016G
[    0.064246]  gran_size: 128K 	chunk_size: 16M 	num_reg: 10  	lose cover RAM: 2016G
[    0.064338]  gran_size: 128K 	chunk_size: 32M 	num_reg: 10  	lose cover RAM: 1024G
[    0.064387]  gran_size: 128K 	chunk_size: 64M 	num_reg: 10  	lose cover RAM: 1024G
[    0.064436]  gran_size: 128K 	chunk_size: 128M 	num_reg: 10  	lose cover RAM: 1024G
[    0.064486]  gran_size: 128K 	chunk_size: 256M 	num_reg: 10  	lose cover RAM: 1024G
[    0.064533]  gran_size: 128K 	chunk_size: 512M 	num_reg: 10  	lose cover RAM: 1024G
[    0.064625]  gran_size: 128K 	chunk_size: 1G 	num_reg: 10  	lose cover RAM: 1024G
[    0.064675]  gran_size: 128K 	chunk_size: 2G 	num_reg: 10  	lose cover RAM: 1024G
[    0.064724]  gran_size: 256K 	chunk_size: 256K 	num_reg: 10  	lose cover RAM: 2016G
[    0.064773]  gran_size: 256K 	chunk_size: 512K 	num_reg: 10  	lose cover RAM: 2016G
[    0.064822]  gran_size: 256K 	chunk_size: 1M 	num_reg: 10  	lose cover RAM: 2016G
[    0.064869]  gran_size: 256K 	chunk_size: 2M 	num_reg: 10  	lose cover RAM: 2016G
[    0.064963]  gran_size: 256K 	chunk_size: 4M 	num_reg: 10  	lose cover RAM: 2016G
[    0.065011]  gran_size: 256K 	chunk_size: 8M 	num_reg: 10  	lose cover RAM: 2016G
[    0.065060]  gran_size: 256K 	chunk_size: 16M 	num_reg: 10  	lose cover RAM: 2016G
[    0.065110]  gran_size: 256K 	chunk_size: 32M 	num_reg: 10  	lose cover RAM: 1024G
[    0.065157]  gran_size: 256K 	chunk_size: 64M 	num_reg: 10  	lose cover RAM: 1024G
[    0.065206]  gran_size: 256K 	chunk_size: 128M 	num_reg: 10  	lose cover RAM: 1024G
[    0.065299]  gran_size: 256K 	chunk_size: 256M 	num_reg: 10  	lose cover RAM: 1024G
[    0.065348]  gran_size: 256K 	chunk_size: 512M 	num_reg: 10  	lose cover RAM: 1024G
[    0.065397]  gran_size: 256K 	chunk_size: 1G 	num_reg: 10  	lose cover RAM: 1024G
[    0.065446]  gran_size: 256K 	chunk_size: 2G 	num_reg: 10  	lose cover RAM: 1024G
[    0.065495]  gran_size: 512K 	chunk_size: 512K 	num_reg: 10  	lose cover RAM: 2016G
[    0.065544]  gran_size: 512K 	chunk_size: 1M 	num_reg: 10  	lose cover RAM: 2016G
[    0.065592]  gran_size: 512K 	chunk_size: 2M 	num_reg: 10  	lose cover RAM: 2016G
[    0.065685]  gran_size: 512K 	chunk_size: 4M 	num_reg: 10  	lose cover RAM: 2016G
[    0.065732]  gran_size: 512K 	chunk_size: 8M 	num_reg: 10  	lose cover RAM: 2016G
[    0.065781]  gran_size: 512K 	chunk_size: 16M 	num_reg: 10  	lose cover RAM: 2016G
[    0.065831]  gran_size: 512K 	chunk_size: 32M 	num_reg: 10  	lose cover RAM: 1024G
[    0.065879]  gran_size: 512K 	chunk_size: 64M 	num_reg: 10  	lose cover RAM: 1024G
[    0.065928]  gran_size: 512K 	chunk_size: 128M 	num_reg: 10  	lose cover RAM: 1024G
[    0.065977]  gran_size: 512K 	chunk_size: 256M 	num_reg: 10  	lose cover RAM: 1024G
[    0.066071]  gran_size: 512K 	chunk_size: 512M 	num_reg: 10  	lose cover RAM: 1024G
[    0.066120]  gran_size: 512K 	chunk_size: 1G 	num_reg: 10  	lose cover RAM: 1024G
[    0.066169]  gran_size: 512K 	chunk_size: 2G 	num_reg: 10  	lose cover RAM: 1024G
[    0.066218]  gran_size: 1M 	chunk_size: 1M 	num_reg: 10  	lose cover RAM: 2016G
[    0.066266]  gran_size: 1M 	chunk_size: 2M 	num_reg: 10  	lose cover RAM: 2016G
[    0.066359]  gran_size: 1M 	chunk_size: 4M 	num_reg: 10  	lose cover RAM: 2016G
[    0.066408]  gran_size: 1M 	chunk_size: 8M 	num_reg: 10  	lose cover RAM: 2016G
[    0.066457]  gran_size: 1M 	chunk_size: 16M 	num_reg: 10  	lose cover RAM: 2016G
[    0.066506]  gran_size: 1M 	chunk_size: 32M 	num_reg: 10  	lose cover RAM: 1024G
[    0.066554]  gran_size: 1M 	chunk_size: 64M 	num_reg: 10  	lose cover RAM: 1024G
[    0.066647]  gran_size: 1M 	chunk_size: 128M 	num_reg: 10  	lose cover RAM: 1024G
[    0.066696]  gran_size: 1M 	chunk_size: 256M 	num_reg: 10  	lose cover RAM: 1024G
[    0.066745]  gran_size: 1M 	chunk_size: 512M 	num_reg: 10  	lose cover RAM: 1024G
[    0.066794]  gran_size: 1M 	chunk_size: 1G 	num_reg: 10  	lose cover RAM: 1024G
[    0.066843]  gran_size: 1M 	chunk_size: 2G 	num_reg: 10  	lose cover RAM: 1024G
[    0.066892]  gran_size: 2M 	chunk_size: 2M 	num_reg: 10  	lose cover RAM: 2016G
[    0.066986]  gran_size: 2M 	chunk_size: 4M 	num_reg: 10  	lose cover RAM: 2016G
[    0.067035]  gran_size: 2M 	chunk_size: 8M 	num_reg: 10  	lose cover RAM: 2016G
[    0.067084]  gran_size: 2M 	chunk_size: 16M 	num_reg: 10  	lose cover RAM: 2016G
[    0.067133]  gran_size: 2M 	chunk_size: 32M 	num_reg: 10  	lose cover RAM: 1024G
[    0.067182]  gran_size: 2M 	chunk_size: 64M 	num_reg: 10  	lose cover RAM: 1024G
[    0.067231]  gran_size: 2M 	chunk_size: 128M 	num_reg: 10  	lose cover RAM: 1024G
[    0.067324]  gran_size: 2M 	chunk_size: 256M 	num_reg: 10  	lose cover RAM: 1024G
[    0.067373]  gran_size: 2M 	chunk_size: 512M 	num_reg: 10  	lose cover RAM: 1024G
[    0.067421]  gran_size: 2M 	chunk_size: 1G 	num_reg: 10  	lose cover RAM: 1024G
[    0.067470]  gran_size: 2M 	chunk_size: 2G 	num_reg: 10  	lose cover RAM: 1024G
[    0.067518]  gran_size: 4M 	chunk_size: 4M 	num_reg: 10  	lose cover RAM: 2016G
[    0.067567]  gran_size: 4M 	chunk_size: 8M 	num_reg: 10  	lose cover RAM: 2016G
[    0.067615]  gran_size: 4M 	chunk_size: 16M 	num_reg: 10  	lose cover RAM: 2016G
[    0.067708]  gran_size: 4M 	chunk_size: 32M 	num_reg: 10  	lose cover RAM: 1024G
[    0.067757]  gran_size: 4M 	chunk_size: 64M 	num_reg: 10  	lose cover RAM: 1024G
[    0.067806]  gran_size: 4M 	chunk_size: 128M 	num_reg: 10  	lose cover RAM: 1024G
[    0.067855]  gran_size: 4M 	chunk_size: 256M 	num_reg: 10  	lose cover RAM: 1024G
[    0.067904]  gran_size: 4M 	chunk_size: 512M 	num_reg: 10  	lose cover RAM: 1024G
[    0.067953]  gran_size: 4M 	chunk_size: 1G 	num_reg: 10  	lose cover RAM: 1024G
[    0.068002]  gran_size: 4M 	chunk_size: 2G 	num_reg: 10  	lose cover RAM: 1024G
[    0.068095]  gran_size: 8M 	chunk_size: 8M 	num_reg: 10  	lose cover RAM: 2016G
[    0.068144]  gran_size: 8M 	chunk_size: 16M 	num_reg: 10  	lose cover RAM: 2016G
[    0.068193]  gran_size: 8M 	chunk_size: 32M 	num_reg: 10  	lose cover RAM: 1024G
[    0.068242]  gran_size: 8M 	chunk_size: 64M 	num_reg: 10  	lose cover RAM: 1024G
[    0.068290]  gran_size: 8M 	chunk_size: 128M 	num_reg: 10  	lose cover RAM: 1024G
[    0.068338]  gran_size: 8M 	chunk_size: 256M 	num_reg: 10  	lose cover RAM: 1024G
[    0.068387]  gran_size: 8M 	chunk_size: 512M 	num_reg: 10  	lose cover RAM: 1024G
[    0.068436]  gran_size: 8M 	chunk_size: 1G 	num_reg: 10  	lose cover RAM: 1024G
[    0.068529]  gran_size: 8M 	chunk_size: 2G 	num_reg: 10  	lose cover RAM: 1024G
[    0.068578]  gran_size: 16M 	chunk_size: 16M 	num_reg: 10  	lose cover RAM: 2016G
[    0.068627]  gran_size: 16M 	chunk_size: 32M 	num_reg: 10  	lose cover RAM: 1024G
[    0.068676]  gran_size: 16M 	chunk_size: 64M 	num_reg: 10  	lose cover RAM: 1024G
[    0.068725]  gran_size: 16M 	chunk_size: 128M 	num_reg: 10  	lose cover RAM: 1024G
[    0.068774]  gran_size: 16M 	chunk_size: 256M 	num_reg: 10  	lose cover RAM: 1024G
[    0.068867]  gran_size: 16M 	chunk_size: 512M 	num_reg: 10  	lose cover RAM: 1024G
[    0.068917]  gran_size: 16M 	chunk_size: 1G 	num_reg: 10  	lose cover RAM: 1024G
[    0.068966]  gran_size: 16M 	chunk_size: 2G 	num_reg: 10  	lose cover RAM: 1024G
[    0.069016]  gran_size: 32M 	chunk_size: 32M 	num_reg: 10  	lose cover RAM: 2031632M
[    0.069109]  gran_size: 32M 	chunk_size: 64M 	num_reg: 10  	lose cover RAM: 1048592M
[    0.069158]  gran_size: 32M 	chunk_size: 128M 	num_reg: 10  	lose cover RAM: 1048592M
[    0.069206]  gran_size: 32M 	chunk_size: 256M 	num_reg: 10  	lose cover RAM: 1048592M
[    0.069255]  gran_size: 32M 	chunk_size: 512M 	num_reg: 10  	lose cover RAM: 1048592M
[    0.069303]  gran_size: 32M 	chunk_size: 1G 	num_reg: 10  	lose cover RAM: 1048592M
[    0.069396]  gran_size: 32M 	chunk_size: 2G 	num_reg: 10  	lose cover RAM: 1048592M
[    0.069445]  gran_size: 64M 	chunk_size: 64M 	num_reg: 10  	lose cover RAM: 1966128M
[    0.069494]  gran_size: 64M 	chunk_size: 128M 	num_reg: 10  	lose cover RAM: 1048624M
[    0.069543]  gran_size: 64M 	chunk_size: 256M 	num_reg: 10  	lose cover RAM: 1048624M
[    0.069592]  gran_size: 64M 	chunk_size: 512M 	num_reg: 10  	lose cover RAM: 1048624M
[    0.069642]  gran_size: 64M 	chunk_size: 1G 	num_reg: 10  	lose cover RAM: 1048624M
[    0.069735]  gran_size: 64M 	chunk_size: 2G 	num_reg: 10  	lose cover RAM: 1048624M
[    0.069784]  gran_size: 128M 	chunk_size: 128M 	num_reg: 10  	lose cover RAM: 1835120M
[    0.069833]  gran_size: 128M 	chunk_size: 256M 	num_reg: 10  	lose cover RAM: 1048688M
[    0.069881]  gran_size: 128M 	chunk_size: 512M 	num_reg: 10  	lose cover RAM: 1048688M
[    0.069973]  gran_size: 128M 	chunk_size: 1G 	num_reg: 10  	lose cover RAM: 1048688M
[    0.070021]  gran_size: 128M 	chunk_size: 2G 	num_reg: 10  	lose cover RAM: 1048688M
[    0.070069]  gran_size: 256M 	chunk_size: 256M 	num_reg: 10  	lose cover RAM: 1573104M
[    0.070118]  gran_size: 256M 	chunk_size: 512M 	num_reg: 10  	lose cover RAM: 1048816M
[    0.070167]  gran_size: 256M 	chunk_size: 1G 	num_reg: 10  	lose cover RAM: 1048816M
[    0.070214]  gran_size: 256M 	chunk_size: 2G 	num_reg: 10  	lose cover RAM: 1048816M
[    0.070307]  gran_size: 512M 	chunk_size: 512M 	num_reg: 10  	lose cover RAM: 1049072M
[    0.070357]  gran_size: 512M 	chunk_size: 1G 	num_reg: 10  	lose cover RAM: 1049072M
[    0.070405]  gran_size: 512M 	chunk_size: 2G 	num_reg: 10  	lose cover RAM: 1049072M
[    0.070454]  gran_size: 1G 	chunk_size: 1G 	num_reg: 10  	lose cover RAM: 1008M
[    0.070503]  gran_size: 1G 	chunk_size: 2G 	num_reg: 10  	lose cover RAM: 1008M
[    0.070552]  gran_size: 2G 	chunk_size: 2G 	num_reg: 9  	lose cover RAM: 2032M
[    0.070645] mtrr_cleanup: can not find optimal value
[    0.070648] please specify mtrr_gran_size/mtrr_chunk_size
[    0.070744] e820: update [mem 0x7f000000-0xffffffff] usable ==> reserved
[    0.070889] last_pfn = 0x6f800 max_arch_pfn = 0x10000000000
[    0.354491] Using GB pages for direct mapping
[    0.356036] RAMDISK: [mem 0x05e61000-0x37feefff]
[    0.356045] ACPI: Early table checksum verification disabled
[    0.356051] ACPI: RSDP 0x00000000000FE320 000024 (v02 DELL  )
[    0.356057] ACPI: XSDT 0x000000006F41C188 0000FC (v01 DELL   PE_SC3   00000000 DELL 01000013)
[    0.356067] ACPI: FACP 0x000000006F42F000 000114 (v06 DELL   PE_SC3   00000000 DELL 00000001)
[    0.356076] ACPI: DSDT 0x000000004BA6D000 07FAD3 (v02 DELL   PE_SC3   00000003 DELL 00000001)
[    0.356081] ACPI: FACS 0x000000006F332000 000040
[    0.356086] ACPI: SSDT 0x000000006F7FB000 001571 (v02 INTEL  RAS_ACPI 00000001 INTL 20210331)
[    0.356091] ACPI: SSDT 0x000000006F7FA000 000745 (v02 INTEL  ADDRXLAT 00000001 INTL 20210331)
[    0.356096] ACPI: MCEJ 0x000000006F7F9000 000130 (v01 INTEL           00000001 INTL 0100000D)
[    0.356101] ACPI: EINJ 0x000000006F7F8000 000150 (v01 DELL   PE_SC3   00000001 INTL 00000001)
[    0.356106] ACPI: BERT 0x000000006F7F7000 000030 (v01 DELL   PE_SC3   00000001 INTL 00000001)
[    0.356111] ACPI: ERST 0x000000006F7F6000 000230 (v01 DELL   PE_SC3   00000001 INTL 00000001)
[    0.356116] ACPI: SSDT 0x000000006F430000 3C524E (v02 INTEL  SSDTNVDR 00001000 INTL 20210331)
[    0.356121] ACPI: HMAT 0x000000006F42E000 000210 (v01 DELL   PE_SC3   00000001 DELL 00000001)
[    0.356126] ACPI: HPET 0x000000006F42D000 000038 (v01 DELL   PE_SC3   00000001 DELL 00000001)
[    0.356130] ACPI: MCFG 0x000000006F42C000 00003C (v01 DELL   PE_SC3   00000001 DELL 00000001)
[    0.356136] ACPI: MIGT 0x000000006F42B000 000040 (v01 DELL   PE_SC3   00000000 DELL 00000001)
[    0.356140] ACPI: MSCT 0x000000006F42A000 000090 (v01 DELL   PE_SC3   00000001 DELL 00000001)
[    0.356145] ACPI: PMTT 0x000000006F428000 0011E8 (v02 DELL   PE_SC3   00000001 DELL 00000001)
[    0.356150] ACPI: WSMT 0x000000006F427000 000028 (v01 DELL   PE_SC3   00000000 DELL 00000001)
[    0.356155] ACPI: APIC 0x000000006F426000 0001DE (v04 DELL   PE_SC3   00000000 DELL 00000001)
[    0.356159] ACPI: SLIT 0x000000006F425000 00003C (v01 DELL   PE_SC3   00000001 DELL 01000013)
[    0.356164] ACPI: SRAT 0x000000006F41E000 006430 (v03 DELL   PE_SC3   00000002 DELL 01000013)
[    0.356169] ACPI: OEM4 0x000000004B8E5000 187A61 (v02 INTEL  CPU  CST 00003000 INTL 20210331)
[    0.356174] ACPI: SSDT 0x000000004B86E000 0764A5 (v02 INTEL  SSDT  PM 00004000 INTL 20210331)
[    0.356179] ACPI: SSDT 0x000000006F41D000 000A1F (v02 DELL   PE_SC3   00000000 DELL 00000001)
[    0.356183] ACPI: HEST 0x000000006F7FD000 00017C (v01 DELL   PE_SC3   00000001 INTL 00000001)
[    0.356188] ACPI: PCAT 0x000000006F41A000 00010C (v19 DELL   PE_SC3   00000002 DELL 00000001)
[    0.356193] ACPI: SSDT 0x000000006F412000 007299 (v02 INTEL  SpsNm    00000002 INTL 20210331)
[    0.356198] ACPI: SSDT 0x000000006F411000 000662 (v02 DELL   PE_SC3   00000002 DELL 00000001)
[    0.356203] ACPI: NFIT 0x000000006F41B000 000488 (v01 DELL   PE_SC3   00000002 DELL 00000001)
[    0.356207] ACPI: DMAR 0x000000006F410000 000178 (v01 DELL   PE_SC3   00000001 DELL 00000001)
[    0.356211] ACPI: Reserving FACP table memory at [mem 0x6f42f000-0x6f42f113]
[    0.356213] ACPI: Reserving DSDT table memory at [mem 0x4ba6d000-0x4baecad2]
[    0.356215] ACPI: Reserving FACS table memory at [mem 0x6f332000-0x6f33203f]
[    0.356216] ACPI: Reserving SSDT table memory at [mem 0x6f7fb000-0x6f7fc570]
[    0.356217] ACPI: Reserving SSDT table memory at [mem 0x6f7fa000-0x6f7fa744]
[    0.356219] ACPI: Reserving MCEJ table memory at [mem 0x6f7f9000-0x6f7f912f]
[    0.356220] ACPI: Reserving EINJ table memory at [mem 0x6f7f8000-0x6f7f814f]
[    0.356221] ACPI: Reserving BERT table memory at [mem 0x6f7f7000-0x6f7f702f]
[    0.356223] ACPI: Reserving ERST table memory at [mem 0x6f7f6000-0x6f7f622f]
[    0.356224] ACPI: Reserving SSDT table memory at [mem 0x6f430000-0x6f7f524d]
[    0.356225] ACPI: Reserving HMAT table memory at [mem 0x6f42e000-0x6f42e20f]
[    0.356226] ACPI: Reserving HPET table memory at [mem 0x6f42d000-0x6f42d037]
[    0.356228] ACPI: Reserving MCFG table memory at [mem 0x6f42c000-0x6f42c03b]
[    0.356229] ACPI: Reserving MIGT table memory at [mem 0x6f42b000-0x6f42b03f]
[    0.356230] ACPI: Reserving MSCT table memory at [mem 0x6f42a000-0x6f42a08f]
[    0.356231] ACPI: Reserving PMTT table memory at [mem 0x6f428000-0x6f4291e7]
[    0.356233] ACPI: Reserving WSMT table memory at [mem 0x6f427000-0x6f427027]
[    0.356234] ACPI: Reserving APIC table memory at [mem 0x6f426000-0x6f4261dd]
[    0.356235] ACPI: Reserving SLIT table memory at [mem 0x6f425000-0x6f42503b]
[    0.356237] ACPI: Reserving SRAT table memory at [mem 0x6f41e000-0x6f42442f]
[    0.356238] ACPI: Reserving OEM4 table memory at [mem 0x4b8e5000-0x4ba6ca60]
[    0.356239] ACPI: Reserving SSDT table memory at [mem 0x4b86e000-0x4b8e44a4]
[    0.356241] ACPI: Reserving SSDT table memory at [mem 0x6f41d000-0x6f41da1e]
[    0.356242] ACPI: Reserving HEST table memory at [mem 0x6f7fd000-0x6f7fd17b]
[    0.356244] ACPI: Reserving PCAT table memory at [mem 0x6f41a000-0x6f41a10b]
[    0.356245] ACPI: Reserving SSDT table memory at [mem 0x6f412000-0x6f419298]
[    0.356246] ACPI: Reserving SSDT table memory at [mem 0x6f411000-0x6f411661]
[    0.356248] ACPI: Reserving NFIT table memory at [mem 0x6f41b000-0x6f41b487]
[    0.356249] ACPI: Reserving DMAR table memory at [mem 0x6f410000-0x6f410177]
[    0.356326] SRAT: PXM 0 -> APIC 0x00 -> Node 0
[    0.356328] SRAT: PXM 0 -> APIC 0x01 -> Node 0
[    0.356330] SRAT: PXM 0 -> APIC 0x02 -> Node 0
[    0.356331] SRAT: PXM 0 -> APIC 0x03 -> Node 0
[    0.356332] SRAT: PXM 0 -> APIC 0x04 -> Node 0
[    0.356333] SRAT: PXM 0 -> APIC 0x05 -> Node 0
[    0.356334] SRAT: PXM 0 -> APIC 0x06 -> Node 0
[    0.356335] SRAT: PXM 0 -> APIC 0x07 -> Node 0
[    0.356336] SRAT: PXM 0 -> APIC 0x08 -> Node 0
[    0.356337] SRAT: PXM 0 -> APIC 0x09 -> Node 0
[    0.356338] SRAT: PXM 0 -> APIC 0x0a -> Node 0
[    0.356339] SRAT: PXM 0 -> APIC 0x0b -> Node 0
[    0.356340] SRAT: PXM 0 -> APIC 0x0c -> Node 0
[    0.356341] SRAT: PXM 0 -> APIC 0x0d -> Node 0
[    0.356342] SRAT: PXM 0 -> APIC 0x0e -> Node 0
[    0.356343] SRAT: PXM 0 -> APIC 0x0f -> Node 0
[    0.356344] SRAT: PXM 0 -> APIC 0x10 -> Node 0
[    0.356345] SRAT: PXM 0 -> APIC 0x11 -> Node 0
[    0.356346] SRAT: PXM 0 -> APIC 0x12 -> Node 0
[    0.356347] SRAT: PXM 0 -> APIC 0x13 -> Node 0
[    0.356348] SRAT: PXM 0 -> APIC 0x14 -> Node 0
[    0.356349] SRAT: PXM 0 -> APIC 0x15 -> Node 0
[    0.356350] SRAT: PXM 0 -> APIC 0x16 -> Node 0
[    0.356351] SRAT: PXM 0 -> APIC 0x17 -> Node 0
[    0.356353] SRAT: PXM 1 -> APIC 0x40 -> Node 1
[    0.356354] SRAT: PXM 1 -> APIC 0x41 -> Node 1
[    0.356355] SRAT: PXM 1 -> APIC 0x42 -> Node 1
[    0.356356] SRAT: PXM 1 -> APIC 0x43 -> Node 1
[    0.356357] SRAT: PXM 1 -> APIC 0x44 -> Node 1
[    0.356358] SRAT: PXM 1 -> APIC 0x45 -> Node 1
[    0.356359] SRAT: PXM 1 -> APIC 0x46 -> Node 1
[    0.356360] SRAT: PXM 1 -> APIC 0x47 -> Node 1
[    0.356361] SRAT: PXM 1 -> APIC 0x48 -> Node 1
[    0.356362] SRAT: PXM 1 -> APIC 0x49 -> Node 1
[    0.356363] SRAT: PXM 1 -> APIC 0x4a -> Node 1
[    0.356364] SRAT: PXM 1 -> APIC 0x4b -> Node 1
[    0.356365] SRAT: PXM 1 -> APIC 0x4c -> Node 1
[    0.356366] SRAT: PXM 1 -> APIC 0x4d -> Node 1
[    0.356367] SRAT: PXM 1 -> APIC 0x4e -> Node 1
[    0.356368] SRAT: PXM 1 -> APIC 0x4f -> Node 1
[    0.356369] SRAT: PXM 1 -> APIC 0x50 -> Node 1
[    0.356370] SRAT: PXM 1 -> APIC 0x51 -> Node 1
[    0.356371] SRAT: PXM 1 -> APIC 0x52 -> Node 1
[    0.356372] SRAT: PXM 1 -> APIC 0x53 -> Node 1
[    0.356373] SRAT: PXM 1 -> APIC 0x54 -> Node 1
[    0.356374] SRAT: PXM 1 -> APIC 0x55 -> Node 1
[    0.356375] SRAT: PXM 1 -> APIC 0x56 -> Node 1
[    0.356377] SRAT: PXM 1 -> APIC 0x57 -> Node 1
[    0.356411] ACPI: SRAT: Node 0 PXM 0 [mem 0x00000000-0x7fffffff]
[    0.356414] ACPI: SRAT: Node 0 PXM 0 [mem 0x100000000-0x107fffffff]
[    0.356416] ACPI: SRAT: Node 2 PXM 2 [mem 0x2080000000-0x9e7fffffff] non-volatile
[    0.356418] ACPI: SRAT: Node 1 PXM 1 [mem 0x1080000000-0x207fffffff]
[    0.356420] ACPI: SRAT: Node 3 PXM 3 [mem 0x9e80000000-0x11c7fffffff] non-volatile
[    0.356433] NUMA: Initialized distance table, cnt=4
[    0.356437] NUMA: Node 0 [mem 0x00000000-0x7fffffff] + [mem 0x100000000-0x107fffffff] -> [mem 0x00000000-0x107fffffff]
[    0.356452] NODE_DATA(0) allocated [mem 0x107ffd6000-0x107fffffff]
[    0.356483] NODE_DATA(1) allocated [mem 0x207ffd5000-0x207fffefff]
[    0.357088] Zone ranges:
[    0.357090]   DMA      [mem 0x0000000000001000-0x0000000000ffffff]
[    0.357093]   DMA32    [mem 0x0000000001000000-0x00000000ffffffff]
[    0.357095]   Normal   [mem 0x0000000100000000-0x000000207fffffff]
[    0.357097]   Device   empty
[    0.357099] Movable zone start for each node
[    0.357104] Early memory node ranges
[    0.357104]   node   0: [mem 0x0000000000001000-0x000000000009dfff]
[    0.357107]   node   0: [mem 0x0000000000100000-0x000000004a42afff]
[    0.357108]   node   0: [mem 0x000000004b42b000-0x000000004b86dfff]
[    0.357109]   node   0: [mem 0x000000004baed000-0x000000004c20efff]
[    0.357110]   node   0: [mem 0x000000004c315000-0x0000000051afffff]
[    0.357111]   node   0: [mem 0x0000000051b01000-0x000000005eefdfff]
[    0.357112]   node   0: [mem 0x000000006f7ff000-0x000000006f7fffff]
[    0.357113]   node   0: [mem 0x0000000100000000-0x000000107fffffff]
[    0.357120]   node   1: [mem 0x0000001080000000-0x000000207fffffff]
[    0.357128] Initmem setup node 0 [mem 0x0000000000001000-0x000000107fffffff]
[    0.357132] Initmem setup node 1 [mem 0x0000001080000000-0x000000207fffffff]
[    0.357136] On node 0, zone DMA: 1 pages in unavailable ranges
[    0.357179] On node 0, zone DMA: 98 pages in unavailable ranges
[    0.359681] On node 0, zone DMA32: 4096 pages in unavailable ranges
[    0.359702] On node 0, zone DMA32: 639 pages in unavailable ranges
[    0.359874] On node 0, zone DMA32: 262 pages in unavailable ranges
[    0.360286] On node 0, zone DMA32: 1 pages in unavailable ranges
[    0.360562] On node 0, zone DMA32: 35073 pages in unavailable ranges
[    0.484611] On node 0, zone Normal: 2048 pages in unavailable ranges
[    0.711355] ACPI: PM-Timer IO Port: 0x508
[    0.711371] ACPI: X2APIC_NMI (uid[0xffffffff] high edge lint[0x1])
[    0.711374] ACPI: LAPIC_NMI (acpi_id[0xff] high edge lint[0x1])
[    0.711394] IOAPIC[0]: apic_id 8, version 32, address 0xfec00000, GSI 0-119
[    0.711397] ACPI: INT_SRC_OVR (bus 0 bus_irq 0 global_irq 2 dfl dfl)
[    0.711399] ACPI: INT_SRC_OVR (bus 0 bus_irq 9 global_irq 9 high level)
[    0.711402] ACPI: Using ACPI (MADT) for SMP configuration information
[    0.711404] ACPI: HPET id: 0x8086a701 base: 0xfed00000
[    0.711409] TSC deadline timer available
[    0.711410] smpboot: Allowing 48 CPUs, 0 hotplug CPUs
[    0.711437] PM: hibernation: Registered nosave memory: [mem 0x00000000-0x00000fff]
[    0.711440] PM: hibernation: Registered nosave memory: [mem 0x0009e000-0x0009ffff]
[    0.711441] PM: hibernation: Registered nosave memory: [mem 0x000a0000-0x000dffff]
[    0.711442] PM: hibernation: Registered nosave memory: [mem 0x000e0000-0x000fffff]
[    0.711443] PM: hibernation: Registered nosave memory: [mem 0x4a42b000-0x4b42afff]
[    0.711445] PM: hibernation: Registered nosave memory: [mem 0x4b86e000-0x4baecfff]
[    0.711446] PM: hibernation: Registered nosave memory: [mem 0x4c20f000-0x4c314fff]
[    0.711448] PM: hibernation: Registered nosave memory: [mem 0x51b00000-0x51b00fff]
[    0.711450] PM: hibernation: Registered nosave memory: [mem 0x5eefe000-0x6e3fefff]
[    0.711450] PM: hibernation: Registered nosave memory: [mem 0x6e3ff000-0x6f3fefff]
[    0.711451] PM: hibernation: Registered nosave memory: [mem 0x6f3ff000-0x6f7fefff]
[    0.711453] PM: hibernation: Registered nosave memory: [mem 0x6f800000-0x8fffffff]
[    0.711453] PM: hibernation: Registered nosave memory: [mem 0x90000000-0xfcffffff]
[    0.711454] PM: hibernation: Registered nosave memory: [mem 0xfd000000-0xfe7fffff]
[    0.711454] PM: hibernation: Registered nosave memory: [mem 0xfe800000-0xfebfffff]
[    0.711455] PM: hibernation: Registered nosave memory: [mem 0xfec00000-0xfec00fff]
[    0.711456] PM: hibernation: Registered nosave memory: [mem 0xfec01000-0xfec7ffff]
[    0.711456] PM: hibernation: Registered nosave memory: [mem 0xfec80000-0xfed00fff]
[    0.711457] PM: hibernation: Registered nosave memory: [mem 0xfed01000-0xfed3ffff]
[    0.711458] PM: hibernation: Registered nosave memory: [mem 0xfed40000-0xfed44fff]
[    0.711458] PM: hibernation: Registered nosave memory: [mem 0xfed45000-0xfeffffff]
[    0.711459] PM: hibernation: Registered nosave memory: [mem 0xff000000-0xffffffff]
[    0.711461] [mem 0x90000000-0xfcffffff] available for PCI devices
[    0.711462] Booting paravirtualized kernel on bare hardware
[    0.711465] clocksource: refined-jiffies: mask: 0xffffffff max_cycles: 0xffffffff, max_idle_ns: 7645519600211568 ns
[    0.711474] setup_percpu: NR_CPUS:8192 nr_cpumask_bits:48 nr_cpu_ids:48 nr_node_ids:4
[    0.714976] percpu: Embedded 61 pages/cpu s212992 r8192 d28672 u262144
[    0.714986] pcpu-alloc: s212992 r8192 d28672 u262144 alloc=1*2097152
[    0.714989] pcpu-alloc: [0] 00 02 04 06 08 10 12 14 [0] 16 18 20 22 24 26 28 30 
[    0.714998] pcpu-alloc: [0] 32 34 36 38 40 42 44 46 [1] 01 03 05 07 09 11 13 15 
[    0.715006] pcpu-alloc: [1] 17 19 21 23 25 27 29 31 [1] 33 35 37 39 41 43 45 47 
[    0.715066] Built 2 zonelists, mobility grouping on.  Total pages: 32891659
[    0.715069] Policy zone: Normal
[    0.715070] Kernel command line: BOOT_IMAGE=/boot/vmlinuz-5.15.19-memtis root=UUID=227abe24-d21b-4f64-839d-812ac630a4f4 ro systemd.unified_cgroup_hierarchy=yes quiet splash vt.handoff=7
[    0.715175] Unknown kernel command line parameters "splash BOOT_IMAGE=/boot/vmlinuz-5.15.19-memtis", will be passed to user space.
[    0.715177] printk: log_buf_len individual max cpu contribution: 4096 bytes
[    0.715178] printk: log_buf_len total cpu_extra contributions: 192512 bytes
[    0.715178] printk: log_buf_len min size: 262144 bytes
[    0.715909] printk: log_buf_len: 524288 bytes
[    0.715910] printk: early log buf free: 233552(89%)
[    0.716456] mem auto-init: stack:off, heap alloc:on, heap free:off
[    1.035833] Memory: 130624260K/133655640K available (16393K kernel code, 4401K rwdata, 5616K rodata, 3040K init, 4696K bss, 3031176K reserved, 0K cma-reserved)
[    1.035840] random: get_random_u64 called from __kmem_cache_create+0x2f/0x490 with crng_init=0
[    1.036073] SLUB: HWalign=64, Order=0-3, MinObjects=0, CPUs=48, Nodes=4
[    1.036084] ftrace: allocating 49383 entries in 193 pages
[    1.048752] ftrace: allocated 193 pages with 3 groups

[    1.048786] **********************************************************
[    1.048786] **   NOTICE NOTICE NOTICE NOTICE NOTICE NOTICE NOTICE   **
[    1.048786] **                                                      **
[    1.048787] ** trace_printk() being used. Allocating extra memory.  **
[    1.048787] **                                                      **
[    1.048788] ** This means that this is a DEBUG kernel and it is     **
[    1.048788] ** unsafe for production use.                           **
[    1.048788] **                                                      **
[    1.048789] ** If you see this message and you are not debugging    **
[    1.048789] ** the kernel, report this immediately to your vendor!  **
[    1.048789] **                                                      **
[    1.048790] **   NOTICE NOTICE NOTICE NOTICE NOTICE NOTICE NOTICE   **
[    1.048790] **********************************************************
[    1.049245] rcu: Hierarchical RCU implementation.
[    1.049246] rcu: 	RCU restricting CPUs from NR_CPUS=8192 to nr_cpu_ids=48.
[    1.049248] 	Rude variant of Tasks RCU enabled.
[    1.049248] 	Tracing variant of Tasks RCU enabled.
[    1.049249] rcu: RCU calculated value of scheduler-enlistment delay is 25 jiffies.
[    1.049250] rcu: Adjusting geometry for rcu_fanout_leaf=16, nr_cpu_ids=48
[    1.052104] NR_IRQS: 524544, nr_irqs: 2440, preallocated irqs: 16
[    1.052381] random: crng done (trusting CPU's manufacturer)
[    1.052441] Console: colour dummy device 80x25
[    1.052465] printk: console [tty0] enabled
[    1.052509] mempolicy: Enabling automatic NUMA balancing. Configure with numa_balancing= or the kernel.numa_balancing sysctl
[    1.052512] ACPI: Core revision 20210730
[    1.055136] clocksource: hpet: mask: 0xffffffff max_cycles: 0xffffffff, max_idle_ns: 79635855245 ns
[    1.055179] APIC: Switch to symmetric I/O mode setup
[    1.055181] DMAR: Host address width 46
[    1.055182] DMAR: DRHD base: 0x000000d0ffc000 flags: 0x0
[    1.055186] DMAR: dmar0: reg_base_addr d0ffc000 ver 4:0 cap 8ed008c40780466 ecap 60000f050df
[    1.055188] DMAR: DRHD base: 0x000000dbbfc000 flags: 0x0
[    1.055191] DMAR: dmar1: reg_base_addr dbbfc000 ver 4:0 cap 8ed008c40780466 ecap 60000f050df
[    1.055192] DMAR: DRHD base: 0x000000e67fc000 flags: 0x0
[    1.055194] DMAR: dmar2: reg_base_addr e67fc000 ver 4:0 cap 8ed008c40780466 ecap 60000f050df
[    1.055196] DMAR: DRHD base: 0x000000f13fc000 flags: 0x0
[    1.055198] DMAR: dmar3: reg_base_addr f13fc000 ver 4:0 cap 8ed008c40780466 ecap 60000f050df
[    1.055200] DMAR: DRHD base: 0x000000fb7fc000 flags: 0x0
[    1.055202] DMAR: dmar4: reg_base_addr fb7fc000 ver 4:0 cap 8ed008c40780466 ecap 60000f050df
[    1.055204] DMAR: DRHD base: 0x000000a63fc000 flags: 0x0
[    1.055208] DMAR: dmar5: reg_base_addr a63fc000 ver 4:0 cap 8ed008c40780466 ecap 60000f050df
[    1.055210] DMAR: DRHD base: 0x000000b0ffc000 flags: 0x0
[    1.055212] DMAR: dmar6: reg_base_addr b0ffc000 ver 4:0 cap 8ed008c40780466 ecap 60000f050df
[    1.055213] DMAR: DRHD base: 0x000000bbbfc000 flags: 0x0
[    1.055215] DMAR: dmar7: reg_base_addr bbbfc000 ver 4:0 cap 8ed008c40780466 ecap 60000f050df
[    1.055216] DMAR: DRHD base: 0x000000c5ffc000 flags: 0x0
[    1.055218] DMAR: dmar8: reg_base_addr c5ffc000 ver 4:0 cap 8ed008c40780466 ecap 60000f050df
[    1.055220] DMAR: DRHD base: 0x0000009b7fc000 flags: 0x1
[    1.055222] DMAR: dmar9: reg_base_addr 9b7fc000 ver 4:0 cap 8ed008c40780466 ecap 60000f050df
[    1.055224] DMAR: RMRR base: 0x00000069cef000 end: 0x0000006a3eefff
[    1.055225] DMAR: RMRR base: 0x0000006944a000 end: 0x0000006944cfff
[    1.055226] DMAR: ATSR flags: 0x0
[    1.055228] DMAR-IR: IOAPIC id 8 under DRHD base  0x9b7fc000 IOMMU 9
[    1.055229] DMAR-IR: HPET id 0 under DRHD base 0x9b7fc000
[    1.055230] DMAR-IR: x2apic is disabled because BIOS sets x2apic opt out bit.
[    1.055231] DMAR-IR: Use 'intremap=no_x2apic_optout' to override the BIOS setting.
[    1.057954] DMAR-IR: Enabled IRQ remapping in xapic mode
[    1.057955] x2apic: IRQ remapping doesn't support X2APIC mode
[    1.057962] Switched APIC routing to physical flat.
[    1.060499] ..TIMER: vector=0x30 apic1=0 pin1=2 apic2=-1 pin2=-1
[    1.079105] clocksource: tsc-early: mask: 0xffffffffffffffff max_cycles: 0x2b3e459bf4c, max_idle_ns: 440795289890 ns
[    1.079111] Calibrating delay loop (skipped), value calculated using timer frequency.. 6000.00 BogoMIPS (lpj=12000000)
[    1.079113] pid_max: default: 49152 minimum: 384
[    1.079164] LSM: Security Framework initializing
[    1.079174] landlock: Up and running.
[    1.079175] Yama: becoming mindful.
[    1.079199] AppArmor: AppArmor initialized
[    1.087770] Dentry cache hash table entries: 8388608 (order: 14, 67108864 bytes, vmalloc)
[    1.092084] Inode-cache hash table entries: 4194304 (order: 13, 33554432 bytes, vmalloc)
[    1.092249] Mount-cache hash table entries: 131072 (order: 8, 1048576 bytes, vmalloc)
[    1.092386] Mountpoint-cache hash table entries: 131072 (order: 8, 1048576 bytes, vmalloc)
[    1.092722] x86/cpu: SGX disabled by BIOS.
[    1.092727] x86/tme: not enabled by BIOS
[    1.092736] CPU0: Thermal monitoring enabled (TM1)
[    1.092737] x86/cpu: User Mode Instruction Prevention (UMIP) activated
[    1.092950] process: using mwait in idle threads
[    1.092952] Last level iTLB entries: 4KB 0, 2MB 0, 4MB 0
[    1.092953] Last level dTLB entries: 4KB 0, 2MB 0, 4MB 0, 1GB 0
[    1.092959] Spectre V1 : Mitigation: usercopy/swapgs barriers and __user pointer sanitization
[    1.092960] Spectre V2 : Mitigation: Enhanced IBRS
[    1.092961] Spectre V2 : Spectre v2 / SpectreRSB mitigation: Filling RSB on context switch
[    1.092962] Spectre V2 : mitigation: Enabling conditional Indirect Branch Prediction Barrier
[    1.092963] Speculative Store Bypass: Mitigation: Speculative Store Bypass disabled via prctl and seccomp
[    1.098388] Freeing SMP alternatives memory: 44K
[    1.099206] smpboot: Estimated ratio of average max frequency by base frequency (times 1024): 1160
[    1.099217] smpboot: CPU0: Intel(R) Xeon(R) Gold 5317 CPU @ 3.00GHz (family: 0x6, model: 0x6a, stepping: 0x6)
[    1.099371] Performance Events: PEBS fmt4+-baseline,  AnyThread deprecated, Icelake events, 32-deep LBR, full-width counters, Intel PMU driver.
[    1.099391] ... version:                5
[    1.099391] ... bit width:              48
[    1.099392] ... generic registers:      8
[    1.099392] ... value mask:             0000ffffffffffff
[    1.099393] ... max period:             00007fffffffffff
[    1.099393] ... fixed-purpose events:   4
[    1.099394] ... event mask:             0001000f000000ff
[    1.099498] rcu: Hierarchical SRCU implementation.
[    1.102333] NMI watchdog: Enabled. Permanently consumes one hw-PMU counter.
[    1.102777] smp: Bringing up secondary CPUs ...
[    1.103108] x86: Booting SMP configuration:
[    1.103108] .... node  #1, CPUs:        #1
[    0.006756] smpboot: CPU 1 Converting physical 0 to logical die 1

[    1.249590] .... node  #0, CPUs:    #2
[    1.266515] .... node  #1, CPUs:    #3
[    1.307433] .... node  #0, CPUs:    #4
[    1.323370] .... node  #1, CPUs:    #5
[    1.363448] .... node  #0, CPUs:    #6
[    1.379377] .... node  #1, CPUs:    #7
[    1.419423] .... node  #0, CPUs:    #8
[    1.434483] .... node  #1, CPUs:    #9
[    1.475415] .... node  #0, CPUs:   #10
[    1.490086] .... node  #1, CPUs:   #11
[    1.531511] .... node  #0, CPUs:   #12
[    1.546360] .... node  #1, CPUs:   #13
[    1.587670] .... node  #0, CPUs:   #14
[    1.604240] .... node  #1, CPUs:   #15
[    1.619434] .... node  #0, CPUs:   #16
[    1.633947] .... node  #1, CPUs:   #17
[    1.651133] .... node  #0, CPUs:   #18
[    1.667135] .... node  #1, CPUs:   #19
[    1.681644] .... node  #0, CPUs:   #20
[    1.696089] .... node  #1, CPUs:   #21
[    1.712470] .... node  #0, CPUs:   #22
[    1.728685] .... node  #1, CPUs:   #23
[    1.743516] .... node  #0, CPUs:   #24
[    1.745329] .... node  #1, CPUs:   #25
[    1.751835] .... node  #0, CPUs:   #26
[    1.757606] .... node  #1, CPUs:   #27
[    1.763429] .... node  #0, CPUs:   #28
[    1.769313] .... node  #1, CPUs:   #29
[    1.775388] .... node  #0, CPUs:   #30
[    1.781216] .... node  #1, CPUs:   #31
[    1.787386] .... node  #0, CPUs:   #32
[    1.792909] .... node  #1, CPUs:   #33
[    1.799311] .... node  #0, CPUs:   #34
[    1.804799] .... node  #1, CPUs:   #35
[    1.810620] .... node  #0, CPUs:   #36
[    1.816490] .... node  #1, CPUs:   #37
[    1.822462] .... node  #0, CPUs:   #38
[    1.828387] .... node  #1, CPUs:   #39
[    1.834383] .... node  #0, CPUs:   #40
[    1.840010] .... node  #1, CPUs:   #41
[    1.845766] .... node  #0, CPUs:   #42
[    1.851689] .... node  #1, CPUs:   #43
[    1.857690] .... node  #0, CPUs:   #44
[    1.863568] .... node  #1, CPUs:   #45
[    1.869569] .... node  #0, CPUs:   #46
[    1.875469] .... node  #1, CPUs:   #47
[    1.881187] smp: Brought up 2 nodes, 48 CPUs
[    1.881187] smpboot: Max logical packages: 2
[    1.881187] smpboot: Total of 48 processors activated (288735.40 BogoMIPS)
[    1.887916] devtmpfs: initialized
[    1.887916] x86/mm: Memory block size: 2048MB
[    1.887916] ACPI: PM: Registering ACPI NVS region [mem 0x4a42b000-0x4b42afff] (16777216 bytes)
[    1.887916] ACPI: PM: Registering ACPI NVS region [mem 0x6e3ff000-0x6f3fefff] (16777216 bytes)
[    1.887916] clocksource: jiffies: mask: 0xffffffff max_cycles: 0xffffffff, max_idle_ns: 7645041785100000 ns
[    1.887916] futex hash table entries: 16384 (order: 8, 1048576 bytes, vmalloc)
[    1.887916] pinctrl core: initialized pinctrl subsystem
[    1.887916] PM: RTC time: 14:34:58, date: 2023-12-30
[    1.888025] NET: Registered PF_NETLINK/PF_ROUTE protocol family
[    1.888718] DMA: preallocated 4096 KiB GFP_KERNEL pool for atomic allocations
[    1.889143] DMA: preallocated 4096 KiB GFP_KERNEL|GFP_DMA pool for atomic allocations
[    1.889579] DMA: preallocated 4096 KiB GFP_KERNEL|GFP_DMA32 pool for atomic allocations
[    1.889586] audit: initializing netlink subsys (disabled)
[    1.889593] audit: type=2000 audit(1703946897.832:1): state=initialized audit_enabled=0 res=1
[    1.891152] thermal_sys: Registered thermal governor 'fair_share'
[    1.891153] thermal_sys: Registered thermal governor 'bang_bang'
[    1.891154] thermal_sys: Registered thermal governor 'step_wise'
[    1.891155] thermal_sys: Registered thermal governor 'user_space'
[    1.891155] thermal_sys: Registered thermal governor 'power_allocator'
[    1.891160] EISA bus registered
[    1.891172] cpuidle: using governor ladder
[    1.891172] cpuidle: using governor menu
[    1.891172] ACPI FADT declares the system doesn't support PCIe ASPM, so disable it
[    1.891172] ACPI: bus type PCI registered
[    1.891172] acpiphp: ACPI Hot Plug PCI Controller Driver version: 0.5
[    1.891201] PCI: MMCONFIG for domain 0000 [bus 00-ff] at [mem 0x80000000-0x8fffffff] (base 0x80000000)
[    1.891205] PCI: MMCONFIG at [mem 0x80000000-0x8fffffff] reserved in E820
[    1.891213] pmd_set_huge: Cannot satisfy [mem 0x80000000-0x80200000] with a huge-page mapping due to MTRR override.
[    1.891389] PCI: Using configuration type 1 for base access
[    1.891397] PCI: Dell System detected, enabling pci=bfsort.
[    1.892217] Kprobes globally optimized
[    1.892217] HugeTLB registered 1.00 GiB page size, pre-allocated 0 pages
[    1.892217] HugeTLB registered 2.00 MiB page size, pre-allocated 0 pages
[    1.895173] fbcon: Taking over console
[    1.895209] ACPI: Added _OSI(Module Device)
[    1.895210] ACPI: Added _OSI(Processor Device)
[    1.895211] ACPI: Added _OSI(3.0 _SCP Extensions)
[    1.895212] ACPI: Added _OSI(Processor Aggregator Device)
[    1.895213] ACPI: Added _OSI(Linux-Dell-Video)
[    1.895215] ACPI: Added _OSI(Linux-Lenovo-NV-HDMI-Audio)
[    1.895216] ACPI: Added _OSI(Linux-HPI-Hybrid-Graphics)
[    2.041774] ACPI: 8 ACPI AML tables successfully acquired and loaded
[    2.047015] ACPI: [Firmware Bug]: BIOS _OSI(Linux) query ignored
[    2.051806] ACPI: Dynamic OEM Table Load:
[    2.372854] ACPI: Interpreter enabled
[    2.372876] ACPI: PM: (supports S0 S5)
[    2.372877] ACPI: Using IOAPIC for interrupt routing
[    2.372971] HEST: Table parsing has been initialized.
[    2.372973] PCI: Using host bridge windows from ACPI; if necessary, use "pci=nocrs" and report a bug
[    2.394354] ACPI: Enabled 4 GPEs in block 00 to 7F
[    2.483185] ACPI: PCI Root Bridge [PC00] (domain 0000 [bus 00-15])
[    2.483191] acpi PNP0A08:00: _OSC: OS supports [ExtendedConfig ASPM ClockPM Segments MSI EDR HPX-Type3]
[    2.514136] acpi PNP0A08:00: _OSC: platform does not support [SHPCHotplug AER LTR DPC]
[    2.514326] acpi PNP0A08:00: _OSC: OS now controls [PCIeHotplug PME PCIeCapability]
[    2.514327] acpi PNP0A08:00: FADT indicates ASPM is unsupported, using BIOS configuration
[    2.515931] PCI host bridge to bus 0000:00
[    2.515933] pci_bus 0000:00: root bus resource [io  0x0000-0x0cf7 window]
[    2.515935] pci_bus 0000:00: root bus resource [io  0x1000-0x4fff window]
[    2.515936] pci_bus 0000:00: root bus resource [mem 0x000a0000-0x000bffff window]
[    2.515937] pci_bus 0000:00: root bus resource [mem 0x000c8000-0x000cffff window]
[    2.515938] pci_bus 0000:00: root bus resource [mem 0xfe010000-0xfe010fff window]
[    2.515939] pci_bus 0000:00: root bus resource [mem 0x90000000-0x9b7fffff window]
[    2.515940] pci_bus 0000:00: root bus resource [mem 0x380000000000-0x383fffffffff window]
[    2.515941] pci_bus 0000:00: root bus resource [bus 00-15]
[    2.517130] pci 0000:00:00.0: [8086:09a2] type 00 class 0x088000
[    2.517813] pci 0000:00:00.1: [8086:09a4] type 00 class 0x088000
[    2.519052] pci 0000:00:00.2: [8086:09a3] type 00 class 0x088000
[    2.520293] pci 0000:00:00.4: [8086:0998] type 00 class 0x060000
[    2.522119] pci 0000:00:01.0: [8086:0b00] type 00 class 0x088000
[    2.522129] pci 0000:00:01.0: reg 0x10: [mem 0x92e10000-0x92e13fff 64bit]
[    2.523397] pci 0000:00:01.1: [8086:0b00] type 00 class 0x088000
[    2.523406] pci 0000:00:01.1: reg 0x10: [mem 0x92e0c000-0x92e0ffff 64bit]
[    2.524671] pci 0000:00:01.2: [8086:0b00] type 00 class 0x088000
[    2.524680] pci 0000:00:01.2: reg 0x10: [mem 0x92e08000-0x92e0bfff 64bit]
[    2.525948] pci 0000:00:01.3: [8086:0b00] type 00 class 0x088000
[    2.525957] pci 0000:00:01.3: reg 0x10: [mem 0x92e04000-0x92e07fff 64bit]
[    2.527218] pci 0000:00:01.4: [8086:0b00] type 00 class 0x088000
[    2.527227] pci 0000:00:01.4: reg 0x10: [mem 0x92e00000-0x92e03fff 64bit]
[    2.528484] pci 0000:00:01.5: [8086:0b00] type 00 class 0x088000
[    2.528493] pci 0000:00:01.5: reg 0x10: [mem 0x92dfc000-0x92dfffff 64bit]
[    2.529748] pci 0000:00:01.6: [8086:0b00] type 00 class 0x088000
[    2.529757] pci 0000:00:01.6: reg 0x10: [mem 0x92df8000-0x92dfbfff 64bit]
[    2.531013] pci 0000:00:01.7: [8086:0b00] type 00 class 0x088000
[    2.531022] pci 0000:00:01.7: reg 0x10: [mem 0x92df4000-0x92df7fff 64bit]
[    2.532282] pci 0000:00:02.0: [8086:09a6] type 00 class 0x088000
[    2.532289] pci 0000:00:02.0: reg 0x10: [mem 0x92e1c000-0x92e1dfff]
[    2.533531] pci 0000:00:02.1: [8086:09a7] type 00 class 0x088000
[    2.533538] pci 0000:00:02.1: reg 0x10: [mem 0x92d00000-0x92d7ffff]
[    2.533543] pci 0000:00:02.1: reg 0x14: [mem 0x92c80000-0x92cfffff]
[    2.534788] pci 0000:00:02.4: [8086:3456] type 00 class 0x130000
[    2.534797] pci 0000:00:02.4: reg 0x10: [mem 0x92a00000-0x92afffff 64bit]
[    2.534803] pci 0000:00:02.4: reg 0x18: [mem 0x92df0000-0x92df3fff 64bit]
[    2.534809] pci 0000:00:02.4: reg 0x20: [mem 0x92dc0000-0x92ddffff 64bit]
[    2.536075] pci 0000:00:11.0: [8086:a1ec] type 00 class 0xff0000
[    2.536078] pci 0000:00:11.0: device has non-compliant BARs; disabling IO/MEM decoding
[    2.537343] pci 0000:00:11.5: [8086:a1d6] type 00 class 0x010400
[    2.537355] pci 0000:00:11.5: reg 0x10: [mem 0x92e1a000-0x92e1bfff]
[    2.537363] pci 0000:00:11.5: reg 0x14: [mem 0x92e25000-0x92e250ff]
[    2.537370] pci 0000:00:11.5: reg 0x18: [io  0x2068-0x206f]
[    2.537377] pci 0000:00:11.5: reg 0x1c: [io  0x2074-0x2077]
[    2.537384] pci 0000:00:11.5: reg 0x20: [io  0x2040-0x205f]
[    2.537391] pci 0000:00:11.5: reg 0x24: [mem 0x92b80000-0x92bfffff]
[    2.537426] pci 0000:00:11.5: PME# supported from D3hot
[    2.538817] pci 0000:00:14.0: [8086:a1af] type 00 class 0x0c0330
[    2.538833] pci 0000:00:14.0: reg 0x10: [mem 0x92de0000-0x92deffff 64bit]
[    2.538894] pci 0000:00:14.0: PME# supported from D3hot D3cold
[    2.540298] pci 0000:00:14.2: [8086:a1b1] type 00 class 0x118000
[    2.540315] pci 0000:00:14.2: reg 0x10: [mem 0x92e22000-0x92e22fff 64bit]
[    2.541610] pci 0000:00:16.0: [8086:a1ba] type 00 class 0x078000
[    2.541633] pci 0000:00:16.0: reg 0x10: [mem 0x92e21000-0x92e21fff 64bit]
[    2.541713] pci 0000:00:16.0: PME# supported from D3hot
[    2.542950] pci 0000:00:16.1: [8086:a1bb] type 00 class 0x078000
[    2.542972] pci 0000:00:16.1: reg 0x10: [mem 0x92e20000-0x92e20fff 64bit]
[    2.543052] pci 0000:00:16.1: PME# supported from D3hot
[    2.544293] pci 0000:00:16.4: [8086:a1be] type 00 class 0x078000
[    2.544315] pci 0000:00:16.4: reg 0x10: [mem 0x92e1f000-0x92e1ffff 64bit]
[    2.544396] pci 0000:00:16.4: PME# supported from D3hot
[    2.545634] pci 0000:00:17.0: [8086:a186] type 00 class 0x010400
[    2.545646] pci 0000:00:17.0: reg 0x10: [mem 0x92e18000-0x92e19fff]
[    2.545653] pci 0000:00:17.0: reg 0x14: [mem 0x92e24000-0x92e240ff]
[    2.545659] pci 0000:00:17.0: reg 0x18: [io  0x2060-0x2067]
[    2.545666] pci 0000:00:17.0: reg 0x1c: [io  0x2070-0x2073]
[    2.545673] pci 0000:00:17.0: reg 0x20: [io  0x2020-0x203f]
[    2.545680] pci 0000:00:17.0: reg 0x24: [mem 0x92b00000-0x92b7ffff]
[    2.545715] pci 0000:00:17.0: PME# supported from D3hot
[    2.547105] pci 0000:00:1c.0: [8086:a190] type 01 class 0x060400
[    2.547176] pci 0000:00:1c.0: PME# supported from D0 D3hot D3cold
[    2.549026] pci 0000:00:1c.4: [8086:a194] type 01 class 0x060400
[    2.549092] pci 0000:00:1c.4: PME# supported from D0 D3hot D3cold
[    2.550917] pci 0000:00:1c.5: [8086:a195] type 01 class 0x060400
[    2.550984] pci 0000:00:1c.5: PME# supported from D0 D3hot D3cold
[    2.552821] pci 0000:00:1f.0: [8086:a1cb] type 00 class 0x060100
[    2.554301] pci 0000:00:1f.2: [8086:a1a1] type 00 class 0x058000
[    2.554315] pci 0000:00:1f.2: reg 0x10: [mem 0x92e14000-0x92e17fff]
[    2.555738] pci 0000:00:1f.4: [8086:a1a3] type 00 class 0x0c0500
[    2.555756] pci 0000:00:1f.4: reg 0x10: [mem 0x92e1e000-0x92e1e0ff 64bit]
[    2.555778] pci 0000:00:1f.4: reg 0x20: [io  0x2000-0x201f]
[    2.557017] pci 0000:00:1f.5: [8086:a1a4] type 00 class 0x0c8000
[    2.557032] pci 0000:00:1f.5: reg 0x10: [mem 0xfe010000-0xfe010fff]
[    2.557150] pci 0000:00:1c.0: PCI bridge to [bus 01]
[    2.557201] pci 0000:02:00.0: [1556:be00] type 01 class 0x060400
[    2.557365] pci 0000:00:1c.4: PCI bridge to [bus 02-03]
[    2.557369] pci 0000:00:1c.4:   bridge window [mem 0x92000000-0x928fffff]
[    2.557373] pci 0000:00:1c.4:   bridge window [mem 0x91000000-0x91ffffff 64bit pref]
[    2.557404] pci_bus 0000:03: extended config space not accessible
[    2.557420] pci 0000:03:00.0: [102b:0536] type 00 class 0x030000
[    2.557439] pci 0000:03:00.0: reg 0x10: [mem 0x91000000-0x91ffffff pref]
[    2.557449] pci 0000:03:00.0: reg 0x14: [mem 0x92808000-0x9280bfff]
[    2.557459] pci 0000:03:00.0: reg 0x18: [mem 0x92000000-0x927fffff]
[    2.557510] pci 0000:03:00.0: Video device with shadowed ROM at [mem 0x000c0000-0x000dffff]
[    2.557605] pci 0000:02:00.0: PCI bridge to [bus 03]
[    2.557613] pci 0000:02:00.0:   bridge window [mem 0x92000000-0x928fffff]
[    2.557618] pci 0000:02:00.0:   bridge window [mem 0x91000000-0x91ffffff 64bit pref]
[    2.557692] pci 0000:04:00.0: [14e4:165f] type 00 class 0x020000
[    2.557715] pci 0000:04:00.0: reg 0x10: [mem 0x92930000-0x9293ffff 64bit pref]
[    2.557730] pci 0000:04:00.0: reg 0x18: [mem 0x92940000-0x9294ffff 64bit pref]
[    2.557745] pci 0000:04:00.0: reg 0x20: [mem 0x92950000-0x9295ffff 64bit pref]
[    2.557755] pci 0000:04:00.0: reg 0x30: [mem 0xfffc0000-0xffffffff pref]
[    2.557847] pci 0000:04:00.0: PME# supported from D0 D3hot D3cold
[    2.557899] pci 0000:04:00.0: 4.000 Gb/s available PCIe bandwidth, limited by 5.0 GT/s PCIe x1 link at 0000:00:1c.5 (capable of 8.000 Gb/s with 5.0 GT/s PCIe x2 link)
[    2.558462] pci 0000:04:00.1: [14e4:165f] type 00 class 0x020000
[    2.558485] pci 0000:04:00.1: reg 0x10: [mem 0x92900000-0x9290ffff 64bit pref]
[    2.558500] pci 0000:04:00.1: reg 0x18: [mem 0x92910000-0x9291ffff 64bit pref]
[    2.558516] pci 0000:04:00.1: reg 0x20: [mem 0x92920000-0x9292ffff 64bit pref]
[    2.558526] pci 0000:04:00.1: reg 0x30: [mem 0xfffc0000-0xffffffff pref]
[    2.558617] pci 0000:04:00.1: PME# supported from D0 D3hot D3cold
[    2.559190] pci 0000:00:1c.5: PCI bridge to [bus 04]
[    2.559197] pci 0000:00:1c.5:   bridge window [mem 0x92900000-0x929fffff 64bit pref]
[    2.559210] pci_bus 0000:00: on NUMA node 0
[    2.559216] pci 0000:00:1c.0: Max Payload Size set to  128/ 128 (was  128), Max Read Rq  128
[    2.559223] pci 0000:00:1c.4: Max Payload Size set to  128/ 128 (was  128), Max Read Rq  128
[    2.559238] pci 0000:02:00.0: Max Payload Size set to  128/ 128 (was  128), Max Read Rq  128
[    2.559244] pci 0000:00:1c.5: Max Payload Size set to  128/ 128 (was  128), Max Read Rq  128
[    2.559258] pci 0000:04:00.0: Max Payload Size set to  128/ 256 (was  128), Max Read Rq  128
[    2.559273] pci 0000:04:00.1: Max Payload Size set to  128/ 256 (was  128), Max Read Rq  128
[    2.559789] ACPI: PCI Root Bridge [PC01] (domain 0000 [bus 16-2f])
[    2.559793] acpi PNP0A08:01: _OSC: OS supports [ExtendedConfig ASPM ClockPM Segments MSI EDR HPX-Type3]
[    2.571873] acpi PNP0A08:01: _OSC: platform does not support [SHPCHotplug AER DPC]
[    2.572053] acpi PNP0A08:01: _OSC: OS now controls [PCIeHotplug PME PCIeCapability LTR]
[    2.572054] acpi PNP0A08:01: FADT indicates ASPM is unsupported, using BIOS configuration
[    2.572165] PCI host bridge to bus 0000:16
[    2.572166] pci_bus 0000:16: root bus resource [io  0x5000-0x6fff window]
[    2.572167] pci_bus 0000:16: root bus resource [mem 0x9b800000-0xa63fffff window]
[    2.572168] pci_bus 0000:16: root bus resource [mem 0x384000000000-0x387fffffffff window]
[    2.572169] pci_bus 0000:16: root bus resource [bus 16-2f]
[    2.572182] pci 0000:16:00.0: [8086:09a2] type 00 class 0x088000
[    2.572251] pci 0000:16:00.1: [8086:09a4] type 00 class 0x088000
[    2.572318] pci 0000:16:00.2: [8086:09a3] type 00 class 0x088000
[    2.572382] pci 0000:16:00.4: [8086:0998] type 00 class 0x060000
[    2.572451] pci 0000:16:02.0: [8086:347a] type 01 class 0x060400
[    2.572460] pci 0000:16:02.0: reg 0x10: [mem 0x387ffff00000-0x387ffff1ffff 64bit]
[    2.572495] pci 0000:16:02.0: PME# supported from D0 D3hot D3cold
[    2.573964] pci 0000:17:00.0: [1000:10e2] type 00 class 0x010400
[    2.573977] pci 0000:17:00.0: reg 0x10: [mem 0x9b800000-0x9b8fffff 64bit pref]
[    2.573985] pci 0000:17:00.0: reg 0x18: [mem 0x9b900000-0x9b9fffff 64bit pref]
[    2.573990] pci 0000:17:00.0: reg 0x20: [mem 0x9ba00000-0x9bafffff]
[    2.573996] pci 0000:17:00.0: reg 0x24: [io  0x5000-0x50ff]
[    2.574001] pci 0000:17:00.0: reg 0x30: [mem 0xfff00000-0xffffffff pref]
[    2.574926] pci 0000:17:00.0: supports D1 D2
[    2.574988] pci 0000:16:02.0: PCI bridge to [bus 17]
[    2.574990] pci 0000:16:02.0:   bridge window [io  0x5000-0x5fff]
[    2.574992] pci 0000:16:02.0:   bridge window [mem 0x9ba00000-0x9bafffff]
[    2.574994] pci 0000:16:02.0:   bridge window [mem 0x9b800000-0x9b9fffff 64bit pref]
[    2.574999] pci_bus 0000:16: on NUMA node 0
[    2.575004] pci 0000:16:02.0: Max Payload Size set to  512/ 512 (was  512), Max Read Rq  512
[    2.575012] pci 0000:17:00.0: Max Payload Size set to  512/1024 (was  512), Max Read Rq  512
[    2.575079] ACPI: PCI Root Bridge [PC02] (domain 0000 [bus 30-49])
[    2.575082] acpi PNP0A08:02: _OSC: OS supports [ExtendedConfig ASPM ClockPM Segments MSI EDR HPX-Type3]
[    2.587136] acpi PNP0A08:02: _OSC: platform does not support [SHPCHotplug AER DPC]
[    2.587318] acpi PNP0A08:02: _OSC: OS now controls [PCIeHotplug PME PCIeCapability LTR]
[    2.587319] acpi PNP0A08:02: FADT indicates ASPM is unsupported, using BIOS configuration
[    2.587421] PCI host bridge to bus 0000:30
[    2.587422] pci_bus 0000:30: root bus resource [io  0x7000-0x8fff window]
[    2.587423] pci_bus 0000:30: root bus resource [mem 0xa6400000-0xb0ffffff window]
[    2.587424] pci_bus 0000:30: root bus resource [mem 0x388000000000-0x38bfffffffff window]
[    2.587425] pci_bus 0000:30: root bus resource [bus 30-49]
[    2.587438] pci 0000:30:00.0: [8086:09a2] type 00 class 0x088000
[    2.587509] pci 0000:30:00.1: [8086:09a4] type 00 class 0x088000
[    2.587573] pci 0000:30:00.2: [8086:09a3] type 00 class 0x088000
[    2.587636] pci 0000:30:00.4: [8086:0998] type 00 class 0x060000
[    2.587700] pci_bus 0000:30: on NUMA node 0
[    2.587787] ACPI: PCI Root Bridge [PC04] (domain 0000 [bus 4a-63])
[    2.587790] acpi PNP0A08:04: _OSC: OS supports [ExtendedConfig ASPM ClockPM Segments MSI EDR HPX-Type3]
[    2.599831] acpi PNP0A08:04: _OSC: platform does not support [SHPCHotplug AER DPC]
[    2.600009] acpi PNP0A08:04: _OSC: OS now controls [PCIeHotplug PME PCIeCapability LTR]
[    2.600010] acpi PNP0A08:04: FADT indicates ASPM is unsupported, using BIOS configuration
[    2.600111] PCI host bridge to bus 0000:4a
[    2.600112] pci_bus 0000:4a: root bus resource [io  0x9000-0x9fff window]
[    2.600114] pci_bus 0000:4a: root bus resource [mem 0xb1000000-0xbbbfffff window]
[    2.600115] pci_bus 0000:4a: root bus resource [mem 0x38c000000000-0x38ffffffffff window]
[    2.600116] pci_bus 0000:4a: root bus resource [bus 4a-63]
[    2.600128] pci 0000:4a:00.0: [8086:09a2] type 00 class 0x088000
[    2.600192] pci 0000:4a:00.1: [8086:09a4] type 00 class 0x088000
[    2.600255] pci 0000:4a:00.2: [8086:09a3] type 00 class 0x088000
[    2.600321] pci 0000:4a:00.4: [8086:0998] type 00 class 0x060000
[    2.600385] pci_bus 0000:4a: on NUMA node 0
[    2.600446] ACPI: PCI Root Bridge [PC05] (domain 0000 [bus 64-7d])
[    2.600449] acpi PNP0A08:05: _OSC: OS supports [ExtendedConfig ASPM ClockPM Segments MSI EDR HPX-Type3]
[    2.612476] acpi PNP0A08:05: _OSC: platform does not support [SHPCHotplug AER DPC]
[    2.612655] acpi PNP0A08:05: _OSC: OS now controls [PCIeHotplug PME PCIeCapability LTR]
[    2.612656] acpi PNP0A08:05: FADT indicates ASPM is unsupported, using BIOS configuration
[    2.612752] PCI host bridge to bus 0000:64
[    2.612753] pci_bus 0000:64: root bus resource [io  0xa000-0xafff window]
[    2.612754] pci_bus 0000:64: root bus resource [mem 0xbbc00000-0xc5ffffff window]
[    2.612755] pci_bus 0000:64: root bus resource [mem 0x390000000000-0x393fffffffff window]
[    2.612756] pci_bus 0000:64: root bus resource [bus 64-7d]
[    2.612770] pci 0000:64:00.0: [8086:09a2] type 00 class 0x088000
[    2.612835] pci 0000:64:00.1: [8086:09a4] type 00 class 0x088000
[    2.612898] pci 0000:64:00.2: [8086:09a3] type 00 class 0x088000
[    2.612961] pci 0000:64:00.4: [8086:0998] type 00 class 0x060000
[    2.613025] pci_bus 0000:64: on NUMA node 0
[    2.613080] ACPI: PCI Root Bridge [UC06] (domain 0000 [bus 7e])
[    2.613083] acpi PNP0A03:00: _OSC: OS supports [ExtendedConfig ASPM ClockPM Segments MSI EDR HPX-Type3]
[    2.613228] acpi PNP0A03:00: _OSC: platform does not support [SHPCHotplug AER LTR DPC]
[    2.613378] acpi PNP0A03:00: _OSC: OS now controls [PCIeHotplug PME PCIeCapability]
[    2.613379] acpi PNP0A03:00: FADT indicates ASPM is unsupported, using BIOS configuration
[    2.613492] PCI host bridge to bus 0000:7e
[    2.613493] pci_bus 0000:7e: root bus resource [bus 7e]
[    2.613524] pci 0000:7e:00.0: [8086:3450] type 00 class 0x088000
[    2.613601] pci 0000:7e:00.1: [8086:3451] type 00 class 0x088000
[    2.613683] pci 0000:7e:00.2: [8086:3452] type 00 class 0x088000
[    2.613761] pci 0000:7e:00.3: [8086:0998] type 00 class 0x060000
[    2.613835] pci 0000:7e:00.5: [8086:3455] type 00 class 0x088000
[    2.613925] pci 0000:7e:02.0: [8086:3440] type 00 class 0x088000
[    2.614057] pci 0000:7e:02.1: [8086:3441] type 00 class 0x088000
[    2.614181] pci 0000:7e:02.2: [8086:3442] type 00 class 0x088000
[    2.614317] pci 0000:7e:03.0: [8086:3440] type 00 class 0x088000
[    2.614413] pci 0000:7e:03.1: [8086:3441] type 00 class 0x088000
[    2.614504] pci 0000:7e:03.2: [8086:3442] type 00 class 0x088000
[    2.614608] pci 0000:7e:04.0: [8086:3440] type 00 class 0x088000
[    2.614744] pci 0000:7e:04.1: [8086:3441] type 00 class 0x088000
[    2.614876] pci 0000:7e:04.2: [8086:3442] type 00 class 0x088000
[    2.615008] pci 0000:7e:04.3: [8086:3443] type 00 class 0x088000
[    2.615155] pci 0000:7e:05.0: [8086:3445] type 00 class 0x088000
[    2.615290] pci 0000:7e:05.1: [8086:3446] type 00 class 0x088000
[    2.615419] pci 0000:7e:05.2: [8086:3447] type 00 class 0x088000
[    2.615556] pci 0000:7e:06.0: [8086:3445] type 00 class 0x088000
[    2.615657] pci 0000:7e:06.1: [8086:3446] type 00 class 0x088000
[    2.615750] pci 0000:7e:06.2: [8086:3447] type 00 class 0x088000
[    2.615865] pci 0000:7e:07.0: [8086:3445] type 00 class 0x088000
[    2.616002] pci 0000:7e:07.1: [8086:3446] type 00 class 0x088000
[    2.616137] pci 0000:7e:07.2: [8086:3447] type 00 class 0x088000
[    2.616284] pci 0000:7e:0b.0: [8086:3448] type 00 class 0x088000
[    2.616368] pci 0000:7e:0b.1: [8086:3448] type 00 class 0x088000
[    2.616448] pci 0000:7e:0b.2: [8086:344b] type 00 class 0x088000
[    2.616553] pci 0000:7e:0c.0: [8086:344a] type 00 class 0x110100
[    2.616671] pci 0000:7e:0d.0: [8086:344a] type 00 class 0x110100
[    2.616772] pci 0000:7e:0e.0: [8086:344a] type 00 class 0x110100
[    2.616920] pci 0000:7e:0f.0: [8086:344a] type 00 class 0x110100
[    2.617093] pci 0000:7e:1a.0: [8086:2880] type 00 class 0x110100
[    2.617208] pci 0000:7e:1b.0: [8086:2880] type 00 class 0x110100
[    2.617309] pci 0000:7e:1c.0: [8086:2880] type 00 class 0x110100
[    2.617463] pci 0000:7e:1d.0: [8086:2880] type 00 class 0x110100
[    2.617609] pci_bus 0000:7e: on NUMA node 0
[    2.617680] ACPI: PCI Root Bridge [UC07] (domain 0000 [bus 7f])
[    2.617683] acpi PNP0A03:01: _OSC: OS supports [ExtendedConfig ASPM ClockPM Segments MSI EDR HPX-Type3]
[    2.617830] acpi PNP0A03:01: _OSC: platform does not support [SHPCHotplug AER LTR DPC]
[    2.617981] acpi PNP0A03:01: _OSC: OS now controls [PCIeHotplug PME PCIeCapability]
[    2.617982] acpi PNP0A03:01: FADT indicates ASPM is unsupported, using BIOS configuration
[    2.618101] PCI host bridge to bus 0000:7f
[    2.618102] pci_bus 0000:7f: root bus resource [bus 7f]
[    2.618142] pci 0000:7f:00.0: [8086:344c] type 00 class 0x088000
[    2.618271] pci 0000:7f:00.1: [8086:344c] type 00 class 0x088000
[    2.618381] pci 0000:7f:00.2: [8086:344c] type 00 class 0x088000
[    2.618483] pci 0000:7f:00.3: [8086:344c] type 00 class 0x088000
[    2.618579] pci 0000:7f:00.4: [8086:344c] type 00 class 0x088000
[    2.618682] pci 0000:7f:00.5: [8086:344c] type 00 class 0x088000
[    2.618826] pci 0000:7f:00.6: [8086:344c] type 00 class 0x088000
[    2.618961] pci 0000:7f:00.7: [8086:344c] type 00 class 0x088000
[    2.619126] pci 0000:7f:01.0: [8086:344c] type 00 class 0x088000
[    2.619276] pci 0000:7f:01.1: [8086:344c] type 00 class 0x088000
[    2.619430] pci 0000:7f:01.2: [8086:344c] type 00 class 0x088000
[    2.619589] pci 0000:7f:01.3: [8086:344c] type 00 class 0x088000
[    2.619749] pci 0000:7f:01.4: [8086:344c] type 00 class 0x088000
[    2.619864] pci 0000:7f:01.5: [8086:344c] type 00 class 0x088000
[    2.619977] pci 0000:7f:01.6: [8086:344c] type 00 class 0x088000
[    2.620090] pci 0000:7f:01.7: [8086:344c] type 00 class 0x088000
[    2.620241] pci 0000:7f:02.0: [8086:344c] type 00 class 0x088000
[    2.620376] pci 0000:7f:02.1: [8086:344c] type 00 class 0x088000
[    2.620474] pci 0000:7f:02.2: [8086:344c] type 00 class 0x088000
[    2.620622] pci 0000:7f:02.3: [8086:344c] type 00 class 0x088000
[    2.620752] pci 0000:7f:02.4: [8086:344c] type 00 class 0x088000
[    2.620886] pci 0000:7f:02.5: [8086:344c] type 00 class 0x088000
[    2.621020] pci 0000:7f:02.6: [8086:344c] type 00 class 0x088000
[    2.621160] pci 0000:7f:02.7: [8086:344c] type 00 class 0x088000
[    2.621322] pci 0000:7f:03.0: [8086:344c] type 00 class 0x088000
[    2.621464] pci 0000:7f:03.1: [8086:344c] type 00 class 0x088000
[    2.621618] pci 0000:7f:03.2: [8086:344c] type 00 class 0x088000
[    2.621768] pci 0000:7f:03.3: [8086:344c] type 00 class 0x088000
[    2.621939] pci 0000:7f:0a.0: [8086:344d] type 00 class 0x088000
[    2.622067] pci 0000:7f:0a.1: [8086:344d] type 00 class 0x088000
[    2.622176] pci 0000:7f:0a.2: [8086:344d] type 00 class 0x088000
[    2.622278] pci 0000:7f:0a.3: [8086:344d] type 00 class 0x088000
[    2.622380] pci 0000:7f:0a.4: [8086:344d] type 00 class 0x088000
[    2.622482] pci 0000:7f:0a.5: [8086:344d] type 00 class 0x088000
[    2.622626] pci 0000:7f:0a.6: [8086:344d] type 00 class 0x088000
[    2.622761] pci 0000:7f:0a.7: [8086:344d] type 00 class 0x088000
[    2.622920] pci 0000:7f:0b.0: [8086:344d] type 00 class 0x088000
[    2.623067] pci 0000:7f:0b.1: [8086:344d] type 00 class 0x088000
[    2.623221] pci 0000:7f:0b.2: [8086:344d] type 00 class 0x088000
[    2.623382] pci 0000:7f:0b.3: [8086:344d] type 00 class 0x088000
[    2.623546] pci 0000:7f:0b.4: [8086:344d] type 00 class 0x088000
[    2.623660] pci 0000:7f:0b.5: [8086:344d] type 00 class 0x088000
[    2.623774] pci 0000:7f:0b.6: [8086:344d] type 00 class 0x088000
[    2.623886] pci 0000:7f:0b.7: [8086:344d] type 00 class 0x088000
[    2.624033] pci 0000:7f:0c.0: [8086:344d] type 00 class 0x088000
[    2.624167] pci 0000:7f:0c.1: [8086:344d] type 00 class 0x088000
[    2.624265] pci 0000:7f:0c.2: [8086:344d] type 00 class 0x088000
[    2.624412] pci 0000:7f:0c.3: [8086:344d] type 00 class 0x088000
[    2.624547] pci 0000:7f:0c.4: [8086:344d] type 00 class 0x088000
[    2.624681] pci 0000:7f:0c.5: [8086:344d] type 00 class 0x088000
[    2.624816] pci 0000:7f:0c.6: [8086:344d] type 00 class 0x088000
[    2.624955] pci 0000:7f:0c.7: [8086:344d] type 00 class 0x088000
[    2.625108] pci 0000:7f:0d.0: [8086:344d] type 00 class 0x088000
[    2.625250] pci 0000:7f:0d.1: [8086:344d] type 00 class 0x088000
[    2.625404] pci 0000:7f:0d.2: [8086:344d] type 00 class 0x088000
[    2.625555] pci 0000:7f:0d.3: [8086:344d] type 00 class 0x088000
[    2.625740] pci 0000:7f:1d.0: [8086:344f] type 00 class 0x088000
[    2.625874] pci 0000:7f:1d.1: [8086:3457] type 00 class 0x088000
[    2.626019] pci 0000:7f:1e.0: [8086:3458] type 00 class 0x088000
[    2.626103] pci 0000:7f:1e.1: [8086:3459] type 00 class 0x088000
[    2.626187] pci 0000:7f:1e.2: [8086:345a] type 00 class 0x088000
[    2.626268] pci 0000:7f:1e.3: [8086:345b] type 00 class 0x088000
[    2.626350] pci 0000:7f:1e.4: [8086:345c] type 00 class 0x088000
[    2.626435] pci 0000:7f:1e.5: [8086:345d] type 00 class 0x088000
[    2.626523] pci 0000:7f:1e.6: [8086:345e] type 00 class 0x088000
[    2.626604] pci 0000:7f:1e.7: [8086:345f] type 00 class 0x088000
[    2.626670] pci_bus 0000:7f: on NUMA node 0
[    2.626755] ACPI: PCI Root Bridge [PC06] (domain 0000 [bus 80-96])
[    2.626758] acpi PNP0A08:06: _OSC: OS supports [ExtendedConfig ASPM ClockPM Segments MSI EDR HPX-Type3]
[    2.638782] acpi PNP0A08:06: _OSC: platform does not support [SHPCHotplug AER DPC]
[    2.638961] acpi PNP0A08:06: _OSC: OS now controls [PCIeHotplug PME PCIeCapability LTR]
[    2.638962] acpi PNP0A08:06: FADT indicates ASPM is unsupported, using BIOS configuration
[    2.639088] PCI host bridge to bus 0000:80
[    2.639089] pci_bus 0000:80: root bus resource [io  0xb000-0xbfff window]
[    2.639091] pci_bus 0000:80: root bus resource [mem 0xc6800000-0xd0ffffff window]
[    2.639092] pci_bus 0000:80: root bus resource [mem 0x394000000000-0x397fffffffff window]
[    2.639093] pci_bus 0000:80: root bus resource [bus 80-96]
[    2.639123] pci 0000:80:00.0: [8086:09a2] type 00 class 0x088000
[    2.639214] pci 0000:80:00.1: [8086:09a4] type 00 class 0x088000
[    2.639299] pci 0000:80:00.2: [8086:09a3] type 00 class 0x088000
[    2.639382] pci 0000:80:00.4: [8086:0998] type 00 class 0x060000
[    2.639476] pci 0000:80:01.0: [8086:0b00] type 00 class 0x088000
[    2.639487] pci 0000:80:01.0: reg 0x10: [mem 0xc6ac0000-0xc6ac3fff 64bit]
[    2.639595] pci 0000:80:01.1: [8086:0b00] type 00 class 0x088000
[    2.639605] pci 0000:80:01.1: reg 0x10: [mem 0xc6abc000-0xc6abffff 64bit]
[    2.639718] pci 0000:80:01.2: [8086:0b00] type 00 class 0x088000
[    2.639728] pci 0000:80:01.2: reg 0x10: [mem 0xc6ab8000-0xc6abbfff 64bit]
[    2.639833] pci 0000:80:01.3: [8086:0b00] type 00 class 0x088000
[    2.639843] pci 0000:80:01.3: reg 0x10: [mem 0xc6ab4000-0xc6ab7fff 64bit]
[    2.639947] pci 0000:80:01.4: [8086:0b00] type 00 class 0x088000
[    2.639957] pci 0000:80:01.4: reg 0x10: [mem 0xc6ab0000-0xc6ab3fff 64bit]
[    2.640065] pci 0000:80:01.5: [8086:0b00] type 00 class 0x088000
[    2.640075] pci 0000:80:01.5: reg 0x10: [mem 0xc6aac000-0xc6aaffff 64bit]
[    2.640178] pci 0000:80:01.6: [8086:0b00] type 00 class 0x088000
[    2.640188] pci 0000:80:01.6: reg 0x10: [mem 0xc6aa8000-0xc6aabfff 64bit]
[    2.640292] pci 0000:80:01.7: [8086:0b00] type 00 class 0x088000
[    2.640302] pci 0000:80:01.7: reg 0x10: [mem 0xc6aa4000-0xc6aa7fff 64bit]
[    2.640394] pci 0000:80:02.0: [8086:09a6] type 00 class 0x088000
[    2.640402] pci 0000:80:02.0: reg 0x10: [mem 0xc6ac4000-0xc6ac5fff]
[    2.640474] pci 0000:80:02.1: [8086:09a7] type 00 class 0x088000
[    2.640482] pci 0000:80:02.1: reg 0x10: [mem 0xc6a00000-0xc6a7ffff]
[    2.640488] pci 0000:80:02.1: reg 0x14: [mem 0xc6980000-0xc69fffff]
[    2.640573] pci 0000:80:02.4: [8086:3456] type 00 class 0x130000
[    2.640583] pci 0000:80:02.4: reg 0x10: [mem 0xc6800000-0xc68fffff 64bit]
[    2.640590] pci 0000:80:02.4: reg 0x18: [mem 0xc6aa0000-0xc6aa3fff 64bit]
[    2.640596] pci 0000:80:02.4: reg 0x20: [mem 0xc6a80000-0xc6a9ffff 64bit]
[    2.640657] pci_bus 0000:80: on NUMA node 1
[    2.640725] ACPI: PCI Root Bridge [PC07] (domain 0000 [bus 97-af])
[    2.640727] acpi PNP0A08:07: _OSC: OS supports [ExtendedConfig ASPM ClockPM Segments MSI EDR HPX-Type3]
[    2.652765] acpi PNP0A08:07: _OSC: platform does not support [SHPCHotplug AER DPC]
[    2.652944] acpi PNP0A08:07: _OSC: OS now controls [PCIeHotplug PME PCIeCapability LTR]
[    2.652945] acpi PNP0A08:07: FADT indicates ASPM is unsupported, using BIOS configuration
[    2.653049] PCI host bridge to bus 0000:97
[    2.653050] pci_bus 0000:97: root bus resource [io  0xc000-0xcfff window]
[    2.653051] pci_bus 0000:97: root bus resource [mem 0xd1000000-0xdbbfffff window]
[    2.653052] pci_bus 0000:97: root bus resource [mem 0x398000000000-0x39bfffffffff window]
[    2.653054] pci_bus 0000:97: root bus resource [bus 97-af]
[    2.653067] pci 0000:97:00.0: [8086:09a2] type 00 class 0x088000
[    2.653140] pci 0000:97:00.1: [8086:09a4] type 00 class 0x088000
[    2.653209] pci 0000:97:00.2: [8086:09a3] type 00 class 0x088000
[    2.653279] pci 0000:97:00.4: [8086:0998] type 00 class 0x060000
[    2.653353] pci_bus 0000:97: on NUMA node 1
[    2.653414] ACPI: PCI Root Bridge [PC08] (domain 0000 [bus b0-c8])
[    2.653416] acpi PNP0A08:08: _OSC: OS supports [ExtendedConfig ASPM ClockPM Segments MSI EDR HPX-Type3]
[    2.665465] acpi PNP0A08:08: _OSC: platform does not support [SHPCHotplug AER DPC]
[    2.665644] acpi PNP0A08:08: _OSC: OS now controls [PCIeHotplug PME PCIeCapability LTR]
[    2.665645] acpi PNP0A08:08: FADT indicates ASPM is unsupported, using BIOS configuration
[    2.665748] PCI host bridge to bus 0000:b0
[    2.665749] pci_bus 0000:b0: root bus resource [io  0xd000-0xdfff window]
[    2.665750] pci_bus 0000:b0: root bus resource [mem 0xdbc00000-0xe67fffff window]
[    2.665751] pci_bus 0000:b0: root bus resource [mem 0x39c000000000-0x39ffffffffff window]
[    2.665752] pci_bus 0000:b0: root bus resource [bus b0-c8]
[    2.665766] pci 0000:b0:00.0: [8086:09a2] type 00 class 0x088000
[    2.665837] pci 0000:b0:00.1: [8086:09a4] type 00 class 0x088000
[    2.665905] pci 0000:b0:00.2: [8086:09a3] type 00 class 0x088000
[    2.665980] pci 0000:b0:00.4: [8086:0998] type 00 class 0x060000
[    2.666053] pci_bus 0000:b0: on NUMA node 1
[    2.666138] ACPI: PCI Root Bridge [PC10] (domain 0000 [bus c9-e1])
[    2.666141] acpi PNP0A08:0a: _OSC: OS supports [ExtendedConfig ASPM ClockPM Segments MSI EDR HPX-Type3]
[    2.678183] acpi PNP0A08:0a: _OSC: platform does not support [SHPCHotplug AER DPC]
[    2.678362] acpi PNP0A08:0a: _OSC: OS now controls [PCIeHotplug PME PCIeCapability LTR]
[    2.678363] acpi PNP0A08:0a: FADT indicates ASPM is unsupported, using BIOS configuration
[    2.678471] PCI host bridge to bus 0000:c9
[    2.678472] pci_bus 0000:c9: root bus resource [io  0xe000-0xefff window]
[    2.678473] pci_bus 0000:c9: root bus resource [mem 0xe6800000-0xf13fffff window]
[    2.678474] pci_bus 0000:c9: root bus resource [mem 0x3a0000000000-0x3a3fffffffff window]
[    2.678475] pci_bus 0000:c9: root bus resource [bus c9-e1]
[    2.678488] pci 0000:c9:00.0: [8086:09a2] type 00 class 0x088000
[    2.678559] pci 0000:c9:00.1: [8086:09a4] type 00 class 0x088000
[    2.678628] pci 0000:c9:00.2: [8086:09a3] type 00 class 0x088000
[    2.678700] pci 0000:c9:00.4: [8086:0998] type 00 class 0x060000
[    2.678773] pci_bus 0000:c9: on NUMA node 1
[    2.678833] ACPI: PCI Root Bridge [PC11] (domain 0000 [bus e2-fa])
[    2.678835] acpi PNP0A08:0b: _OSC: OS supports [ExtendedConfig ASPM ClockPM Segments MSI EDR HPX-Type3]
[    2.690902] acpi PNP0A08:0b: _OSC: platform does not support [SHPCHotplug AER DPC]
[    2.691080] acpi PNP0A08:0b: _OSC: OS now controls [PCIeHotplug PME PCIeCapability LTR]
[    2.691081] acpi PNP0A08:0b: FADT indicates ASPM is unsupported, using BIOS configuration
[    2.691182] PCI host bridge to bus 0000:e2
[    2.691183] pci_bus 0000:e2: root bus resource [io  0xf000-0xffff window]
[    2.691184] pci_bus 0000:e2: root bus resource [mem 0xf1400000-0xfb7fffff window]
[    2.691185] pci_bus 0000:e2: root bus resource [mem 0x3a4000000000-0x3a7fffffffff window]
[    2.691187] pci_bus 0000:e2: root bus resource [bus e2-fa]
[    2.691200] pci 0000:e2:00.0: [8086:09a2] type 00 class 0x088000
[    2.691278] pci 0000:e2:00.1: [8086:09a4] type 00 class 0x088000
[    2.691348] pci 0000:e2:00.2: [8086:09a3] type 00 class 0x088000
[    2.691426] pci 0000:e2:00.4: [8086:0998] type 00 class 0x060000
[    2.691500] pci_bus 0000:e2: on NUMA node 1
[    2.691555] ACPI: PCI Root Bridge [UC16] (domain 0000 [bus fe])
[    2.691558] acpi PNP0A03:02: _OSC: OS supports [ExtendedConfig ASPM ClockPM Segments MSI EDR HPX-Type3]
[    2.691703] acpi PNP0A03:02: _OSC: platform does not support [SHPCHotplug AER LTR DPC]
[    2.691853] acpi PNP0A03:02: _OSC: OS now controls [PCIeHotplug PME PCIeCapability]
[    2.691854] acpi PNP0A03:02: FADT indicates ASPM is unsupported, using BIOS configuration
[    2.691962] PCI host bridge to bus 0000:fe
[    2.691963] pci_bus 0000:fe: root bus resource [bus fe]
[    2.691993] pci 0000:fe:00.0: [8086:3450] type 00 class 0x088000
[    2.692072] pci 0000:fe:00.1: [8086:3451] type 00 class 0x088000
[    2.692147] pci 0000:fe:00.2: [8086:3452] type 00 class 0x088000
[    2.692221] pci 0000:fe:00.3: [8086:0998] type 00 class 0x060000
[    2.692295] pci 0000:fe:00.5: [8086:3455] type 00 class 0x088000
[    2.692389] pci 0000:fe:02.0: [8086:3440] type 00 class 0x088000
[    2.692525] pci 0000:fe:02.1: [8086:3441] type 00 class 0x088000
[    2.692659] pci 0000:fe:02.2: [8086:3442] type 00 class 0x088000
[    2.692797] pci 0000:fe:03.0: [8086:3440] type 00 class 0x088000
[    2.692898] pci 0000:fe:03.1: [8086:3441] type 00 class 0x088000
[    2.692992] pci 0000:fe:03.2: [8086:3442] type 00 class 0x088000
[    2.693095] pci 0000:fe:04.0: [8086:3440] type 00 class 0x088000
[    2.693234] pci 0000:fe:04.1: [8086:3441] type 00 class 0x088000
[    2.693372] pci 0000:fe:04.2: [8086:3442] type 00 class 0x088000
[    2.693507] pci 0000:fe:04.3: [8086:3443] type 00 class 0x088000
[    2.693660] pci 0000:fe:05.0: [8086:3445] type 00 class 0x088000
[    2.693794] pci 0000:fe:05.1: [8086:3446] type 00 class 0x088000
[    2.693926] pci 0000:fe:05.2: [8086:3447] type 00 class 0x088000
[    2.694067] pci 0000:fe:06.0: [8086:3445] type 00 class 0x088000
[    2.694169] pci 0000:fe:06.1: [8086:3446] type 00 class 0x088000
[    2.694266] pci 0000:fe:06.2: [8086:3447] type 00 class 0x088000
[    2.694383] pci 0000:fe:07.0: [8086:3445] type 00 class 0x088000
[    2.694525] pci 0000:fe:07.1: [8086:3446] type 00 class 0x088000
[    2.694667] pci 0000:fe:07.2: [8086:3447] type 00 class 0x088000
[    2.694813] pci 0000:fe:0b.0: [8086:3448] type 00 class 0x088000
[    2.694898] pci 0000:fe:0b.1: [8086:3448] type 00 class 0x088000
[    2.694980] pci 0000:fe:0b.2: [8086:344b] type 00 class 0x088000
[    2.695079] pci 0000:fe:0c.0: [8086:344a] type 00 class 0x110100
[    2.695200] pci 0000:fe:0d.0: [8086:344a] type 00 class 0x110100
[    2.695309] pci 0000:fe:0e.0: [8086:344a] type 00 class 0x110100
[    2.695462] pci 0000:fe:0f.0: [8086:344a] type 00 class 0x110100
[    2.695641] pci 0000:fe:1a.0: [8086:2880] type 00 class 0x110100
[    2.695765] pci 0000:fe:1b.0: [8086:2880] type 00 class 0x110100
[    2.695871] pci 0000:fe:1c.0: [8086:2880] type 00 class 0x110100
[    2.696029] pci 0000:fe:1d.0: [8086:2880] type 00 class 0x110100
[    2.696174] pci_bus 0000:fe: on NUMA node 1
[    2.696240] ACPI: PCI Root Bridge [UC17] (domain 0000 [bus ff])
[    2.696243] acpi PNP0A03:03: _OSC: OS supports [ExtendedConfig ASPM ClockPM Segments MSI EDR HPX-Type3]
[    2.696389] acpi PNP0A03:03: _OSC: platform does not support [SHPCHotplug AER LTR DPC]
[    2.696539] acpi PNP0A03:03: _OSC: OS now controls [PCIeHotplug PME PCIeCapability]
[    2.696540] acpi PNP0A03:03: FADT indicates ASPM is unsupported, using BIOS configuration
[    2.696664] PCI host bridge to bus 0000:ff
[    2.696665] pci_bus 0000:ff: root bus resource [bus ff]
[    2.696706] pci 0000:ff:00.0: [8086:344c] type 00 class 0x088000
[    2.696840] pci 0000:ff:00.1: [8086:344c] type 00 class 0x088000
[    2.696954] pci 0000:ff:00.2: [8086:344c] type 00 class 0x088000
[    2.697064] pci 0000:ff:00.3: [8086:344c] type 00 class 0x088000
[    2.697172] pci 0000:ff:00.4: [8086:344c] type 00 class 0x088000
[    2.697281] pci 0000:ff:00.5: [8086:344c] type 00 class 0x088000
[    2.697429] pci 0000:ff:00.6: [8086:344c] type 00 class 0x088000
[    2.697571] pci 0000:ff:00.7: [8086:344c] type 00 class 0x088000
[    2.697736] pci 0000:ff:01.0: [8086:344c] type 00 class 0x088000
[    2.697892] pci 0000:ff:01.1: [8086:344c] type 00 class 0x088000
[    2.698052] pci 0000:ff:01.2: [8086:344c] type 00 class 0x088000
[    2.698218] pci 0000:ff:01.3: [8086:344c] type 00 class 0x088000
[    2.698388] pci 0000:ff:01.4: [8086:344c] type 00 class 0x088000
[    2.698508] pci 0000:ff:01.5: [8086:344c] type 00 class 0x088000
[    2.698628] pci 0000:ff:01.6: [8086:344c] type 00 class 0x088000
[    2.698746] pci 0000:ff:01.7: [8086:344c] type 00 class 0x088000
[    2.698900] pci 0000:ff:02.0: [8086:344c] type 00 class 0x088000
[    2.699040] pci 0000:ff:02.1: [8086:344c] type 00 class 0x088000
[    2.699144] pci 0000:ff:02.2: [8086:344c] type 00 class 0x088000
[    2.699300] pci 0000:ff:02.3: [8086:344c] type 00 class 0x088000
[    2.699439] pci 0000:ff:02.4: [8086:344c] type 00 class 0x088000
[    2.699579] pci 0000:ff:02.5: [8086:344c] type 00 class 0x088000
[    2.699718] pci 0000:ff:02.6: [8086:344c] type 00 class 0x088000
[    2.699864] pci 0000:ff:02.7: [8086:344c] type 00 class 0x088000
[    2.700022] pci 0000:ff:03.0: [8086:344c] type 00 class 0x088000
[    2.700170] pci 0000:ff:03.1: [8086:344c] type 00 class 0x088000
[    2.700330] pci 0000:ff:03.2: [8086:344c] type 00 class 0x088000
[    2.700489] pci 0000:ff:03.3: [8086:344c] type 00 class 0x088000
[    2.700669] pci 0000:ff:0a.0: [8086:344d] type 00 class 0x088000
[    2.700801] pci 0000:ff:0a.1: [8086:344d] type 00 class 0x088000
[    2.700915] pci 0000:ff:0a.2: [8086:344d] type 00 class 0x088000
[    2.701023] pci 0000:ff:0a.3: [8086:344d] type 00 class 0x088000
[    2.701124] pci 0000:ff:0a.4: [8086:344d] type 00 class 0x088000
[    2.701232] pci 0000:ff:0a.5: [8086:344d] type 00 class 0x088000
[    2.701380] pci 0000:ff:0a.6: [8086:344d] type 00 class 0x088000
[    2.701524] pci 0000:ff:0a.7: [8086:344d] type 00 class 0x088000
[    2.701692] pci 0000:ff:0b.0: [8086:344d] type 00 class 0x088000
[    2.701845] pci 0000:ff:0b.1: [8086:344d] type 00 class 0x088000
[    2.702004] pci 0000:ff:0b.2: [8086:344d] type 00 class 0x088000
[    2.702169] pci 0000:ff:0b.3: [8086:344d] type 00 class 0x088000
[    2.702335] pci 0000:ff:0b.4: [8086:344d] type 00 class 0x088000
[    2.702454] pci 0000:ff:0b.5: [8086:344d] type 00 class 0x088000
[    2.702574] pci 0000:ff:0b.6: [8086:344d] type 00 class 0x088000
[    2.702692] pci 0000:ff:0b.7: [8086:344d] type 00 class 0x088000
[    2.702848] pci 0000:ff:0c.0: [8086:344d] type 00 class 0x088000
[    2.702992] pci 0000:ff:0c.1: [8086:344d] type 00 class 0x088000
[    2.703095] pci 0000:ff:0c.2: [8086:344d] type 00 class 0x088000
[    2.703247] pci 0000:ff:0c.3: [8086:344d] type 00 class 0x088000
[    2.703383] pci 0000:ff:0c.4: [8086:344d] type 00 class 0x088000
[    2.703522] pci 0000:ff:0c.5: [8086:344d] type 00 class 0x088000
[    2.703661] pci 0000:ff:0c.6: [8086:344d] type 00 class 0x088000
[    2.703807] pci 0000:ff:0c.7: [8086:344d] type 00 class 0x088000
[    2.703969] pci 0000:ff:0d.0: [8086:344d] type 00 class 0x088000
[    2.704118] pci 0000:ff:0d.1: [8086:344d] type 00 class 0x088000
[    2.704278] pci 0000:ff:0d.2: [8086:344d] type 00 class 0x088000
[    2.704436] pci 0000:ff:0d.3: [8086:344d] type 00 class 0x088000
[    2.704622] pci 0000:ff:1d.0: [8086:344f] type 00 class 0x088000
[    2.704763] pci 0000:ff:1d.1: [8086:3457] type 00 class 0x088000
[    2.704912] pci 0000:ff:1e.0: [8086:3458] type 00 class 0x088000
[    2.705000] pci 0000:ff:1e.1: [8086:3459] type 00 class 0x088000
[    2.705094] pci 0000:ff:1e.2: [8086:345a] type 00 class 0x088000
[    2.705179] pci 0000:ff:1e.3: [8086:345b] type 00 class 0x088000
[    2.705263] pci 0000:ff:1e.4: [8086:345c] type 00 class 0x088000
[    2.705348] pci 0000:ff:1e.5: [8086:345d] type 00 class 0x088000
[    2.705433] pci 0000:ff:1e.6: [8086:345e] type 00 class 0x088000
[    2.705517] pci 0000:ff:1e.7: [8086:345f] type 00 class 0x088000
[    2.705587] pci_bus 0000:ff: on NUMA node 1
[    2.707146] iommu: Default domain type: Translated 
[    2.707146] iommu: DMA domain TLB invalidation policy: lazy mode 
[    2.707146] pci 0000:03:00.0: vgaarb: setting as boot VGA device
[    2.707146] pci 0000:03:00.0: vgaarb: VGA device added: decodes=io+mem,owns=io+mem,locks=none
[    2.707176] pci 0000:03:00.0: vgaarb: bridge control possible
[    2.707177] vgaarb: loaded
[    2.707344] SCSI subsystem initialized
[    2.707355] libata version 3.00 loaded.
[    2.707355] ACPI: bus type USB registered
[    2.707355] usbcore: registered new interface driver usbfs
[    2.707355] usbcore: registered new interface driver hub
[    2.707355] usbcore: registered new device driver usb
[    2.707355] pps_core: LinuxPPS API ver. 1 registered
[    2.707355] pps_core: Software ver. 5.3.6 - Copyright 2005-2007 Rodolfo Giometti <giometti@linux.it>
[    2.707355] PTP clock support registered
[    2.707355] EDAC MC: Ver: 3.0.0
[    2.707560] NetLabel: Initializing
[    2.707560] NetLabel:  domain hash size = 128
[    2.707560] NetLabel:  protocols = UNLABELED CIPSOv4 CALIPSO
[    2.707560] NetLabel:  unlabeled traffic allowed by default
[    2.711118] PCI: Using ACPI for IRQ routing
[    2.714247] PCI: pci_cache_line_size set to 64 bytes
[    2.714247] Expanded resource Reserved due to conflict with PNP0003:00
[    2.714247] e820: reserve RAM buffer [mem 0x0009e000-0x0009ffff]
[    2.714247] e820: reserve RAM buffer [mem 0x4a42b000-0x4bffffff]
[    2.714247] e820: reserve RAM buffer [mem 0x4b86e000-0x4bffffff]
[    2.714247] e820: reserve RAM buffer [mem 0x4c20f000-0x4fffffff]
[    2.714247] e820: reserve RAM buffer [mem 0x51b00000-0x53ffffff]
[    2.714247] e820: reserve RAM buffer [mem 0x5eefe000-0x5fffffff]
[    2.714247] e820: reserve RAM buffer [mem 0x6f800000-0x6fffffff]
[    2.714247] hpet0: at MMIO 0xfed00000, IRQs 2, 8, 0, 0, 0, 0, 0, 0
[    2.714247] hpet0: 8 comparators, 64-bit 24.000000 MHz counter
[    2.715218] clocksource: Switched to clocksource tsc-early
[    2.724186] VFS: Disk quotas dquot_6.6.0
[    2.724207] VFS: Dquot-cache hash table entries: 512 (order 0, 4096 bytes)
[    2.724313] AppArmor: AppArmor Filesystem Enabled
[    2.724326] pnp: PnP ACPI init
[    2.735740] system 00:01: [io  0x0500-0x05fe] has been reserved
[    2.735744] system 00:01: [io  0x0400-0x041f] has been reserved
[    2.735746] system 00:01: [io  0x0600-0x061f] has been reserved
[    2.735747] system 00:01: [io  0x0ca0-0x0ca1] has been reserved
[    2.735748] system 00:01: [io  0x0ca4-0x0ca6] has been reserved
[    2.735750] system 00:01: [mem 0xff000000-0xffffffff] has been reserved
[    2.736300] system 00:04: [mem 0xfd000000-0xfdabffff] has been reserved
[    2.736302] system 00:04: [mem 0xfdad0000-0xfdadffff] has been reserved
[    2.736303] system 00:04: [mem 0xfdb00000-0xfdffffff] has been reserved
[    2.736304] system 00:04: [mem 0xfe000000-0xfe00ffff] has been reserved
[    2.736306] system 00:04: [mem 0xfe011000-0xfe01ffff] has been reserved
[    2.736307] system 00:04: [mem 0xfe036000-0xfe03bfff] has been reserved
[    2.736308] system 00:04: [mem 0xfe03d000-0xfe3fffff] has been reserved
[    2.736310] system 00:04: [mem 0xfe410000-0xfe7fffff] has been reserved
[    2.736586] system 00:05: [io  0x1000-0x10fe] has been reserved
[    2.737462] pnp: PnP ACPI: found 6 devices
[    2.743002] clocksource: acpi_pm: mask: 0xffffff max_cycles: 0xffffff, max_idle_ns: 2085701024 ns
[    2.743063] NET: Registered PF_INET protocol family
[    2.743398] IP idents hash table entries: 262144 (order: 9, 2097152 bytes, vmalloc)
[    2.745327] tcp_listen_portaddr_hash hash table entries: 65536 (order: 8, 1048576 bytes, vmalloc)
[    2.746005] TCP established hash table entries: 524288 (order: 10, 4194304 bytes, vmalloc)
[    2.746590] TCP bind hash table entries: 65536 (order: 8, 1048576 bytes, vmalloc)
[    2.746646] TCP: Hash tables configured (established 524288 bind 65536)
[    2.746964] MPTCP token hash table entries: 65536 (order: 8, 1572864 bytes, vmalloc)
[    2.747407] UDP hash table entries: 65536 (order: 9, 2097152 bytes, vmalloc)
[    2.747887] UDP-Lite hash table entries: 65536 (order: 9, 2097152 bytes, vmalloc)
[    2.748238] NET: Registered PF_UNIX/PF_LOCAL protocol family
[    2.748244] NET: Registered PF_XDP protocol family
[    2.748250] pci 0000:04:00.0: can't claim BAR 6 [mem 0xfffc0000-0xffffffff pref]: no compatible bridge window
[    2.748253] pci 0000:04:00.1: can't claim BAR 6 [mem 0xfffc0000-0xffffffff pref]: no compatible bridge window
[    2.748255] pci 0000:17:00.0: can't claim BAR 6 [mem 0xfff00000-0xffffffff pref]: no compatible bridge window
[    2.748271] pci 0000:00:1c.5: BAR 14: assigned [mem 0x90000000-0x900fffff]
[    2.748274] pci 0000:00:1c.0: PCI bridge to [bus 01]
[    2.748283] pci 0000:02:00.0: PCI bridge to [bus 03]
[    2.748288] pci 0000:02:00.0:   bridge window [mem 0x92000000-0x928fffff]
[    2.748292] pci 0000:02:00.0:   bridge window [mem 0x91000000-0x91ffffff 64bit pref]
[    2.748297] pci 0000:00:1c.4: PCI bridge to [bus 02-03]
[    2.748300] pci 0000:00:1c.4:   bridge window [mem 0x92000000-0x928fffff]
[    2.748303] pci 0000:00:1c.4:   bridge window [mem 0x91000000-0x91ffffff 64bit pref]
[    2.748308] pci 0000:04:00.0: BAR 6: assigned [mem 0x90000000-0x9003ffff pref]
[    2.748309] pci 0000:04:00.1: BAR 6: assigned [mem 0x90040000-0x9007ffff pref]
[    2.748311] pci 0000:00:1c.5: PCI bridge to [bus 04]
[    2.748314] pci 0000:00:1c.5:   bridge window [mem 0x90000000-0x900fffff]
[    2.748316] pci 0000:00:1c.5:   bridge window [mem 0x92900000-0x929fffff 64bit pref]
[    2.748320] pci_bus 0000:00: resource 4 [io  0x0000-0x0cf7 window]
[    2.748322] pci_bus 0000:00: resource 5 [io  0x1000-0x4fff window]
[    2.748323] pci_bus 0000:00: resource 6 [mem 0x000a0000-0x000bffff window]
[    2.748324] pci_bus 0000:00: resource 7 [mem 0x000c8000-0x000cffff window]
[    2.748325] pci_bus 0000:00: resource 8 [mem 0xfe010000-0xfe010fff window]
[    2.748326] pci_bus 0000:00: resource 9 [mem 0x90000000-0x9b7fffff window]
[    2.748327] pci_bus 0000:00: resource 10 [mem 0x380000000000-0x383fffffffff window]
[    2.748329] pci_bus 0000:02: resource 1 [mem 0x92000000-0x928fffff]
[    2.748330] pci_bus 0000:02: resource 2 [mem 0x91000000-0x91ffffff 64bit pref]
[    2.748331] pci_bus 0000:03: resource 1 [mem 0x92000000-0x928fffff]
[    2.748332] pci_bus 0000:03: resource 2 [mem 0x91000000-0x91ffffff 64bit pref]
[    2.748334] pci_bus 0000:04: resource 1 [mem 0x90000000-0x900fffff]
[    2.748334] pci_bus 0000:04: resource 2 [mem 0x92900000-0x929fffff 64bit pref]
[    2.748402] pci 0000:17:00.0: BAR 6: no space for [mem size 0x00100000 pref]
[    2.748403] pci 0000:17:00.0: BAR 6: failed to assign [mem size 0x00100000 pref]
[    2.748405] pci 0000:16:02.0: PCI bridge to [bus 17]
[    2.748406] pci 0000:16:02.0:   bridge window [io  0x5000-0x5fff]
[    2.748409] pci 0000:16:02.0:   bridge window [mem 0x9ba00000-0x9bafffff]
[    2.748411] pci 0000:16:02.0:   bridge window [mem 0x9b800000-0x9b9fffff 64bit pref]
[    2.748414] pci_bus 0000:16: resource 4 [io  0x5000-0x6fff window]
[    2.748415] pci_bus 0000:16: resource 5 [mem 0x9b800000-0xa63fffff window]
[    2.748416] pci_bus 0000:16: resource 6 [mem 0x384000000000-0x387fffffffff window]
[    2.748417] pci_bus 0000:17: resource 0 [io  0x5000-0x5fff]
[    2.748418] pci_bus 0000:17: resource 1 [mem 0x9ba00000-0x9bafffff]
[    2.748419] pci_bus 0000:17: resource 2 [mem 0x9b800000-0x9b9fffff 64bit pref]
[    2.748425] pci_bus 0000:30: resource 4 [io  0x7000-0x8fff window]
[    2.748426] pci_bus 0000:30: resource 5 [mem 0xa6400000-0xb0ffffff window]
[    2.748427] pci_bus 0000:30: resource 6 [mem 0x388000000000-0x38bfffffffff window]
[    2.748432] pci_bus 0000:4a: resource 4 [io  0x9000-0x9fff window]
[    2.748433] pci_bus 0000:4a: resource 5 [mem 0xb1000000-0xbbbfffff window]
[    2.748434] pci_bus 0000:4a: resource 6 [mem 0x38c000000000-0x38ffffffffff window]
[    2.748440] pci_bus 0000:64: resource 4 [io  0xa000-0xafff window]
[    2.748441] pci_bus 0000:64: resource 5 [mem 0xbbc00000-0xc5ffffff window]
[    2.748442] pci_bus 0000:64: resource 6 [mem 0x390000000000-0x393fffffffff window]
[    2.748475] pci_bus 0000:80: resource 4 [io  0xb000-0xbfff window]
[    2.748476] pci_bus 0000:80: resource 5 [mem 0xc6800000-0xd0ffffff window]
[    2.748477] pci_bus 0000:80: resource 6 [mem 0x394000000000-0x397fffffffff window]
[    2.748483] pci_bus 0000:97: resource 4 [io  0xc000-0xcfff window]
[    2.748484] pci_bus 0000:97: resource 5 [mem 0xd1000000-0xdbbfffff window]
[    2.748484] pci_bus 0000:97: resource 6 [mem 0x398000000000-0x39bfffffffff window]
[    2.748490] pci_bus 0000:b0: resource 4 [io  0xd000-0xdfff window]
[    2.748491] pci_bus 0000:b0: resource 5 [mem 0xdbc00000-0xe67fffff window]
[    2.748492] pci_bus 0000:b0: resource 6 [mem 0x39c000000000-0x39ffffffffff window]
[    2.748497] pci_bus 0000:c9: resource 4 [io  0xe000-0xefff window]
[    2.748498] pci_bus 0000:c9: resource 5 [mem 0xe6800000-0xf13fffff window]
[    2.748499] pci_bus 0000:c9: resource 6 [mem 0x3a0000000000-0x3a3fffffffff window]
[    2.748506] pci_bus 0000:e2: resource 4 [io  0xf000-0xffff window]
[    2.748507] pci_bus 0000:e2: resource 5 [mem 0xf1400000-0xfb7fffff window]
[    2.748508] pci_bus 0000:e2: resource 6 [mem 0x3a4000000000-0x3a7fffffffff window]
[    2.750378] PCI: CLS 0 bytes, default 64
[    2.750460] Trying to unpack rootfs image as initramfs...
[    2.750484] PCI-DMA: Using software bounce buffering for IO (SWIOTLB)
[    2.750486] software IO TLB: mapped [mem 0x000000005aefe000-0x000000005eefe000] (64MB)
[    2.767614] Initialise system trusted keyrings
[    2.767624] Key type blacklist registered
[    2.767707] workingset: timestamp_bits=36 max_order=25 bucket_order=0
[    2.768863] zbud: loaded
[    2.769193] squashfs: version 4.0 (2009/01/31) Phillip Lougher
[    2.769346] fuse: init (API version 7.34)
[    2.769542] integrity: Platform Keyring initialized
[    2.778791] Key type asymmetric registered
[    2.778793] Asymmetric key parser 'x509' registered
[    2.778806] Block layer SCSI generic (bsg) driver version 0.4 loaded (major 243)
[    2.778859] io scheduler mq-deadline registered
[    2.779723] pcieport 0000:00:1c.0: PME: Signaling with IRQ 130
[    2.779868] pcieport 0000:00:1c.4: PME: Signaling with IRQ 131
[    2.780007] pcieport 0000:00:1c.5: PME: Signaling with IRQ 132
[    2.780129] pcieport 0000:16:02.0: PME: Signaling with IRQ 133
[    2.780464] shpchp: Standard Hot Plug PCI Controller Driver version: 0.4
[    2.780673] Monitor-Mwait will be used to enter C-1 state
[    2.780681] Monitor-Mwait will be used to enter C-2 state
[    2.780685] ACPI: \_SB_.SCK0.C000: Found 2 idle states
[    2.784911] input: Power Button as /devices/LNXSYSTM:00/LNXPWRBN:00/input/input0
[    2.784963] ACPI: button: Power Button [PWRF]
[    2.786340] acpi/hmat: HMAT: Memory (0x0 length 0x80000000) Flags:0003 Processor Domain:0 Memory Domain:0
[    2.786343] acpi/hmat: HMAT: Memory (0x100000000 length 0xf80000000) Flags:0003 Processor Domain:0 Memory Domain:0
[    2.786344] acpi/hmat: HMAT: Memory (0x2080000000 length 0x7e00000000) Flags:0003 Processor Domain:0 Memory Domain:2
[    2.786345] acpi/hmat: HMAT: Memory (0x1080000000 length 0x1000000000) Flags:0003 Processor Domain:1 Memory Domain:1
[    2.786347] acpi/hmat: HMAT: Memory (0x9e80000000 length 0x7e00000000) Flags:0003 Processor Domain:1 Memory Domain:3
[    2.786348] acpi/hmat: HMAT: Locality: Flags:00 Type:Read Latency Initiator Domains:2 Target Domains:4 Base:100
[    2.786350] acpi/hmat:   Initiator-Target[0-0]:7600 nsec
[    2.786351] acpi/hmat:   Initiator-Target[0-1]:13560 nsec
[    2.786352] acpi/hmat:   Initiator-Target[0-2]:25350 nsec
[    2.786352] acpi/hmat:   Initiator-Target[0-3]:31600 nsec
[    2.786353] acpi/hmat:   Initiator-Target[1-0]:13560 nsec
[    2.786354] acpi/hmat:   Initiator-Target[1-1]:7600 nsec
[    2.786354] acpi/hmat:   Initiator-Target[1-2]:31600 nsec
[    2.786355] acpi/hmat:   Initiator-Target[1-3]:25350 nsec
[    2.786356] acpi/hmat: HMAT: Locality: Flags:00 Type:Write Latency Initiator Domains:2 Target Domains:4 Base:100
[    2.786357] acpi/hmat:   Initiator-Target[0-0]:7600 nsec
[    2.786358] acpi/hmat:   Initiator-Target[0-1]:13560 nsec
[    2.786359] acpi/hmat:   Initiator-Target[0-2]:25350 nsec
[    2.786359] acpi/hmat:   Initiator-Target[0-3]:31600 nsec
[    2.786360] acpi/hmat:   Initiator-Target[1-0]:13560 nsec
[    2.786361] acpi/hmat:   Initiator-Target[1-1]:7600 nsec
[    2.786361] acpi/hmat:   Initiator-Target[1-2]:31600 nsec
[    2.786362] acpi/hmat:   Initiator-Target[1-3]:25350 nsec
[    2.786362] acpi/hmat: HMAT: Locality: Flags:00 Type:Read Bandwidth Initiator Domains:2 Target Domains:4 Base:1
[    2.786363] acpi/hmat:   Initiator-Target[0-0]:1790 MB/s
[    2.786364] acpi/hmat:   Initiator-Target[0-1]:1790 MB/s
[    2.786365] acpi/hmat:   Initiator-Target[0-2]:463 MB/s
[    2.786365] acpi/hmat:   Initiator-Target[0-3]:463 MB/s
[    2.786366] acpi/hmat:   Initiator-Target[1-0]:1790 MB/s
[    2.786367] acpi/hmat:   Initiator-Target[1-1]:1790 MB/s
[    2.786367] acpi/hmat:   Initiator-Target[1-2]:463 MB/s
[    2.786368] acpi/hmat:   Initiator-Target[1-3]:463 MB/s
[    2.786368] acpi/hmat: HMAT: Locality: Flags:00 Type:Write Bandwidth Initiator Domains:2 Target Domains:4 Base:1
[    2.786369] acpi/hmat:   Initiator-Target[0-0]:1910 MB/s
[    2.786370] acpi/hmat:   Initiator-Target[0-1]:1910 MB/s
[    2.786371] acpi/hmat:   Initiator-Target[0-2]:138 MB/s
[    2.786371] acpi/hmat:   Initiator-Target[0-3]:138 MB/s
[    2.786372] acpi/hmat:   Initiator-Target[1-0]:1910 MB/s
[    2.786372] acpi/hmat:   Initiator-Target[1-1]:1910 MB/s
[    2.786373] acpi/hmat:   Initiator-Target[1-2]:138 MB/s
[    2.786374] acpi/hmat:   Initiator-Target[1-3]:138 MB/s
[    2.786495] ERST: Error Record Serialization Table (ERST) support is initialized.
[    2.786505] pstore: Registered erst as persistent store backend
[    2.786714] GHES: APEI firmware first mode is enabled by APEI bit and WHEA _OSC.
[    2.786878] Serial: 8250/16550 driver, 32 ports, IRQ sharing enabled
[    2.807623] 00:02: ttyS1 at I/O 0x2f8 (irq = 3, base_baud = 115200) is a 16550A
[    2.846029] 00:03: ttyS0 at I/O 0x3f8 (irq = 4, base_baud = 115200) is a 16550A
[    2.864950] Linux agpgart interface v0.103
[    2.875436] loop: module loaded
[    2.875920] tun: Universal TUN/TAP device driver, 1.6
[    2.875948] PPP generic driver version 2.4.2
[    2.875996] VFIO - User Level meta-driver version: 0.3
[    2.876069] ehci_hcd: USB 2.0 'Enhanced' Host Controller (EHCI) Driver
[    2.876073] ehci-pci: EHCI PCI platform driver
[    2.876094] ehci-platform: EHCI generic platform driver
[    2.876101] ohci_hcd: USB 1.1 'Open' Host Controller (OHCI) Driver
[    2.876103] ohci-pci: OHCI PCI platform driver
[    2.876120] ohci-platform: OHCI generic platform driver
[    2.876124] uhci_hcd: USB Universal Host Controller Interface driver
[    2.876164] i8042: PNP: No PS/2 controller found.
[    2.876202] mousedev: PS/2 mouse device common for all mice
[    2.876267] rtc_cmos 00:00: RTC can wake from S4
[    2.876642] rtc_cmos 00:00: registered as rtc0
[    2.876725] rtc_cmos 00:00: setting system clock to 2023-12-30T14:34:59 UTC (1703946899)
[    2.876736] rtc_cmos 00:00: alarms up to one month, y3k, 114 bytes nvram, hpet irqs
[    2.876742] i2c_dev: i2c /dev entries driver
[    2.879329] device-mapper: core: CONFIG_IMA_DISABLE_HTABLE is disabled. Duplicate IMA measurements will not be recorded in the IMA log.
[    2.879358] device-mapper: uevent: version 1.0.3
[    2.879396] device-mapper: ioctl: 4.45.0-ioctl (2021-03-22) initialised: dm-devel@redhat.com
[    2.879408] platform eisa.0: Probing EISA bus 0
[    2.879410] platform eisa.0: EISA: Cannot allocate resource for mainboard
[    2.879411] platform eisa.0: Cannot allocate resource for EISA slot 1
[    2.879412] platform eisa.0: Cannot allocate resource for EISA slot 2
[    2.879413] platform eisa.0: Cannot allocate resource for EISA slot 3
[    2.879414] platform eisa.0: Cannot allocate resource for EISA slot 4
[    2.879415] platform eisa.0: Cannot allocate resource for EISA slot 5
[    2.879415] platform eisa.0: Cannot allocate resource for EISA slot 6
[    2.879416] platform eisa.0: Cannot allocate resource for EISA slot 7
[    2.879417] platform eisa.0: Cannot allocate resource for EISA slot 8
[    2.879418] platform eisa.0: EISA: Detected 0 cards
[    2.879429] intel_pstate: P-states controlled by the platform
[    2.882390] ledtrig-cpu: registered to indicate activity on CPUs
[    2.882408] vesafb: mode is 1280x1024x32, linelength=5120, pages=0
[    2.882409] vesafb: scrolling: redraw
[    2.882410] vesafb: Truecolor: size=8:8:8:8, shift=24:16:8:0
[    2.882432] vesafb: framebuffer at 0x91000000, mapped to 0x000000007d174763, using 5120k, total 5120k
[    2.882502] Console: switching to colour frame buffer device 160x64
[    3.049261] fb0: VESA VGA frame buffer device
[    3.049676] drop_monitor: Initializing network drop monitor service
[    3.049804] NET: Registered PF_INET6 protocol family
[    3.771172] tsc: Refined TSC clocksource calibration: 2992.967 MHz
[    3.771231] clocksource: tsc: mask: 0xffffffffffffffff max_cycles: 0x2b2451403c2, max_idle_ns: 440795229189 ns
[    3.771451] clocksource: Switched to clocksource tsc
[    4.404455] Freeing initrd memory: 820792K
[    4.420591] Segment Routing with IPv6
[    4.420625] In-situ OAM (IOAM) with IPv6
[    4.420695] NET: Registered PF_PACKET protocol family
[    4.420963] Key type dns_resolver registered
[    4.441190] microcode: sig=0x606a6, pf=0x1, revision=0xd0003b9
[    4.443932] microcode: Microcode Update Driver: v2.2.
[    4.447133] resctrl: L3 allocation detected
[    4.447139] resctrl: MB allocation detected
