[    0.000000] microcode: microcode updated early to revision 0xd0003b9, date = 2023-09-01
[    0.000000] Linux version 5.18.0 (xmu@xmu-PowerEdge-R750) (gcc (Ubuntu 8.4.0-3ubuntu2) 8.4.0, GNU ld (GNU Binutils for Ubuntu) 2.34) #1 SMP PREEMPT_DYNAMIC Mon Dec 4 20:41:12 CST 2023
[    0.000000] Command line: BOOT_IMAGE=/boot/vmlinuz-5.18.0 root=UUID=227abe24-d21b-4f64-839d-812ac630a4f4 ro quiet splash memmap=35G!28G vt.handoff=7
[    0.000000] KERNEL supported cpus:
[    0.000000]   Intel GenuineIntel
[    0.000000]   AMD AuthenticAMD
[    0.000000]   Hygon HygonGenuine
[    0.000000]   Centaur CentaurHauls
[    0.000000]   zhaoxin   Shanghai  
[    0.000000] x86/split lock detection: #AC: crashing the kernel on kernel split_locks and warning on user-space split_locks
[    0.000000] x86/fpu: Supporting XSAVE feature 0x001: 'x87 floating point registers'
[    0.000000] x86/fpu: Supporting XSAVE feature 0x002: 'SSE registers'
[    0.000000] x86/fpu: Supporting XSAVE feature 0x004: 'AVX registers'
[    0.000000] x86/fpu: Supporting XSAVE feature 0x020: 'AVX-512 opmask'
[    0.000000] x86/fpu: Supporting XSAVE feature 0x040: 'AVX-512 Hi256'
[    0.000000] x86/fpu: Supporting XSAVE feature 0x080: 'AVX-512 ZMM_Hi256'
[    0.000000] x86/fpu: Supporting XSAVE feature 0x200: 'Protection Keys User registers'
[    0.000000] x86/fpu: xstate_offset[2]:  576, xstate_sizes[2]:  256
[    0.000000] x86/fpu: xstate_offset[5]:  832, xstate_sizes[5]:   64
[    0.000000] x86/fpu: xstate_offset[6]:  896, xstate_sizes[6]:  512
[    0.000000] x86/fpu: xstate_offset[7]: 1408, xstate_sizes[7]: 1024
[    0.000000] x86/fpu: xstate_offset[9]: 2432, xstate_sizes[9]:    8
[    0.000000] x86/fpu: Enabled xstate features 0x2e7, context size is 2440 bytes, using 'compacted' format.
[    0.000000] signal: max sigframe size: 3632
[    0.000000] BIOS-provided physical RAM map:
[    0.000000] BIOS-e820: [mem 0x0000000000000000-0x000000000009dfff] usable
[    0.000000] BIOS-e820: [mem 0x000000000009e000-0x000000000009ffff] reserved
[    0.000000] BIOS-e820: [mem 0x00000000000e0000-0x00000000000fffff] reserved
[    0.000000] BIOS-e820: [mem 0x0000000000100000-0x000000004a42afff] usable
[    0.000000] BIOS-e820: [mem 0x000000004a42b000-0x000000004b42afff] ACPI NVS
[    0.000000] BIOS-e820: [mem 0x000000004b42b000-0x000000004b86dfff] usable
[    0.000000] BIOS-e820: [mem 0x000000004b86e000-0x000000004baecfff] ACPI data
[    0.000000] BIOS-e820: [mem 0x000000004baed000-0x000000004c20efff] usable
[    0.000000] BIOS-e820: [mem 0x000000004c20f000-0x000000004c314fff] reserved
[    0.000000] BIOS-e820: [mem 0x000000004c315000-0x0000000051afffff] usable
[    0.000000] BIOS-e820: [mem 0x0000000051b00000-0x0000000051b00fff] reserved
[    0.000000] BIOS-e820: [mem 0x0000000051b01000-0x000000005eefdfff] usable
[    0.000000] BIOS-e820: [mem 0x000000005eefe000-0x000000006e3fefff] reserved
[    0.000000] BIOS-e820: [mem 0x000000006e3ff000-0x000000006f3fefff] ACPI NVS
[    0.000000] BIOS-e820: [mem 0x000000006f3ff000-0x000000006f7fefff] ACPI data
[    0.000000] BIOS-e820: [mem 0x000000006f7ff000-0x000000006f7fffff] usable
[    0.000000] BIOS-e820: [mem 0x000000006f800000-0x000000008fffffff] reserved
[    0.000000] BIOS-e820: [mem 0x00000000fd000000-0x00000000fe7fffff] reserved
[    0.000000] BIOS-e820: [mem 0x00000000fec00000-0x00000000fec00fff] reserved
[    0.000000] BIOS-e820: [mem 0x00000000fec80000-0x00000000fed00fff] reserved
[    0.000000] BIOS-e820: [mem 0x00000000fed40000-0x00000000fed44fff] reserved
[    0.000000] BIOS-e820: [mem 0x00000000ff000000-0x00000000ffffffff] reserved
[    0.000000] BIOS-e820: [mem 0x0000000100000000-0x000000207fffffff] usable
[    0.000000] BIOS-e820: [mem 0x0000002080000000-0x0000011c7fffffff] persistent (type 7)
[    0.000000] BIOS-e820: [mem 0x000037fc00000000-0x000037ffffffffff] reserved
[    0.000000] NX (Execute Disable) protection: active
[    0.000000] user-defined physical RAM map:
[    0.000000] user: [mem 0x0000000000000000-0x000000000009dfff] usable
[    0.000000] user: [mem 0x000000000009e000-0x000000000009ffff] reserved
[    0.000000] user: [mem 0x00000000000e0000-0x00000000000fffff] reserved
[    0.000000] user: [mem 0x0000000000100000-0x000000004a42afff] usable
[    0.000000] user: [mem 0x000000004a42b000-0x000000004b42afff] ACPI NVS
[    0.000000] user: [mem 0x000000004b42b000-0x000000004b86dfff] usable
[    0.000000] user: [mem 0x000000004b86e000-0x000000004baecfff] ACPI data
[    0.000000] user: [mem 0x000000004baed000-0x000000004c20efff] usable
[    0.000000] user: [mem 0x000000004c20f000-0x000000004c314fff] reserved
[    0.000000] user: [mem 0x000000004c315000-0x0000000051afffff] usable
[    0.000000] user: [mem 0x0000000051b00000-0x0000000051b00fff] reserved
[    0.000000] user: [mem 0x0000000051b01000-0x000000005eefdfff] usable
[    0.000000] user: [mem 0x000000005eefe000-0x000000006e3fefff] reserved
[    0.000000] user: [mem 0x000000006e3ff000-0x000000006f3fefff] ACPI NVS
[    0.000000] user: [mem 0x000000006f3ff000-0x000000006f7fefff] ACPI data
[    0.000000] user: [mem 0x000000006f7ff000-0x000000006f7fffff] usable
[    0.000000] user: [mem 0x000000006f800000-0x000000008fffffff] reserved
[    0.000000] user: [mem 0x00000000fd000000-0x00000000fe7fffff] reserved
[    0.000000] user: [mem 0x00000000fec00000-0x00000000fec00fff] reserved
[    0.000000] user: [mem 0x00000000fec80000-0x00000000fed00fff] reserved
[    0.000000] user: [mem 0x00000000fed40000-0x00000000fed44fff] reserved
[    0.000000] user: [mem 0x00000000ff000000-0x00000000ffffffff] reserved
[    0.000000] user: [mem 0x0000000100000000-0x00000006ffffffff] usable
[    0.000000] user: [mem 0x0000000700000000-0x0000000fbfffffff] persistent (type 12)
[    0.000000] user: [mem 0x0000000fc0000000-0x000000207fffffff] usable
[    0.000000] user: [mem 0x0000002080000000-0x0000011c7fffffff] persistent (type 7)
[    0.000000] user: [mem 0x000037fc00000000-0x000037ffffffffff] reserved
[    0.000000] SMBIOS 3.3 present.
[    0.000000] DMI: Dell Inc. PowerEdge R750/0WT8Y6, BIOS 1.5.4 12/17/2021
[    0.000000] tsc: Detected 3000.000 MHz processor
[    0.020525] e820: update [mem 0x00000000-0x00000fff] usable ==> reserved
[    0.020623] e820: remove [mem 0x000a0000-0x000fffff] usable
[    0.020959] last_pfn = 0x2080000 max_arch_pfn = 0x10000000000
[    0.026653] x86/PAT: Configuration [0-7]: WB  WC  UC- UC  WB  WP  UC- WT  
[    0.063201] total RAM covered: 2095088M
[    0.066958]  gran_size: 64K 	chunk_size: 64K 	num_reg: 10  	lose cover RAM: 2016G
[    0.067056]  gran_size: 64K 	chunk_size: 128K 	num_reg: 10  	lose cover RAM: 2016G
[    0.067106]  gran_size: 64K 	chunk_size: 256K 	num_reg: 10  	lose cover RAM: 2016G
[    0.067200]  gran_size: 64K 	chunk_size: 512K 	num_reg: 10  	lose cover RAM: 2016G
[    0.067249]  gran_size: 64K 	chunk_size: 1M 	num_reg: 10  	lose cover RAM: 2016G
[    0.067299]  gran_size: 64K 	chunk_size: 2M 	num_reg: 10  	lose cover RAM: 2016G
[    0.067348]  gran_size: 64K 	chunk_size: 4M 	num_reg: 10  	lose cover RAM: 2016G
[    0.067397]  gran_size: 64K 	chunk_size: 8M 	num_reg: 10  	lose cover RAM: 2016G
[    0.067490]  gran_size: 64K 	chunk_size: 16M 	num_reg: 10  	lose cover RAM: 2016G
[    0.067540]  gran_size: 64K 	chunk_size: 32M 	num_reg: 10  	lose cover RAM: 1024G
[    0.067590]  gran_size: 64K 	chunk_size: 64M 	num_reg: 10  	lose cover RAM: 1024G
[    0.067639]  gran_size: 64K 	chunk_size: 128M 	num_reg: 10  	lose cover RAM: 1024G
[    0.067732]  gran_size: 64K 	chunk_size: 256M 	num_reg: 10  	lose cover RAM: 1024G
[    0.067780]  gran_size: 64K 	chunk_size: 512M 	num_reg: 10  	lose cover RAM: 1024G
[    0.067829]  gran_size: 64K 	chunk_size: 1G 	num_reg: 10  	lose cover RAM: 1024G
[    0.067879]  gran_size: 64K 	chunk_size: 2G 	num_reg: 10  	lose cover RAM: 1024G
[    0.067971]  gran_size: 128K 	chunk_size: 128K 	num_reg: 10  	lose cover RAM: 2016G
[    0.068021]  gran_size: 128K 	chunk_size: 256K 	num_reg: 10  	lose cover RAM: 2016G
[    0.068070]  gran_size: 128K 	chunk_size: 512K 	num_reg: 10  	lose cover RAM: 2016G
[    0.068119]  gran_size: 128K 	chunk_size: 1M 	num_reg: 10  	lose cover RAM: 2016G
[    0.068167]  gran_size: 128K 	chunk_size: 2M 	num_reg: 10  	lose cover RAM: 2016G
[    0.068259]  gran_size: 128K 	chunk_size: 4M 	num_reg: 10  	lose cover RAM: 2016G
[    0.068307]  gran_size: 128K 	chunk_size: 8M 	num_reg: 10  	lose cover RAM: 2016G
[    0.068356]  gran_size: 128K 	chunk_size: 16M 	num_reg: 10  	lose cover RAM: 2016G
[    0.068405]  gran_size: 128K 	chunk_size: 32M 	num_reg: 10  	lose cover RAM: 1024G
[    0.068453]  gran_size: 128K 	chunk_size: 64M 	num_reg: 10  	lose cover RAM: 1024G
[    0.068546]  gran_size: 128K 	chunk_size: 128M 	num_reg: 10  	lose cover RAM: 1024G
[    0.068596]  gran_size: 128K 	chunk_size: 256M 	num_reg: 10  	lose cover RAM: 1024G
[    0.068644]  gran_size: 128K 	chunk_size: 512M 	num_reg: 10  	lose cover RAM: 1024G
[    0.068694]  gran_size: 128K 	chunk_size: 1G 	num_reg: 10  	lose cover RAM: 1024G
[    0.068786]  gran_size: 128K 	chunk_size: 2G 	num_reg: 10  	lose cover RAM: 1024G
[    0.068835]  gran_size: 256K 	chunk_size: 256K 	num_reg: 10  	lose cover RAM: 2016G
[    0.068884]  gran_size: 256K 	chunk_size: 512K 	num_reg: 10  	lose cover RAM: 2016G
[    0.068933]  gran_size: 256K 	chunk_size: 1M 	num_reg: 10  	lose cover RAM: 2016G
[    0.069027]  gran_size: 256K 	chunk_size: 2M 	num_reg: 10  	lose cover RAM: 2016G
[    0.069076]  gran_size: 256K 	chunk_size: 4M 	num_reg: 10  	lose cover RAM: 2016G
[    0.069125]  gran_size: 256K 	chunk_size: 8M 	num_reg: 10  	lose cover RAM: 2016G
[    0.069174]  gran_size: 256K 	chunk_size: 16M 	num_reg: 10  	lose cover RAM: 2016G
[    0.069223]  gran_size: 256K 	chunk_size: 32M 	num_reg: 10  	lose cover RAM: 1024G
[    0.069317]  gran_size: 256K 	chunk_size: 64M 	num_reg: 10  	lose cover RAM: 1024G
[    0.069366]  gran_size: 256K 	chunk_size: 128M 	num_reg: 10  	lose cover RAM: 1024G
[    0.069415]  gran_size: 256K 	chunk_size: 256M 	num_reg: 10  	lose cover RAM: 1024G
[    0.069464]  gran_size: 256K 	chunk_size: 512M 	num_reg: 10  	lose cover RAM: 1024G
[    0.069513]  gran_size: 256K 	chunk_size: 1G 	num_reg: 10  	lose cover RAM: 1024G
[    0.069606]  gran_size: 256K 	chunk_size: 2G 	num_reg: 10  	lose cover RAM: 1024G
[    0.069655]  gran_size: 512K 	chunk_size: 512K 	num_reg: 10  	lose cover RAM: 2016G
[    0.069705]  gran_size: 512K 	chunk_size: 1M 	num_reg: 10  	lose cover RAM: 2016G
[    0.069754]  gran_size: 512K 	chunk_size: 2M 	num_reg: 10  	lose cover RAM: 2016G
[    0.069802]  gran_size: 512K 	chunk_size: 4M 	num_reg: 10  	lose cover RAM: 2016G
[    0.069896]  gran_size: 512K 	chunk_size: 8M 	num_reg: 10  	lose cover RAM: 2016G
[    0.069945]  gran_size: 512K 	chunk_size: 16M 	num_reg: 10  	lose cover RAM: 2016G
[    0.069994]  gran_size: 512K 	chunk_size: 32M 	num_reg: 10  	lose cover RAM: 1024G
[    0.070043]  gran_size: 512K 	chunk_size: 64M 	num_reg: 10  	lose cover RAM: 1024G
[    0.070092]  gran_size: 512K 	chunk_size: 128M 	num_reg: 10  	lose cover RAM: 1024G
[    0.070185]  gran_size: 512K 	chunk_size: 256M 	num_reg: 10  	lose cover RAM: 1024G
[    0.070235]  gran_size: 512K 	chunk_size: 512M 	num_reg: 10  	lose cover RAM: 1024G
[    0.070284]  gran_size: 512K 	chunk_size: 1G 	num_reg: 10  	lose cover RAM: 1024G
[    0.070333]  gran_size: 512K 	chunk_size: 2G 	num_reg: 10  	lose cover RAM: 1024G
[    0.070382]  gran_size: 1M 	chunk_size: 1M 	num_reg: 10  	lose cover RAM: 2016G
[    0.070477]  gran_size: 1M 	chunk_size: 2M 	num_reg: 10  	lose cover RAM: 2016G
[    0.070526]  gran_size: 1M 	chunk_size: 4M 	num_reg: 10  	lose cover RAM: 2016G
[    0.070575]  gran_size: 1M 	chunk_size: 8M 	num_reg: 10  	lose cover RAM: 2016G
[    0.070668]  gran_size: 1M 	chunk_size: 16M 	num_reg: 10  	lose cover RAM: 2016G
[    0.070718]  gran_size: 1M 	chunk_size: 32M 	num_reg: 10  	lose cover RAM: 1024G
[    0.070766]  gran_size: 1M 	chunk_size: 64M 	num_reg: 10  	lose cover RAM: 1024G
[    0.070816]  gran_size: 1M 	chunk_size: 128M 	num_reg: 10  	lose cover RAM: 1024G
[    0.070863]  gran_size: 1M 	chunk_size: 256M 	num_reg: 10  	lose cover RAM: 1024G
[    0.070911]  gran_size: 1M 	chunk_size: 512M 	num_reg: 10  	lose cover RAM: 1024G
[    0.071005]  gran_size: 1M 	chunk_size: 1G 	num_reg: 10  	lose cover RAM: 1024G
[    0.071053]  gran_size: 1M 	chunk_size: 2G 	num_reg: 10  	lose cover RAM: 1024G
[    0.071102]  gran_size: 2M 	chunk_size: 2M 	num_reg: 10  	lose cover RAM: 2016G
[    0.071151]  gran_size: 2M 	chunk_size: 4M 	num_reg: 10  	lose cover RAM: 2016G
[    0.071199]  gran_size: 2M 	chunk_size: 8M 	num_reg: 10  	lose cover RAM: 2016G
[    0.071292]  gran_size: 2M 	chunk_size: 16M 	num_reg: 10  	lose cover RAM: 2016G
[    0.071341]  gran_size: 2M 	chunk_size: 32M 	num_reg: 10  	lose cover RAM: 1024G
[    0.071390]  gran_size: 2M 	chunk_size: 64M 	num_reg: 10  	lose cover RAM: 1024G
[    0.071440]  gran_size: 2M 	chunk_size: 128M 	num_reg: 10  	lose cover RAM: 1024G
[    0.071488]  gran_size: 2M 	chunk_size: 256M 	num_reg: 10  	lose cover RAM: 1024G
[    0.071579]  gran_size: 2M 	chunk_size: 512M 	num_reg: 10  	lose cover RAM: 1024G
[    0.071627]  gran_size: 2M 	chunk_size: 1G 	num_reg: 10  	lose cover RAM: 1024G
[    0.071676]  gran_size: 2M 	chunk_size: 2G 	num_reg: 10  	lose cover RAM: 1024G
[    0.071770]  gran_size: 4M 	chunk_size: 4M 	num_reg: 10  	lose cover RAM: 2016G
[    0.071819]  gran_size: 4M 	chunk_size: 8M 	num_reg: 10  	lose cover RAM: 2016G
[    0.071869]  gran_size: 4M 	chunk_size: 16M 	num_reg: 10  	lose cover RAM: 2016G
[    0.071918]  gran_size: 4M 	chunk_size: 32M 	num_reg: 10  	lose cover RAM: 1024G
[    0.071967]  gran_size: 4M 	chunk_size: 64M 	num_reg: 10  	lose cover RAM: 1024G
[    0.072016]  gran_size: 4M 	chunk_size: 128M 	num_reg: 10  	lose cover RAM: 1024G
[    0.072109]  gran_size: 4M 	chunk_size: 256M 	num_reg: 10  	lose cover RAM: 1024G
[    0.072158]  gran_size: 4M 	chunk_size: 512M 	num_reg: 10  	lose cover RAM: 1024G
[    0.072207]  gran_size: 4M 	chunk_size: 1G 	num_reg: 10  	lose cover RAM: 1024G
[    0.072256]  gran_size: 4M 	chunk_size: 2G 	num_reg: 10  	lose cover RAM: 1024G
[    0.072304]  gran_size: 8M 	chunk_size: 8M 	num_reg: 10  	lose cover RAM: 2016G
[    0.072396]  gran_size: 8M 	chunk_size: 16M 	num_reg: 10  	lose cover RAM: 2016G
[    0.072445]  gran_size: 8M 	chunk_size: 32M 	num_reg: 10  	lose cover RAM: 1024G
[    0.072494]  gran_size: 8M 	chunk_size: 64M 	num_reg: 10  	lose cover RAM: 1024G
[    0.072543]  gran_size: 8M 	chunk_size: 128M 	num_reg: 10  	lose cover RAM: 1024G
[    0.072592]  gran_size: 8M 	chunk_size: 256M 	num_reg: 10  	lose cover RAM: 1024G
[    0.072640]  gran_size: 8M 	chunk_size: 512M 	num_reg: 10  	lose cover RAM: 1024G
[    0.072734]  gran_size: 8M 	chunk_size: 1G 	num_reg: 10  	lose cover RAM: 1024G
[    0.072783]  gran_size: 8M 	chunk_size: 2G 	num_reg: 10  	lose cover RAM: 1024G
[    0.072832]  gran_size: 16M 	chunk_size: 16M 	num_reg: 10  	lose cover RAM: 2016G
[    0.072881]  gran_size: 16M 	chunk_size: 32M 	num_reg: 10  	lose cover RAM: 1024G
[    0.072930]  gran_size: 16M 	chunk_size: 64M 	num_reg: 10  	lose cover RAM: 1024G
[    0.073024]  gran_size: 16M 	chunk_size: 128M 	num_reg: 10  	lose cover RAM: 1024G
[    0.073073]  gran_size: 16M 	chunk_size: 256M 	num_reg: 10  	lose cover RAM: 1024G
[    0.073123]  gran_size: 16M 	chunk_size: 512M 	num_reg: 10  	lose cover RAM: 1024G
[    0.073216]  gran_size: 16M 	chunk_size: 1G 	num_reg: 10  	lose cover RAM: 1024G
[    0.073266]  gran_size: 16M 	chunk_size: 2G 	num_reg: 10  	lose cover RAM: 1024G
[    0.073315]  gran_size: 32M 	chunk_size: 32M 	num_reg: 10  	lose cover RAM: 2031632M
[    0.073409]  gran_size: 32M 	chunk_size: 64M 	num_reg: 10  	lose cover RAM: 1048592M
[    0.073458]  gran_size: 32M 	chunk_size: 128M 	num_reg: 10  	lose cover RAM: 1048592M
[    0.073508]  gran_size: 32M 	chunk_size: 256M 	num_reg: 10  	lose cover RAM: 1048592M
[    0.073557]  gran_size: 32M 	chunk_size: 512M 	num_reg: 10  	lose cover RAM: 1048592M
[    0.073651]  gran_size: 32M 	chunk_size: 1G 	num_reg: 10  	lose cover RAM: 1048592M
[    0.073700]  gran_size: 32M 	chunk_size: 2G 	num_reg: 10  	lose cover RAM: 1048592M
[    0.073750]  gran_size: 64M 	chunk_size: 64M 	num_reg: 10  	lose cover RAM: 1966128M
[    0.073799]  gran_size: 64M 	chunk_size: 128M 	num_reg: 10  	lose cover RAM: 1048624M
[    0.073892]  gran_size: 64M 	chunk_size: 256M 	num_reg: 10  	lose cover RAM: 1048624M
[    0.073941]  gran_size: 64M 	chunk_size: 512M 	num_reg: 10  	lose cover RAM: 1048624M
[    0.073990]  gran_size: 64M 	chunk_size: 1G 	num_reg: 10  	lose cover RAM: 1048624M
[    0.074040]  gran_size: 64M 	chunk_size: 2G 	num_reg: 10  	lose cover RAM: 1048624M
[    0.074089]  gran_size: 128M 	chunk_size: 128M 	num_reg: 10  	lose cover RAM: 1835120M
[    0.074183]  gran_size: 128M 	chunk_size: 256M 	num_reg: 10  	lose cover RAM: 1048688M
[    0.074232]  gran_size: 128M 	chunk_size: 512M 	num_reg: 10  	lose cover RAM: 1048688M
[    0.074282]  gran_size: 128M 	chunk_size: 1G 	num_reg: 10  	lose cover RAM: 1048688M
[    0.074374]  gran_size: 128M 	chunk_size: 2G 	num_reg: 10  	lose cover RAM: 1048688M
[    0.074423]  gran_size: 256M 	chunk_size: 256M 	num_reg: 10  	lose cover RAM: 1573104M
[    0.074473]  gran_size: 256M 	chunk_size: 512M 	num_reg: 10  	lose cover RAM: 1048816M
[    0.074565]  gran_size: 256M 	chunk_size: 1G 	num_reg: 10  	lose cover RAM: 1048816M
[    0.074614]  gran_size: 256M 	chunk_size: 2G 	num_reg: 10  	lose cover RAM: 1048816M
[    0.074663]  gran_size: 512M 	chunk_size: 512M 	num_reg: 10  	lose cover RAM: 1049072M
[    0.074712]  gran_size: 512M 	chunk_size: 1G 	num_reg: 10  	lose cover RAM: 1049072M
[    0.074761]  gran_size: 512M 	chunk_size: 2G 	num_reg: 10  	lose cover RAM: 1049072M
[    0.074854]  gran_size: 1G 	chunk_size: 1G 	num_reg: 10  	lose cover RAM: 1008M
[    0.074904]  gran_size: 1G 	chunk_size: 2G 	num_reg: 10  	lose cover RAM: 1008M
[    0.074953]  gran_size: 2G 	chunk_size: 2G 	num_reg: 9  	lose cover RAM: 2032M
[    0.075002] mtrr_cleanup: can not find optimal value
[    0.075049] please specify mtrr_gran_size/mtrr_chunk_size
[    0.075146] e820: update [mem 0x7f000000-0xffffffff] usable ==> reserved
[    0.075292] last_pfn = 0x6f800 max_arch_pfn = 0x10000000000
[    0.290482] Using GB pages for direct mapping
[    0.291474] RAMDISK: [mem 0x0816d000-0x37feefff]
[    0.291482] ACPI: Early table checksum verification disabled
[    0.291489] ACPI: RSDP 0x00000000000FE320 000024 (v02 DELL  )
[    0.291494] ACPI: XSDT 0x000000006F41C188 0000FC (v01 DELL   PE_SC3   00000000 DELL 01000013)
[    0.291503] ACPI: FACP 0x000000006F42F000 000114 (v06 DELL   PE_SC3   00000000 DELL 00000001)
[    0.291511] ACPI: DSDT 0x000000004BA6D000 07FAD3 (v02 DELL   PE_SC3   00000003 DELL 00000001)
[    0.291514] ACPI: FACS 0x000000006F332000 000040
[    0.291518] ACPI: SSDT 0x000000006F7FB000 001571 (v02 INTEL  RAS_ACPI 00000001 INTL 20210331)
[    0.291522] ACPI: SSDT 0x000000006F7FA000 000745 (v02 INTEL  ADDRXLAT 00000001 INTL 20210331)
[    0.291526] ACPI: MCEJ 0x000000006F7F9000 000130 (v01 INTEL           00000001 INTL 0100000D)
[    0.291529] ACPI: EINJ 0x000000006F7F8000 000150 (v01 DELL   PE_SC3   00000001 INTL 00000001)
[    0.291533] ACPI: BERT 0x000000006F7F7000 000030 (v01 DELL   PE_SC3   00000001 INTL 00000001)
[    0.291537] ACPI: ERST 0x000000006F7F6000 000230 (v01 DELL   PE_SC3   00000001 INTL 00000001)
[    0.291541] ACPI: SSDT 0x000000006F430000 3C524E (v02 INTEL  SSDTNVDR 00001000 INTL 20210331)
[    0.291544] ACPI: HMAT 0x000000006F42E000 000210 (v01 DELL   PE_SC3   00000001 DELL 00000001)
[    0.291548] ACPI: HPET 0x000000006F42D000 000038 (v01 DELL   PE_SC3   00000001 DELL 00000001)
[    0.291552] ACPI: MCFG 0x000000006F42C000 00003C (v01 DELL   PE_SC3   00000001 DELL 00000001)
[    0.291555] ACPI: MIGT 0x000000006F42B000 000040 (v01 DELL   PE_SC3   00000000 DELL 00000001)
[    0.291559] ACPI: MSCT 0x000000006F42A000 000090 (v01 DELL   PE_SC3   00000001 DELL 00000001)
[    0.291562] ACPI: PMTT 0x000000006F428000 0011E8 (v02 DELL   PE_SC3   00000001 DELL 00000001)
[    0.291566] ACPI: WSMT 0x000000006F427000 000028 (v01 DELL   PE_SC3   00000000 DELL 00000001)
[    0.291570] ACPI: APIC 0x000000006F426000 0001DE (v04 DELL   PE_SC3   00000000 DELL 00000001)
[    0.291573] ACPI: SLIT 0x000000006F425000 00003C (v01 DELL   PE_SC3   00000001 DELL 01000013)
[    0.291577] ACPI: SRAT 0x000000006F41E000 006430 (v03 DELL   PE_SC3   00000002 DELL 01000013)
[    0.291581] ACPI: OEM4 0x000000004B8E5000 187A61 (v02 INTEL  CPU  CST 00003000 INTL 20210331)
[    0.291584] ACPI: SSDT 0x000000004B86E000 0764A5 (v02 INTEL  SSDT  PM 00004000 INTL 20210331)
[    0.291588] ACPI: SSDT 0x000000006F41D000 000A1F (v02 DELL   PE_SC3   00000000 DELL 00000001)
[    0.291592] ACPI: HEST 0x000000006F7FD000 00017C (v01 DELL   PE_SC3   00000001 INTL 00000001)
[    0.291595] ACPI: PCAT 0x000000006F41A000 00010C (v19 DELL   PE_SC3   00000002 DELL 00000001)
[    0.291599] ACPI: SSDT 0x000000006F412000 007299 (v02 INTEL  SpsNm    00000002 INTL 20210331)
[    0.291603] ACPI: SSDT 0x000000006F411000 000662 (v02 DELL   PE_SC3   00000002 DELL 00000001)
[    0.291607] ACPI: NFIT 0x000000006F41B000 000488 (v01 DELL   PE_SC3   00000002 DELL 00000001)
[    0.291610] ACPI: DMAR 0x000000006F410000 000178 (v01 DELL   PE_SC3   00000001 DELL 00000001)
[    0.291613] ACPI: Reserving FACP table memory at [mem 0x6f42f000-0x6f42f113]
[    0.291615] ACPI: Reserving DSDT table memory at [mem 0x4ba6d000-0x4baecad2]
[    0.291616] ACPI: Reserving FACS table memory at [mem 0x6f332000-0x6f33203f]
[    0.291617] ACPI: Reserving SSDT table memory at [mem 0x6f7fb000-0x6f7fc570]
[    0.291618] ACPI: Reserving SSDT table memory at [mem 0x6f7fa000-0x6f7fa744]
[    0.291619] ACPI: Reserving MCEJ table memory at [mem 0x6f7f9000-0x6f7f912f]
[    0.291620] ACPI: Reserving EINJ table memory at [mem 0x6f7f8000-0x6f7f814f]
[    0.291621] ACPI: Reserving BERT table memory at [mem 0x6f7f7000-0x6f7f702f]
[    0.291621] ACPI: Reserving ERST table memory at [mem 0x6f7f6000-0x6f7f622f]
[    0.291622] ACPI: Reserving SSDT table memory at [mem 0x6f430000-0x6f7f524d]
[    0.291623] ACPI: Reserving HMAT table memory at [mem 0x6f42e000-0x6f42e20f]
[    0.291624] ACPI: Reserving HPET table memory at [mem 0x6f42d000-0x6f42d037]
[    0.291625] ACPI: Reserving MCFG table memory at [mem 0x6f42c000-0x6f42c03b]
[    0.291626] ACPI: Reserving MIGT table memory at [mem 0x6f42b000-0x6f42b03f]
[    0.291627] ACPI: Reserving MSCT table memory at [mem 0x6f42a000-0x6f42a08f]
[    0.291628] ACPI: Reserving PMTT table memory at [mem 0x6f428000-0x6f4291e7]
[    0.291629] ACPI: Reserving WSMT table memory at [mem 0x6f427000-0x6f427027]
[    0.291630] ACPI: Reserving APIC table memory at [mem 0x6f426000-0x6f4261dd]
[    0.291631] ACPI: Reserving SLIT table memory at [mem 0x6f425000-0x6f42503b]
[    0.291632] ACPI: Reserving SRAT table memory at [mem 0x6f41e000-0x6f42442f]
[    0.291633] ACPI: Reserving OEM4 table memory at [mem 0x4b8e5000-0x4ba6ca60]
[    0.291634] ACPI: Reserving SSDT table memory at [mem 0x4b86e000-0x4b8e44a4]
[    0.291635] ACPI: Reserving SSDT table memory at [mem 0x6f41d000-0x6f41da1e]
[    0.291636] ACPI: Reserving HEST table memory at [mem 0x6f7fd000-0x6f7fd17b]
[    0.291637] ACPI: Reserving PCAT table memory at [mem 0x6f41a000-0x6f41a10b]
[    0.291638] ACPI: Reserving SSDT table memory at [mem 0x6f412000-0x6f419298]
[    0.291639] ACPI: Reserving SSDT table memory at [mem 0x6f411000-0x6f411661]
[    0.291640] ACPI: Reserving NFIT table memory at [mem 0x6f41b000-0x6f41b487]
[    0.291641] ACPI: Reserving DMAR table memory at [mem 0x6f410000-0x6f410177]
[    0.291711] SRAT: PXM 0 -> APIC 0x00 -> Node 0
[    0.291713] SRAT: PXM 0 -> APIC 0x01 -> Node 0
[    0.291714] SRAT: PXM 0 -> APIC 0x02 -> Node 0
[    0.291715] SRAT: PXM 0 -> APIC 0x03 -> Node 0
[    0.291715] SRAT: PXM 0 -> APIC 0x04 -> Node 0
[    0.291716] SRAT: PXM 0 -> APIC 0x05 -> Node 0
[    0.291717] SRAT: PXM 0 -> APIC 0x06 -> Node 0
[    0.291718] SRAT: PXM 0 -> APIC 0x07 -> Node 0
[    0.291719] SRAT: PXM 0 -> APIC 0x08 -> Node 0
[    0.291719] SRAT: PXM 0 -> APIC 0x09 -> Node 0
[    0.291720] SRAT: PXM 0 -> APIC 0x0a -> Node 0
[    0.291721] SRAT: PXM 0 -> APIC 0x0b -> Node 0
[    0.291722] SRAT: PXM 0 -> APIC 0x0c -> Node 0
[    0.291723] SRAT: PXM 0 -> APIC 0x0d -> Node 0
[    0.291724] SRAT: PXM 0 -> APIC 0x0e -> Node 0
[    0.291724] SRAT: PXM 0 -> APIC 0x0f -> Node 0
[    0.291725] SRAT: PXM 0 -> APIC 0x10 -> Node 0
[    0.291726] SRAT: PXM 0 -> APIC 0x11 -> Node 0
[    0.291727] SRAT: PXM 0 -> APIC 0x12 -> Node 0
[    0.291728] SRAT: PXM 0 -> APIC 0x13 -> Node 0
[    0.291729] SRAT: PXM 0 -> APIC 0x14 -> Node 0
[    0.291730] SRAT: PXM 0 -> APIC 0x15 -> Node 0
[    0.291730] SRAT: PXM 0 -> APIC 0x16 -> Node 0
[    0.291731] SRAT: PXM 0 -> APIC 0x17 -> Node 0
[    0.291732] SRAT: PXM 1 -> APIC 0x40 -> Node 1
[    0.291733] SRAT: PXM 1 -> APIC 0x41 -> Node 1
[    0.291734] SRAT: PXM 1 -> APIC 0x42 -> Node 1
[    0.291734] SRAT: PXM 1 -> APIC 0x43 -> Node 1
[    0.291735] SRAT: PXM 1 -> APIC 0x44 -> Node 1
[    0.291736] SRAT: PXM 1 -> APIC 0x45 -> Node 1
[    0.291737] SRAT: PXM 1 -> APIC 0x46 -> Node 1
[    0.291737] SRAT: PXM 1 -> APIC 0x47 -> Node 1
[    0.291738] SRAT: PXM 1 -> APIC 0x48 -> Node 1
[    0.291739] SRAT: PXM 1 -> APIC 0x49 -> Node 1
[    0.291740] SRAT: PXM 1 -> APIC 0x4a -> Node 1
[    0.291740] SRAT: PXM 1 -> APIC 0x4b -> Node 1
[    0.291741] SRAT: PXM 1 -> APIC 0x4c -> Node 1
[    0.291742] SRAT: PXM 1 -> APIC 0x4d -> Node 1
[    0.291743] SRAT: PXM 1 -> APIC 0x4e -> Node 1
[    0.291744] SRAT: PXM 1 -> APIC 0x4f -> Node 1
[    0.291744] SRAT: PXM 1 -> APIC 0x50 -> Node 1
[    0.291745] SRAT: PXM 1 -> APIC 0x51 -> Node 1
[    0.291746] SRAT: PXM 1 -> APIC 0x52 -> Node 1
[    0.291747] SRAT: PXM 1 -> APIC 0x53 -> Node 1
[    0.291747] SRAT: PXM 1 -> APIC 0x54 -> Node 1
[    0.291748] SRAT: PXM 1 -> APIC 0x55 -> Node 1
[    0.291749] SRAT: PXM 1 -> APIC 0x56 -> Node 1
[    0.291750] SRAT: PXM 1 -> APIC 0x57 -> Node 1
[    0.291775] ACPI: SRAT: Node 0 PXM 0 [mem 0x00000000-0x7fffffff]
[    0.291777] ACPI: SRAT: Node 0 PXM 0 [mem 0x100000000-0x107fffffff]
[    0.291779] ACPI: SRAT: Node 2 PXM 2 [mem 0x2080000000-0x9e7fffffff] non-volatile
[    0.291780] ACPI: SRAT: Node 1 PXM 1 [mem 0x1080000000-0x207fffffff]
[    0.291781] ACPI: SRAT: Node 3 PXM 3 [mem 0x9e80000000-0x11c7fffffff] non-volatile
[    0.291791] NUMA: Initialized distance table, cnt=4
[    0.291796] NUMA: Node 0 [mem 0x00000000-0x7fffffff] + [mem 0x100000000-0x107fffffff] -> [mem 0x00000000-0x107fffffff]
[    0.291809] NODE_DATA(0) allocated [mem 0x107ffd5000-0x107fffffff]
[    0.291833] NODE_DATA(1) allocated [mem 0x207ffd4000-0x207fffefff]
[    0.292309] Zone ranges:
[    0.292311]   DMA      [mem 0x0000000000001000-0x0000000000ffffff]
[    0.292314]   DMA32    [mem 0x0000000001000000-0x00000000ffffffff]
[    0.292316]   Normal   [mem 0x0000000100000000-0x000000207fffffff]
[    0.292317]   Device   empty
[    0.292318] Movable zone start for each node
[    0.292322] Early memory node ranges
[    0.292322]   node   0: [mem 0x0000000000001000-0x000000000009dfff]
[    0.292324]   node   0: [mem 0x0000000000100000-0x000000004a42afff]
[    0.292325]   node   0: [mem 0x000000004b42b000-0x000000004b86dfff]
[    0.292326]   node   0: [mem 0x000000004baed000-0x000000004c20efff]
[    0.292327]   node   0: [mem 0x000000004c315000-0x0000000051afffff]
[    0.292328]   node   0: [mem 0x0000000051b01000-0x000000005eefdfff]
[    0.292328]   node   0: [mem 0x000000006f7ff000-0x000000006f7fffff]
[    0.292329]   node   0: [mem 0x0000000100000000-0x00000006ffffffff]
[    0.292332]   node   0: [mem 0x0000000fc0000000-0x000000107fffffff]
[    0.292333]   node   1: [mem 0x0000001080000000-0x000000207fffffff]
[    0.292340] Initmem setup node 0 [mem 0x0000000000001000-0x000000107fffffff]
[    0.292344] Initmem setup node 1 [mem 0x0000001080000000-0x000000207fffffff]
[    0.292346] Initializing node 2 as memoryless
[    0.292375] Initmem setup node 2 as memoryless
[    0.292376] Initializing node 3 as memoryless
[    0.292407] Initmem setup node 3 as memoryless
[    0.292410] On node 0, zone DMA: 1 pages in unavailable ranges
[    0.292442] On node 0, zone DMA: 98 pages in unavailable ranges
[    0.294752] On node 0, zone DMA32: 4096 pages in unavailable ranges
[    0.294774] On node 0, zone DMA32: 639 pages in unavailable ranges
[    0.294946] On node 0, zone DMA32: 262 pages in unavailable ranges
[    0.295357] On node 0, zone DMA32: 1 pages in unavailable ranges
[    0.295634] On node 0, zone DMA32: 35073 pages in unavailable ranges
[    0.343610] On node 0, zone Normal: 2048 pages in unavailable ranges
[    0.576153] ACPI: PM-Timer IO Port: 0x508
[    0.576173] ACPI: X2APIC_NMI (uid[0xffffffff] high edge lint[0x1])
[    0.576178] ACPI: LAPIC_NMI (acpi_id[0xff] high edge lint[0x1])
[    0.576198] IOAPIC[0]: apic_id 8, version 32, address 0xfec00000, GSI 0-119
[    0.576202] ACPI: INT_SRC_OVR (bus 0 bus_irq 0 global_irq 2 dfl dfl)
[    0.576205] ACPI: INT_SRC_OVR (bus 0 bus_irq 9 global_irq 9 high level)
[    0.576209] ACPI: Using ACPI (MADT) for SMP configuration information
[    0.576211] ACPI: HPET id: 0x8086a701 base: 0xfed00000
[    0.576218] TSC deadline timer available
[    0.576220] smpboot: Allowing 48 CPUs, 0 hotplug CPUs
[    0.576252] PM: hibernation: Registered nosave memory: [mem 0x00000000-0x00000fff]
[    0.576255] PM: hibernation: Registered nosave memory: [mem 0x0009e000-0x0009ffff]
[    0.576256] PM: hibernation: Registered nosave memory: [mem 0x000a0000-0x000dffff]
[    0.576257] PM: hibernation: Registered nosave memory: [mem 0x000e0000-0x000fffff]
[    0.576258] PM: hibernation: Registered nosave memory: [mem 0x4a42b000-0x4b42afff]
[    0.576260] PM: hibernation: Registered nosave memory: [mem 0x4b86e000-0x4baecfff]
[    0.576262] PM: hibernation: Registered nosave memory: [mem 0x4c20f000-0x4c314fff]
[    0.576264] PM: hibernation: Registered nosave memory: [mem 0x51b00000-0x51b00fff]
[    0.576266] PM: hibernation: Registered nosave memory: [mem 0x5eefe000-0x6e3fefff]
[    0.576267] PM: hibernation: Registered nosave memory: [mem 0x6e3ff000-0x6f3fefff]
[    0.576268] PM: hibernation: Registered nosave memory: [mem 0x6f3ff000-0x6f7fefff]
[    0.576270] PM: hibernation: Registered nosave memory: [mem 0x6f800000-0x8fffffff]
[    0.576271] PM: hibernation: Registered nosave memory: [mem 0x90000000-0xfcffffff]
[    0.576271] PM: hibernation: Registered nosave memory: [mem 0xfd000000-0xfe7fffff]
[    0.576272] PM: hibernation: Registered nosave memory: [mem 0xfe800000-0xfebfffff]
[    0.576273] PM: hibernation: Registered nosave memory: [mem 0xfec00000-0xfec00fff]
[    0.576273] PM: hibernation: Registered nosave memory: [mem 0xfec01000-0xfec7ffff]
[    0.576274] PM: hibernation: Registered nosave memory: [mem 0xfec80000-0xfed00fff]
[    0.576275] PM: hibernation: Registered nosave memory: [mem 0xfed01000-0xfed3ffff]
[    0.576275] PM: hibernation: Registered nosave memory: [mem 0xfed40000-0xfed44fff]
[    0.576276] PM: hibernation: Registered nosave memory: [mem 0xfed45000-0xfeffffff]
[    0.576277] PM: hibernation: Registered nosave memory: [mem 0xff000000-0xffffffff]
[    0.576278] PM: hibernation: Registered nosave memory: [mem 0x700000000-0xfbfffffff]
[    0.576282] [mem 0x90000000-0xfcffffff] available for PCI devices
[    0.576284] Booting paravirtualized kernel on bare hardware
[    0.576288] clocksource: refined-jiffies: mask: 0xffffffff max_cycles: 0xffffffff, max_idle_ns: 7645519600211568 ns
[    0.576299] setup_percpu: NR_CPUS:8192 nr_cpumask_bits:48 nr_cpu_ids:48 nr_node_ids:4
[    0.579679] percpu: Embedded 61 pages/cpu s212992 r8192 d28672 u262144
[    0.579699] pcpu-alloc: s212992 r8192 d28672 u262144 alloc=1*2097152
[    0.579703] pcpu-alloc: [0] 00 02 04 06 08 10 12 14 [0] 16 18 20 22 24 26 28 30 
[    0.579712] pcpu-alloc: [0] 32 34 36 38 40 42 44 46 [1] 01 03 05 07 09 11 13 15 
[    0.579720] pcpu-alloc: [1] 17 19 21 23 25 27 29 31 [1] 33 35 37 39 41 43 45 47 
[    0.579776] Fallback order for Node 0: 0 1 
[    0.579780] Fallback order for Node 1: 1 0 
[    0.579782] Fallback order for Node 2: 2 0 1 
[    0.579785] Fallback order for Node 3: 3 1 0 
[    0.579792] Built 2 zonelists, mobility grouping on.  Total pages: 23859979
[    0.579794] Policy zone: Normal
[    0.579796] Kernel command line: BOOT_IMAGE=/boot/vmlinuz-5.18.0 root=UUID=227abe24-d21b-4f64-839d-812ac630a4f4 ro quiet splash memmap=35G!28G vt.handoff=7
[    0.579913] Unknown kernel command line parameters "splash BOOT_IMAGE=/boot/vmlinuz-5.18.0", will be passed to user space.
[    0.579915] printk: log_buf_len individual max cpu contribution: 4096 bytes
[    0.579916] printk: log_buf_len total cpu_extra contributions: 192512 bytes
[    0.579917] printk: log_buf_len min size: 262144 bytes
[    0.580652] printk: log_buf_len: 524288 bytes
[    0.580655] printk: early log buf free: 231176(88%)
[    0.581209] mem auto-init: stack:off, heap alloc:on, heap free:off
[    0.833947] Memory: 94531044K/96955480K available (16392K kernel code, 4634K rwdata, 5772K rodata, 2880K init, 6668K bss, 2424232K reserved, 0K cma-reserved)
[    0.833956] random: get_random_u64 called from __kmem_cache_create+0x2f/0x4b0 with crng_init=0
[    0.834187] SLUB: HWalign=64, Order=0-3, MinObjects=0, CPUs=48, Nodes=4
[    0.834200] ftrace: allocating 50208 entries in 197 pages
[    0.843166] ftrace: allocated 197 pages with 4 groups
[    0.844149] Dynamic Preempt: voluntary
[    0.844250] rcu: Preemptible hierarchical RCU implementation.
[    0.844251] rcu: 	RCU restricting CPUs from NR_CPUS=8192 to nr_cpu_ids=48.
[    0.844253] 	Trampoline variant of Tasks RCU enabled.
[    0.844253] 	Rude variant of Tasks RCU enabled.
[    0.844254] 	Tracing variant of Tasks RCU enabled.
[    0.844255] rcu: RCU calculated value of scheduler-enlistment delay is 25 jiffies.
[    0.844256] rcu: Adjusting geometry for rcu_fanout_leaf=16, nr_cpu_ids=48
[    0.847579] NR_IRQS: 524544, nr_irqs: 2440, preallocated irqs: 16
[    0.847857] random: crng init done (trusting CPU's manufacturer)
[    0.847918] Console: colour dummy device 80x25
[    0.847943] printk: console [tty0] enabled
[    0.847998] mempolicy: Enabling automatic NUMA balancing. Configure with numa_balancing= or the kernel.numa_balancing sysctl
[    0.848004] ACPI: Core revision 20211217
[    0.850658] clocksource: hpet: mask: 0xffffffff max_cycles: 0xffffffff, max_idle_ns: 79635855245 ns
[    0.850707] APIC: Switch to symmetric I/O mode setup
[    0.850710] DMAR: Host address width 46
[    0.850711] DMAR: DRHD base: 0x000000d0ffc000 flags: 0x0
[    0.850716] DMAR: dmar0: reg_base_addr d0ffc000 ver 4:0 cap 8ed008c40780466 ecap 60000f050df
[    0.850718] DMAR: DRHD base: 0x000000dbbfc000 flags: 0x0
[    0.850721] DMAR: dmar1: reg_base_addr dbbfc000 ver 4:0 cap 8ed008c40780466 ecap 60000f050df
[    0.850723] DMAR: DRHD base: 0x000000e67fc000 flags: 0x0
[    0.850726] DMAR: dmar2: reg_base_addr e67fc000 ver 4:0 cap 8ed008c40780466 ecap 60000f050df
[    0.850728] DMAR: DRHD base: 0x000000f13fc000 flags: 0x0
[    0.850730] DMAR: dmar3: reg_base_addr f13fc000 ver 4:0 cap 8ed008c40780466 ecap 60000f050df
[    0.850732] DMAR: DRHD base: 0x000000fb7fc000 flags: 0x0
[    0.850737] DMAR: dmar4: reg_base_addr fb7fc000 ver 4:0 cap 8ed008c40780466 ecap 60000f050df
[    0.850739] DMAR: DRHD base: 0x000000a63fc000 flags: 0x0
[    0.850741] DMAR: dmar5: reg_base_addr a63fc000 ver 4:0 cap 8ed008c40780466 ecap 60000f050df
[    0.850743] DMAR: DRHD base: 0x000000b0ffc000 flags: 0x0
[    0.850744] DMAR: dmar6: reg_base_addr b0ffc000 ver 4:0 cap 8ed008c40780466 ecap 60000f050df
[    0.850746] DMAR: DRHD base: 0x000000bbbfc000 flags: 0x0
[    0.850748] DMAR: dmar7: reg_base_addr bbbfc000 ver 4:0 cap 8ed008c40780466 ecap 60000f050df
[    0.850749] DMAR: DRHD base: 0x000000c5ffc000 flags: 0x0
[    0.850751] DMAR: dmar8: reg_base_addr c5ffc000 ver 4:0 cap 8ed008c40780466 ecap 60000f050df
[    0.850753] DMAR: DRHD base: 0x0000009b7fc000 flags: 0x1
[    0.850755] DMAR: dmar9: reg_base_addr 9b7fc000 ver 4:0 cap 8ed008c40780466 ecap 60000f050df
[    0.850757] DMAR: RMRR base: 0x00000069cef000 end: 0x0000006a3eefff
[    0.850758] DMAR: RMRR base: 0x0000006944a000 end: 0x0000006944cfff
[    0.850759] DMAR: ATSR flags: 0x0
[    0.850762] DMAR-IR: IOAPIC id 8 under DRHD base  0x9b7fc000 IOMMU 9
[    0.850763] DMAR-IR: HPET id 0 under DRHD base 0x9b7fc000
[    0.850764] DMAR-IR: x2apic is disabled because BIOS sets x2apic opt out bit.
[    0.850765] DMAR-IR: Use 'intremap=no_x2apic_optout' to override the BIOS setting.
[    0.853435] DMAR-IR: Enabled IRQ remapping in xapic mode
[    0.853437] x2apic: IRQ remapping doesn't support X2APIC mode
[    0.853444] Switched APIC routing to physical flat.
[    0.856005] ..TIMER: vector=0x30 apic1=0 pin1=2 apic2=-1 pin2=-1
[    0.874630] clocksource: tsc-early: mask: 0xffffffffffffffff max_cycles: 0x2b3e459bf4c, max_idle_ns: 440795289890 ns
[    0.874638] Calibrating delay loop (skipped), value calculated using timer frequency.. 6000.00 BogoMIPS (lpj=12000000)
[    0.874641] pid_max: default: 49152 minimum: 384
[    0.874695] LSM: Security Framework initializing
[    0.874706] landlock: Up and running.
[    0.874707] Yama: becoming mindful.
[    0.874734] AppArmor: AppArmor initialized
[    0.882478] Dentry cache hash table entries: 8388608 (order: 14, 67108864 bytes, vmalloc hugepage)
[    0.886342] Inode-cache hash table entries: 4194304 (order: 13, 33554432 bytes, vmalloc hugepage)
[    0.886508] Mount-cache hash table entries: 131072 (order: 8, 1048576 bytes, vmalloc)
[    0.886649] Mountpoint-cache hash table entries: 131072 (order: 8, 1048576 bytes, vmalloc)
[    0.887005] x86/cpu: SGX disabled by BIOS.
[    0.887012] x86/tme: not enabled by BIOS
[    0.887021] CPU0: Thermal monitoring enabled (TM1)
[    0.887024] x86/cpu: User Mode Instruction Prevention (UMIP) activated
[    0.887240] process: using mwait in idle threads
[    0.887242] Last level iTLB entries: 4KB 0, 2MB 0, 4MB 0
[    0.887243] Last level dTLB entries: 4KB 0, 2MB 0, 4MB 0, 1GB 0
[    0.887251] Spectre V1 : Mitigation: usercopy/swapgs barriers and __user pointer sanitization
[    0.887253] Spectre V2 : Mitigation: Enhanced IBRS
[    0.887253] Spectre V2 : Spectre v2 / SpectreRSB mitigation: Filling RSB on context switch
[    0.887255] Spectre V2 : mitigation: Enabling conditional Indirect Branch Prediction Barrier
[    0.887256] Speculative Store Bypass: Mitigation: Speculative Store Bypass disabled via prctl
[    0.892572] Freeing SMP alternatives memory: 40K
[    0.894746] smpboot: Estimated ratio of average max frequency by base frequency (times 1024): 1160
[    0.894759] smpboot: CPU0: Intel(R) Xeon(R) Gold 5317 CPU @ 3.00GHz (family: 0x6, model: 0x6a, stepping: 0x6)
[    0.894912] cblist_init_generic: Setting adjustable number of callback queues.
[    0.894919] cblist_init_generic: Setting shift to 6 and lim to 1.
[    0.894935] cblist_init_generic: Setting shift to 6 and lim to 1.
[    0.894953] cblist_init_generic: Setting shift to 6 and lim to 1.
[    0.894963] Performance Events: PEBS fmt4+-baseline,  AnyThread deprecated, Icelake events, 32-deep LBR, full-width counters, Intel PMU driver.
[    0.894989] ... version:                5
[    0.894990] ... bit width:              48
[    0.894990] ... generic registers:      8
[    0.894991] ... value mask:             0000ffffffffffff
[    0.894992] ... max period:             00007fffffffffff
[    0.894992] ... fixed-purpose events:   4
[    0.894993] ... event mask:             0001000f000000ff
[    0.895099] rcu: Hierarchical SRCU implementation.
[    0.898019] NMI watchdog: Enabled. Permanently consumes one hw-PMU counter.
[    0.898493] smp: Bringing up secondary CPUs ...
[    0.898602] x86: Booting SMP configuration:
[    0.898602] .... node  #1, CPUs:        #1
[    0.006784] smpboot: CPU 1 Converting physical 0 to logical die 1

[    1.037690] .... node  #0, CPUs:    #2
[    1.054047] .... node  #1, CPUs:    #3
[    1.094749] .... node  #0, CPUs:    #4
[    1.110225] .... node  #1, CPUs:    #5
[    1.150760] .... node  #0, CPUs:    #6
[    1.165466] .... node  #1, CPUs:    #7
[    1.204684] .... node  #0, CPUs:    #8
[    1.220685] .... node  #1, CPUs:    #9
[    1.260678] .... node  #0, CPUs:   #10
[    1.276197] .... node  #1, CPUs:   #11
[    1.314752] .... node  #0, CPUs:   #12
[    1.331432] .... node  #1, CPUs:   #13
[    1.370912] .... node  #0, CPUs:   #14
[    1.387287] .... node  #1, CPUs:   #15
[    1.403593] .... node  #0, CPUs:   #16
[    1.418686] .... node  #1, CPUs:   #17
[    1.433118] .... node  #0, CPUs:   #18
[    1.447863] .... node  #1, CPUs:   #19
[    1.464713] .... node  #0, CPUs:   #20
[    1.480895] .... node  #1, CPUs:   #21
[    1.495439] .... node  #0, CPUs:   #22
[    1.510774] .... node  #1, CPUs:   #23
[    1.527165] .... node  #0, CPUs:   #24
[    1.528709] .... node  #1, CPUs:   #25
[    1.535138] .... node  #0, CPUs:   #26
[    1.540870] .... node  #1, CPUs:   #27
[    1.546771] .... node  #0, CPUs:   #28
[    1.552454] .... node  #1, CPUs:   #29
[    1.558263] .... node  #0, CPUs:   #30
[    1.563992] .... node  #1, CPUs:   #31
[    1.569628] .... node  #0, CPUs:   #32
[    1.575356] .... node  #1, CPUs:   #33
[    1.581179] .... node  #0, CPUs:   #34
[    1.586807] .... node  #1, CPUs:   #35
[    1.592624] .... node  #0, CPUs:   #36
[    1.598657] .... node  #1, CPUs:   #37
[    1.603916] .... node  #0, CPUs:   #38
[    1.609656] .... node  #1, CPUs:   #39
[    1.615485] .... node  #0, CPUs:   #40
[    1.621242] .... node  #1, CPUs:   #41
[    1.627044] .... node  #0, CPUs:   #42
[    1.632832] .... node  #1, CPUs:   #43
[    1.638727] .... node  #0, CPUs:   #44
[    1.644241] .... node  #1, CPUs:   #45
[    1.650057] .... node  #0, CPUs:   #46
[    1.655843] .... node  #1, CPUs:   #47
[    1.661668] smp: Brought up 2 nodes, 48 CPUs
[    1.661668] smpboot: Max logical packages: 2
[    1.661668] smpboot: Total of 48 processors activated (288829.41 BogoMIPS)
[    1.666697] devtmpfs: initialized
[    1.666697] x86/mm: Memory block size: 2048MB
[    1.667155] ACPI: PM: Registering ACPI NVS region [mem 0x4a42b000-0x4b42afff] (16777216 bytes)
[    1.667155] ACPI: PM: Registering ACPI NVS region [mem 0x6e3ff000-0x6f3fefff] (16777216 bytes)
[    1.667155] clocksource: jiffies: mask: 0xffffffff max_cycles: 0xffffffff, max_idle_ns: 7645041785100000 ns
[    1.667172] futex hash table entries: 16384 (order: 8, 1048576 bytes, vmalloc)
[    1.667274] pinctrl core: initialized pinctrl subsystem
[    1.667419] PM: RTC time: 15:10:09, date: 2023-12-24
[    1.668238] NET: Registered PF_NETLINK/PF_ROUTE protocol family
[    1.668943] DMA: preallocated 4096 KiB GFP_KERNEL pool for atomic allocations
[    1.669384] DMA: preallocated 4096 KiB GFP_KERNEL|GFP_DMA pool for atomic allocations
[    1.669820] DMA: preallocated 4096 KiB GFP_KERNEL|GFP_DMA32 pool for atomic allocations
[    1.669830] audit: initializing netlink subsys (disabled)
[    1.669839] audit: type=2000 audit(1703430608.816:1): state=initialized audit_enabled=0 res=1
[    1.670696] thermal_sys: Registered thermal governor 'fair_share'
[    1.670698] thermal_sys: Registered thermal governor 'bang_bang'
[    1.670698] thermal_sys: Registered thermal governor 'step_wise'
[    1.670699] thermal_sys: Registered thermal governor 'user_space'
[    1.670700] thermal_sys: Registered thermal governor 'power_allocator'
[    1.670704] EISA bus registered
[    1.670726] cpuidle: using governor ladder
[    1.670726] cpuidle: using governor menu
[    1.670726] ACPI FADT declares the system doesn't support PCIe ASPM, so disable it
[    1.670726] acpiphp: ACPI Hot Plug PCI Controller Driver version: 0.5
[    1.670737] PCI: MMCONFIG for domain 0000 [bus 00-ff] at [mem 0x80000000-0x8fffffff] (base 0x80000000)
[    1.670744] PCI: MMCONFIG at [mem 0x80000000-0x8fffffff] reserved in E820
[    1.670753] pmd_set_huge: Cannot satisfy [mem 0x80000000-0x80200000] with a huge-page mapping due to MTRR override.
[    1.670923] PCI: Using configuration type 1 for base access
[    1.670932] PCI: Dell System detected, enabling pci=bfsort.
[    1.671733] kprobes: kprobe jump-optimization is enabled. All kprobes are optimized if possible.
[    1.674641] HugeTLB registered 1.00 GiB page size, pre-allocated 0 pages
[    1.674643] HugeTLB registered 2.00 MiB page size, pre-allocated 0 pages
[    1.674694] fbcon: Taking over console
[    1.674730] ACPI: Added _OSI(Module Device)
[    1.674731] ACPI: Added _OSI(Processor Device)
[    1.674732] ACPI: Added _OSI(3.0 _SCP Extensions)
[    1.674733] ACPI: Added _OSI(Processor Aggregator Device)
[    1.674733] ACPI: Added _OSI(Linux-Dell-Video)
[    1.674735] ACPI: Added _OSI(Linux-Lenovo-NV-HDMI-Audio)
[    1.674735] ACPI: Added _OSI(Linux-HPI-Hybrid-Graphics)
[    1.811498] ACPI: 8 ACPI AML tables successfully acquired and loaded
[    1.816935] ACPI: [Firmware Bug]: BIOS _OSI(Linux) query ignored
[    1.821939] ACPI: Dynamic OEM Table Load:
[    2.122984] ACPI: Interpreter enabled
[    2.123007] ACPI: PM: (supports S0 S5)
[    2.123009] ACPI: Using IOAPIC for interrupt routing
[    2.123106] HEST: Table parsing has been initialized.
[    2.123272] GHES: APEI firmware first mode is enabled by APEI bit and WHEA _OSC.
[    2.123275] PCI: Using host bridge windows from ACPI; if necessary, use "pci=nocrs" and report a bug
[    2.143396] ACPI: Enabled 4 GPEs in block 00 to 7F
[    2.230316] ACPI: PCI Root Bridge [PC00] (domain 0000 [bus 00-15])
[    2.230323] acpi PNP0A08:00: _OSC: OS supports [ExtendedConfig ASPM ClockPM Segments MSI EDR HPX-Type3]
[    2.259594] acpi PNP0A08:00: _OSC: platform does not support [SHPCHotplug AER LTR DPC]
[    2.259770] acpi PNP0A08:00: _OSC: OS now controls [PCIeHotplug PME PCIeCapability]
[    2.259772] acpi PNP0A08:00: FADT indicates ASPM is unsupported, using BIOS configuration
[    2.261245] PCI host bridge to bus 0000:00
[    2.261247] pci_bus 0000:00: root bus resource [io  0x0000-0x0cf7 window]
[    2.261249] pci_bus 0000:00: root bus resource [io  0x1000-0x4fff window]
[    2.261250] pci_bus 0000:00: root bus resource [mem 0x000a0000-0x000bffff window]
[    2.261252] pci_bus 0000:00: root bus resource [mem 0x000c8000-0x000cffff window]
[    2.261253] pci_bus 0000:00: root bus resource [mem 0xfe010000-0xfe010fff window]
[    2.261254] pci_bus 0000:00: root bus resource [mem 0x90000000-0x9b7fffff window]
[    2.261255] pci_bus 0000:00: root bus resource [mem 0x380000000000-0x383fffffffff window]
[    2.261257] pci_bus 0000:00: root bus resource [bus 00-15]
[    2.261270] pci 0000:00:00.0: [8086:09a2] type 00 class 0x088000
[    2.261368] pci 0000:00:00.1: [8086:09a4] type 00 class 0x088000
[    2.261425] pci 0000:00:00.2: [8086:09a3] type 00 class 0x088000
[    2.261483] pci 0000:00:00.4: [8086:0998] type 00 class 0x060000
[    2.261541] pci 0000:00:01.0: [8086:0b00] type 00 class 0x088000
[    2.261550] pci 0000:00:01.0: reg 0x10: [mem 0x92e10000-0x92e13fff 64bit]
[    2.261635] pci 0000:00:01.1: [8086:0b00] type 00 class 0x088000
[    2.261644] pci 0000:00:01.1: reg 0x10: [mem 0x92e0c000-0x92e0ffff 64bit]
[    2.261722] pci 0000:00:01.2: [8086:0b00] type 00 class 0x088000
[    2.261730] pci 0000:00:01.2: reg 0x10: [mem 0x92e08000-0x92e0bfff 64bit]
[    2.261806] pci 0000:00:01.3: [8086:0b00] type 00 class 0x088000
[    2.261814] pci 0000:00:01.3: reg 0x10: [mem 0x92e04000-0x92e07fff 64bit]
[    2.261895] pci 0000:00:01.4: [8086:0b00] type 00 class 0x088000
[    2.261903] pci 0000:00:01.4: reg 0x10: [mem 0x92e00000-0x92e03fff 64bit]
[    2.261979] pci 0000:00:01.5: [8086:0b00] type 00 class 0x088000
[    2.261987] pci 0000:00:01.5: reg 0x10: [mem 0x92dfc000-0x92dfffff 64bit]
[    2.262062] pci 0000:00:01.6: [8086:0b00] type 00 class 0x088000
[    2.262071] pci 0000:00:01.6: reg 0x10: [mem 0x92df8000-0x92dfbfff 64bit]
[    2.262146] pci 0000:00:01.7: [8086:0b00] type 00 class 0x088000
[    2.262155] pci 0000:00:01.7: reg 0x10: [mem 0x92df4000-0x92df7fff 64bit]
[    2.262229] pci 0000:00:02.0: [8086:09a6] type 00 class 0x088000
[    2.262236] pci 0000:00:02.0: reg 0x10: [mem 0x92e1c000-0x92e1dfff]
[    2.262301] pci 0000:00:02.1: [8086:09a7] type 00 class 0x088000
[    2.262308] pci 0000:00:02.1: reg 0x10: [mem 0x92d00000-0x92d7ffff]
[    2.262313] pci 0000:00:02.1: reg 0x14: [mem 0x92c80000-0x92cfffff]
[    2.262374] pci 0000:00:02.4: [8086:3456] type 00 class 0x130000
[    2.262383] pci 0000:00:02.4: reg 0x10: [mem 0x92a00000-0x92afffff 64bit]
[    2.262388] pci 0000:00:02.4: reg 0x18: [mem 0x92df0000-0x92df3fff 64bit]
[    2.262394] pci 0000:00:02.4: reg 0x20: [mem 0x92dc0000-0x92ddffff 64bit]
[    2.262467] pci 0000:00:11.0: [8086:a1ec] type 00 class 0xff0000
[    2.262470] pci 0000:00:11.0: device has non-compliant BARs; disabling IO/MEM decoding
[    2.262557] pci 0000:00:11.5: [8086:a1d6] type 00 class 0x010400
[    2.262569] pci 0000:00:11.5: reg 0x10: [mem 0x92e1a000-0x92e1bfff]
[    2.262576] pci 0000:00:11.5: reg 0x14: [mem 0x92e25000-0x92e250ff]
[    2.262583] pci 0000:00:11.5: reg 0x18: [io  0x2068-0x206f]
[    2.262590] pci 0000:00:11.5: reg 0x1c: [io  0x2074-0x2077]
[    2.262596] pci 0000:00:11.5: reg 0x20: [io  0x2040-0x205f]
[    2.262603] pci 0000:00:11.5: reg 0x24: [mem 0x92b80000-0x92bfffff]
[    2.262638] pci 0000:00:11.5: PME# supported from D3hot
[    2.262837] pci 0000:00:14.0: [8086:a1af] type 00 class 0x0c0330
[    2.262854] pci 0000:00:14.0: reg 0x10: [mem 0x92de0000-0x92deffff 64bit]
[    2.262913] pci 0000:00:14.0: PME# supported from D3hot D3cold
[    2.263123] pci 0000:00:14.2: [8086:a1b1] type 00 class 0x118000
[    2.263139] pci 0000:00:14.2: reg 0x10: [mem 0x92e22000-0x92e22fff 64bit]
[    2.263252] pci 0000:00:16.0: [8086:a1ba] type 00 class 0x078000
[    2.263274] pci 0000:00:16.0: reg 0x10: [mem 0x92e21000-0x92e21fff 64bit]
[    2.263354] pci 0000:00:16.0: PME# supported from D3hot
[    2.263410] pci 0000:00:16.1: [8086:a1bb] type 00 class 0x078000
[    2.263432] pci 0000:00:16.1: reg 0x10: [mem 0x92e20000-0x92e20fff 64bit]
[    2.263512] pci 0000:00:16.1: PME# supported from D3hot
[    2.263572] pci 0000:00:16.4: [8086:a1be] type 00 class 0x078000
[    2.263594] pci 0000:00:16.4: reg 0x10: [mem 0x92e1f000-0x92e1ffff 64bit]
[    2.263674] pci 0000:00:16.4: PME# supported from D3hot
[    2.263730] pci 0000:00:17.0: [8086:a186] type 00 class 0x010400
[    2.263742] pci 0000:00:17.0: reg 0x10: [mem 0x92e18000-0x92e19fff]
[    2.263748] pci 0000:00:17.0: reg 0x14: [mem 0x92e24000-0x92e240ff]
[    2.263755] pci 0000:00:17.0: reg 0x18: [io  0x2060-0x2067]
[    2.263762] pci 0000:00:17.0: reg 0x1c: [io  0x2070-0x2073]
[    2.263768] pci 0000:00:17.0: reg 0x20: [io  0x2020-0x203f]
[    2.263775] pci 0000:00:17.0: reg 0x24: [mem 0x92b00000-0x92b7ffff]
[    2.263809] pci 0000:00:17.0: PME# supported from D3hot
[    2.263999] pci 0000:00:1c.0: [8086:a190] type 01 class 0x060400
[    2.264068] pci 0000:00:1c.0: PME# supported from D0 D3hot D3cold
[    2.264690] pci 0000:00:1c.4: [8086:a194] type 01 class 0x060400
[    2.264754] pci 0000:00:1c.4: PME# supported from D0 D3hot D3cold
[    2.265346] pci 0000:00:1c.5: [8086:a195] type 01 class 0x060400
[    2.265411] pci 0000:00:1c.5: PME# supported from D0 D3hot D3cold
[    2.266015] pci 0000:00:1f.0: [8086:a1cb] type 00 class 0x060100
[    2.266295] pci 0000:00:1f.2: [8086:a1a1] type 00 class 0x058000
[    2.266309] pci 0000:00:1f.2: reg 0x10: [mem 0x92e14000-0x92e17fff]
[    2.266538] pci 0000:00:1f.4: [8086:a1a3] type 00 class 0x0c0500
[    2.266556] pci 0000:00:1f.4: reg 0x10: [mem 0x92e1e000-0x92e1e0ff 64bit]
[    2.266577] pci 0000:00:1f.4: reg 0x20: [io  0x2000-0x201f]
[    2.266636] pci 0000:00:1f.5: [8086:a1a4] type 00 class 0x0c8000
[    2.266651] pci 0000:00:1f.5: reg 0x10: [mem 0xfe010000-0xfe010fff]
[    2.266766] pci 0000:00:1c.0: PCI bridge to [bus 01]
[    2.266813] pci 0000:02:00.0: [1556:be00] type 01 class 0x060400
[    2.266973] pci 0000:00:1c.4: PCI bridge to [bus 02-03]
[    2.266977] pci 0000:00:1c.4:   bridge window [mem 0x92000000-0x928fffff]
[    2.266981] pci 0000:00:1c.4:   bridge window [mem 0x91000000-0x91ffffff 64bit pref]
[    2.267011] pci_bus 0000:03: extended config space not accessible
[    2.267026] pci 0000:03:00.0: [102b:0536] type 00 class 0x030000
[    2.267044] pci 0000:03:00.0: reg 0x10: [mem 0x91000000-0x91ffffff pref]
[    2.267055] pci 0000:03:00.0: reg 0x14: [mem 0x92808000-0x9280bfff]
[    2.267065] pci 0000:03:00.0: reg 0x18: [mem 0x92000000-0x927fffff]
[    2.267115] pci 0000:03:00.0: Video device with shadowed ROM at [mem 0x000c0000-0x000dffff]
[    2.267214] pci 0000:02:00.0: PCI bridge to [bus 03]
[    2.267222] pci 0000:02:00.0:   bridge window [mem 0x92000000-0x928fffff]
[    2.267227] pci 0000:02:00.0:   bridge window [mem 0x91000000-0x91ffffff 64bit pref]
[    2.267290] pci 0000:04:00.0: [14e4:165f] type 00 class 0x020000
[    2.267312] pci 0000:04:00.0: reg 0x10: [mem 0x92930000-0x9293ffff 64bit pref]
[    2.267327] pci 0000:04:00.0: reg 0x18: [mem 0x92940000-0x9294ffff 64bit pref]
[    2.267342] pci 0000:04:00.0: reg 0x20: [mem 0x92950000-0x9295ffff 64bit pref]
[    2.267352] pci 0000:04:00.0: reg 0x30: [mem 0xfffc0000-0xffffffff pref]
[    2.267443] pci 0000:04:00.0: PME# supported from D0 D3hot D3cold
[    2.267494] pci 0000:04:00.0: 4.000 Gb/s available PCIe bandwidth, limited by 5.0 GT/s PCIe x1 link at 0000:00:1c.5 (capable of 8.000 Gb/s with 5.0 GT/s PCIe x2 link)
[    2.268021] pci 0000:04:00.1: [14e4:165f] type 00 class 0x020000
[    2.268044] pci 0000:04:00.1: reg 0x10: [mem 0x92900000-0x9290ffff 64bit pref]
[    2.268059] pci 0000:04:00.1: reg 0x18: [mem 0x92910000-0x9291ffff 64bit pref]
[    2.268073] pci 0000:04:00.1: reg 0x20: [mem 0x92920000-0x9292ffff 64bit pref]
[    2.268083] pci 0000:04:00.1: reg 0x30: [mem 0xfffc0000-0xffffffff pref]
[    2.268174] pci 0000:04:00.1: PME# supported from D0 D3hot D3cold
[    2.268718] pci 0000:00:1c.5: PCI bridge to [bus 04]
[    2.268725] pci 0000:00:1c.5:   bridge window [mem 0x92900000-0x929fffff 64bit pref]
[    2.268737] pci_bus 0000:00: on NUMA node 0
[    2.268744] pci 0000:00:1c.0: Max Payload Size set to  128/ 128 (was  128), Max Read Rq  128
[    2.268750] pci 0000:00:1c.4: Max Payload Size set to  128/ 128 (was  128), Max Read Rq  128
[    2.268763] pci 0000:02:00.0: Max Payload Size set to  128/ 128 (was  128), Max Read Rq  128
[    2.268769] pci 0000:00:1c.5: Max Payload Size set to  128/ 128 (was  128), Max Read Rq  128
[    2.268783] pci 0000:04:00.0: Max Payload Size set to  128/ 256 (was  128), Max Read Rq  128
[    2.268797] pci 0000:04:00.1: Max Payload Size set to  128/ 256 (was  128), Max Read Rq  128
[    2.269287] ACPI: PCI Root Bridge [PC01] (domain 0000 [bus 16-2f])
[    2.269290] acpi PNP0A08:01: _OSC: OS supports [ExtendedConfig ASPM ClockPM Segments MSI EDR HPX-Type3]
[    2.280666] acpi PNP0A08:01: _OSC: platform does not support [SHPCHotplug AER DPC]
[    2.280836] acpi PNP0A08:01: _OSC: OS now controls [PCIeHotplug PME PCIeCapability LTR]
[    2.280837] acpi PNP0A08:01: FADT indicates ASPM is unsupported, using BIOS configuration
[    2.280943] PCI host bridge to bus 0000:16
[    2.280944] pci_bus 0000:16: root bus resource [io  0x5000-0x6fff window]
[    2.280945] pci_bus 0000:16: root bus resource [mem 0x9b800000-0xa63fffff window]
[    2.280946] pci_bus 0000:16: root bus resource [mem 0x384000000000-0x387fffffffff window]
[    2.280948] pci_bus 0000:16: root bus resource [bus 16-2f]
[    2.280956] pci 0000:16:00.0: [8086:09a2] type 00 class 0x088000
[    2.281016] pci 0000:16:00.1: [8086:09a4] type 00 class 0x088000
[    2.281071] pci 0000:16:00.2: [8086:09a3] type 00 class 0x088000
[    2.281124] pci 0000:16:00.4: [8086:0998] type 00 class 0x060000
[    2.281179] pci 0000:16:02.0: [8086:347a] type 01 class 0x060400
[    2.281187] pci 0000:16:02.0: reg 0x10: [mem 0x387ffff00000-0x387ffff1ffff 64bit]
[    2.281221] pci 0000:16:02.0: PME# supported from D0 D3hot D3cold
[    2.282606] pci 0000:17:00.0: [1000:10e2] type 00 class 0x010400
[    2.282618] pci 0000:17:00.0: reg 0x10: [mem 0x9b800000-0x9b8fffff 64bit pref]
[    2.282625] pci 0000:17:00.0: reg 0x18: [mem 0x9b900000-0x9b9fffff 64bit pref]
[    2.282631] pci 0000:17:00.0: reg 0x20: [mem 0x9ba00000-0x9bafffff]
[    2.282641] pci 0000:17:00.0: reg 0x24: [io  0x5000-0x50ff]
[    2.282646] pci 0000:17:00.0: reg 0x30: [mem 0xfff00000-0xffffffff pref]
[    2.283534] pci 0000:17:00.0: supports D1 D2
[    2.283600] pci 0000:16:02.0: PCI bridge to [bus 17]
[    2.283602] pci 0000:16:02.0:   bridge window [io  0x5000-0x5fff]
[    2.283604] pci 0000:16:02.0:   bridge window [mem 0x9ba00000-0x9bafffff]
[    2.283607] pci 0000:16:02.0:   bridge window [mem 0x9b800000-0x9b9fffff 64bit pref]
[    2.283612] pci_bus 0000:16: on NUMA node 0
[    2.283617] pci 0000:16:02.0: Max Payload Size set to  512/ 512 (was  512), Max Read Rq  512
[    2.283625] pci 0000:17:00.0: Max Payload Size set to  512/1024 (was  512), Max Read Rq  512
[    2.283687] ACPI: PCI Root Bridge [PC02] (domain 0000 [bus 30-49])
[    2.283690] acpi PNP0A08:02: _OSC: OS supports [ExtendedConfig ASPM ClockPM Segments MSI EDR HPX-Type3]
[    2.295016] acpi PNP0A08:02: _OSC: platform does not support [SHPCHotplug AER DPC]
[    2.295186] acpi PNP0A08:02: _OSC: OS now controls [PCIeHotplug PME PCIeCapability LTR]
[    2.295187] acpi PNP0A08:02: FADT indicates ASPM is unsupported, using BIOS configuration
[    2.295283] PCI host bridge to bus 0000:30
[    2.295285] pci_bus 0000:30: root bus resource [io  0x7000-0x8fff window]
[    2.295286] pci_bus 0000:30: root bus resource [mem 0xa6400000-0xb0ffffff window]
[    2.295287] pci_bus 0000:30: root bus resource [mem 0x388000000000-0x38bfffffffff window]
[    2.295289] pci_bus 0000:30: root bus resource [bus 30-49]
[    2.295297] pci 0000:30:00.0: [8086:09a2] type 00 class 0x088000
[    2.295355] pci 0000:30:00.1: [8086:09a4] type 00 class 0x088000
[    2.295408] pci 0000:30:00.2: [8086:09a3] type 00 class 0x088000
[    2.295461] pci 0000:30:00.4: [8086:0998] type 00 class 0x060000
[    2.295520] pci_bus 0000:30: on NUMA node 0
[    2.295601] ACPI: PCI Root Bridge [PC04] (domain 0000 [bus 4a-63])
[    2.295604] acpi PNP0A08:04: _OSC: OS supports [ExtendedConfig ASPM ClockPM Segments MSI EDR HPX-Type3]
[    2.306922] acpi PNP0A08:04: _OSC: platform does not support [SHPCHotplug AER DPC]
[    2.307091] acpi PNP0A08:04: _OSC: OS now controls [PCIeHotplug PME PCIeCapability LTR]
[    2.307092] acpi PNP0A08:04: FADT indicates ASPM is unsupported, using BIOS configuration
[    2.307189] PCI host bridge to bus 0000:4a
[    2.307190] pci_bus 0000:4a: root bus resource [io  0x9000-0x9fff window]
[    2.307191] pci_bus 0000:4a: root bus resource [mem 0xb1000000-0xbbbfffff window]
[    2.307193] pci_bus 0000:4a: root bus resource [mem 0x38c000000000-0x38ffffffffff window]
[    2.307194] pci_bus 0000:4a: root bus resource [bus 4a-63]
[    2.307202] pci 0000:4a:00.0: [8086:09a2] type 00 class 0x088000
[    2.307257] pci 0000:4a:00.1: [8086:09a4] type 00 class 0x088000
[    2.307310] pci 0000:4a:00.2: [8086:09a3] type 00 class 0x088000
[    2.307364] pci 0000:4a:00.4: [8086:0998] type 00 class 0x060000
[    2.307427] pci_bus 0000:4a: on NUMA node 0
[    2.307485] ACPI: PCI Root Bridge [PC05] (domain 0000 [bus 64-7d])
[    2.307487] acpi PNP0A08:05: _OSC: OS supports [ExtendedConfig ASPM ClockPM Segments MSI EDR HPX-Type3]
[    2.318806] acpi PNP0A08:05: _OSC: platform does not support [SHPCHotplug AER DPC]
[    2.318974] acpi PNP0A08:05: _OSC: OS now controls [PCIeHotplug PME PCIeCapability LTR]
[    2.318975] acpi PNP0A08:05: FADT indicates ASPM is unsupported, using BIOS configuration
[    2.319069] PCI host bridge to bus 0000:64
[    2.319070] pci_bus 0000:64: root bus resource [io  0xa000-0xafff window]
[    2.319071] pci_bus 0000:64: root bus resource [mem 0xbbc00000-0xc5ffffff window]
[    2.319073] pci_bus 0000:64: root bus resource [mem 0x390000000000-0x393fffffffff window]
[    2.319074] pci_bus 0000:64: root bus resource [bus 64-7d]
[    2.319082] pci 0000:64:00.0: [8086:09a2] type 00 class 0x088000
[    2.319139] pci 0000:64:00.1: [8086:09a4] type 00 class 0x088000
[    2.319192] pci 0000:64:00.2: [8086:09a3] type 00 class 0x088000
[    2.319246] pci 0000:64:00.4: [8086:0998] type 00 class 0x060000
[    2.319305] pci_bus 0000:64: on NUMA node 0
[    2.319358] ACPI: PCI Root Bridge [UC06] (domain 0000 [bus 7e])
[    2.319360] acpi PNP0A03:00: _OSC: OS supports [ExtendedConfig ASPM ClockPM Segments MSI EDR HPX-Type3]
[    2.319438] acpi PNP0A03:00: _OSC: platform does not support [SHPCHotplug AER LTR DPC]
[    2.319579] acpi PNP0A03:00: _OSC: OS now controls [PCIeHotplug PME PCIeCapability]
[    2.319580] acpi PNP0A03:00: FADT indicates ASPM is unsupported, using BIOS configuration
[    2.319687] PCI host bridge to bus 0000:7e
[    2.319688] pci_bus 0000:7e: root bus resource [bus 7e]
[    2.319695] pci 0000:7e:00.0: [8086:3450] type 00 class 0x088000
[    2.319756] pci 0000:7e:00.1: [8086:3451] type 00 class 0x088000
[    2.319804] pci 0000:7e:00.2: [8086:3452] type 00 class 0x088000
[    2.319868] pci 0000:7e:00.3: [8086:0998] type 00 class 0x060000
[    2.319920] pci 0000:7e:00.5: [8086:3455] type 00 class 0x088000
[    2.319974] pci 0000:7e:02.0: [8086:3440] type 00 class 0x088000
[    2.320092] pci 0000:7e:02.1: [8086:3441] type 00 class 0x088000
[    2.320190] pci 0000:7e:02.2: [8086:3442] type 00 class 0x088000
[    2.320288] pci 0000:7e:03.0: [8086:3440] type 00 class 0x088000
[    2.320369] pci 0000:7e:03.1: [8086:3441] type 00 class 0x088000
[    2.320434] pci 0000:7e:03.2: [8086:3442] type 00 class 0x088000
[    2.320506] pci 0000:7e:04.0: [8086:3440] type 00 class 0x088000
[    2.320621] pci 0000:7e:04.1: [8086:3441] type 00 class 0x088000
[    2.320729] pci 0000:7e:04.2: [8086:3442] type 00 class 0x088000
[    2.320834] pci 0000:7e:04.3: [8086:3443] type 00 class 0x088000
[    2.320943] pci 0000:7e:05.0: [8086:3445] type 00 class 0x088000
[    2.321058] pci 0000:7e:05.1: [8086:3446] type 00 class 0x088000
[    2.321160] pci 0000:7e:05.2: [8086:3447] type 00 class 0x088000
[    2.321259] pci 0000:7e:06.0: [8086:3445] type 00 class 0x088000
[    2.321340] pci 0000:7e:06.1: [8086:3446] type 00 class 0x088000
[    2.321415] pci 0000:7e:06.2: [8086:3447] type 00 class 0x088000
[    2.321491] pci 0000:7e:07.0: [8086:3445] type 00 class 0x088000
[    2.321614] pci 0000:7e:07.1: [8086:3446] type 00 class 0x088000
[    2.321723] pci 0000:7e:07.2: [8086:3447] type 00 class 0x088000
[    2.321829] pci 0000:7e:0b.0: [8086:3448] type 00 class 0x088000
[    2.321897] pci 0000:7e:0b.1: [8086:3448] type 00 class 0x088000
[    2.321952] pci 0000:7e:0b.2: [8086:344b] type 00 class 0x088000
[    2.322012] pci 0000:7e:0c.0: [8086:344a] type 00 class 0x110100
[    2.322108] pci 0000:7e:0d.0: [8086:344a] type 00 class 0x110100
[    2.322197] pci 0000:7e:0e.0: [8086:344a] type 00 class 0x110100
[    2.322318] pci 0000:7e:0f.0: [8086:344a] type 00 class 0x110100
[    2.322451] pci 0000:7e:1a.0: [8086:2880] type 00 class 0x110100
[    2.322539] pci 0000:7e:1b.0: [8086:2880] type 00 class 0x110100
[    2.322623] pci 0000:7e:1c.0: [8086:2880] type 00 class 0x110100
[    2.322753] pci 0000:7e:1d.0: [8086:2880] type 00 class 0x110100
[    2.322879] pci_bus 0000:7e: on NUMA node 0
[    2.322947] ACPI: PCI Root Bridge [UC07] (domain 0000 [bus 7f])
[    2.322949] acpi PNP0A03:01: _OSC: OS supports [ExtendedConfig ASPM ClockPM Segments MSI EDR HPX-Type3]
[    2.323028] acpi PNP0A03:01: _OSC: platform does not support [SHPCHotplug AER LTR DPC]
[    2.323171] acpi PNP0A03:01: _OSC: OS now controls [PCIeHotplug PME PCIeCapability]
[    2.323172] acpi PNP0A03:01: FADT indicates ASPM is unsupported, using BIOS configuration
[    2.323289] PCI host bridge to bus 0000:7f
[    2.323290] pci_bus 0000:7f: root bus resource [bus 7f]
[    2.323303] pci 0000:7f:00.0: [8086:344c] type 00 class 0x088000
[    2.323421] pci 0000:7f:00.1: [8086:344c] type 00 class 0x088000
[    2.323506] pci 0000:7f:00.2: [8086:344c] type 00 class 0x088000
[    2.323580] pci 0000:7f:00.3: [8086:344c] type 00 class 0x088000
[    2.323648] pci 0000:7f:00.4: [8086:344c] type 00 class 0x088000
[    2.323722] pci 0000:7f:00.5: [8086:344c] type 00 class 0x088000
[    2.323837] pci 0000:7f:00.6: [8086:344c] type 00 class 0x088000
[    2.323944] pci 0000:7f:00.7: [8086:344c] type 00 class 0x088000
[    2.324062] pci 0000:7f:01.0: [8086:344c] type 00 class 0x088000
[    2.324200] pci 0000:7f:01.1: [8086:344c] type 00 class 0x088000
[    2.324326] pci 0000:7f:01.2: [8086:344c] type 00 class 0x088000
[    2.324457] pci 0000:7f:01.3: [8086:344c] type 00 class 0x088000
[    2.324590] pci 0000:7f:01.4: [8086:344c] type 00 class 0x088000
[    2.324677] pci 0000:7f:01.5: [8086:344c] type 00 class 0x088000
[    2.324762] pci 0000:7f:01.6: [8086:344c] type 00 class 0x088000
[    2.324847] pci 0000:7f:01.7: [8086:344c] type 00 class 0x088000
[    2.324953] pci 0000:7f:02.0: [8086:344c] type 00 class 0x088000
[    2.325079] pci 0000:7f:02.1: [8086:344c] type 00 class 0x088000
[    2.325152] pci 0000:7f:02.2: [8086:344c] type 00 class 0x088000
[    2.325272] pci 0000:7f:02.3: [8086:344c] type 00 class 0x088000
[    2.325372] pci 0000:7f:02.4: [8086:344c] type 00 class 0x088000
[    2.325478] pci 0000:7f:02.5: [8086:344c] type 00 class 0x088000
[    2.325585] pci 0000:7f:02.6: [8086:344c] type 00 class 0x088000
[    2.325697] pci 0000:7f:02.7: [8086:344c] type 00 class 0x088000
[    2.325810] pci 0000:7f:03.0: [8086:344c] type 00 class 0x088000
[    2.325941] pci 0000:7f:03.1: [8086:344c] type 00 class 0x088000
[    2.326067] pci 0000:7f:03.2: [8086:344c] type 00 class 0x088000
[    2.326190] pci 0000:7f:03.3: [8086:344c] type 00 class 0x088000
[    2.326319] pci 0000:7f:0a.0: [8086:344d] type 00 class 0x088000
[    2.326433] pci 0000:7f:0a.1: [8086:344d] type 00 class 0x088000
[    2.326515] pci 0000:7f:0a.2: [8086:344d] type 00 class 0x088000
[    2.326589] pci 0000:7f:0a.3: [8086:344d] type 00 class 0x088000
[    2.326658] pci 0000:7f:0a.4: [8086:344d] type 00 class 0x088000
[    2.326736] pci 0000:7f:0a.5: [8086:344d] type 00 class 0x088000
[    2.326853] pci 0000:7f:0a.6: [8086:344d] type 00 class 0x088000
[    2.326959] pci 0000:7f:0a.7: [8086:344d] type 00 class 0x088000
[    2.327076] pci 0000:7f:0b.0: [8086:344d] type 00 class 0x088000
[    2.327207] pci 0000:7f:0b.1: [8086:344d] type 00 class 0x088000
[    2.327333] pci 0000:7f:0b.2: [8086:344d] type 00 class 0x088000
[    2.327465] pci 0000:7f:0b.3: [8086:344d] type 00 class 0x088000
[    2.327600] pci 0000:7f:0b.4: [8086:344d] type 00 class 0x088000
[    2.327690] pci 0000:7f:0b.5: [8086:344d] type 00 class 0x088000
[    2.327776] pci 0000:7f:0b.6: [8086:344d] type 00 class 0x088000
[    2.327860] pci 0000:7f:0b.7: [8086:344d] type 00 class 0x088000
[    2.327966] pci 0000:7f:0c.0: [8086:344d] type 00 class 0x088000
[    2.328085] pci 0000:7f:0c.1: [8086:344d] type 00 class 0x088000
[    2.328155] pci 0000:7f:0c.2: [8086:344d] type 00 class 0x088000
[    2.328275] pci 0000:7f:0c.3: [8086:344d] type 00 class 0x088000
[    2.328376] pci 0000:7f:0c.4: [8086:344d] type 00 class 0x088000
[    2.328485] pci 0000:7f:0c.5: [8086:344d] type 00 class 0x088000
[    2.328592] pci 0000:7f:0c.6: [8086:344d] type 00 class 0x088000
[    2.328703] pci 0000:7f:0c.7: [8086:344d] type 00 class 0x088000
[    2.328815] pci 0000:7f:0d.0: [8086:344d] type 00 class 0x088000
[    2.328943] pci 0000:7f:0d.1: [8086:344d] type 00 class 0x088000
[    2.329068] pci 0000:7f:0d.2: [8086:344d] type 00 class 0x088000
[    2.329191] pci 0000:7f:0d.3: [8086:344d] type 00 class 0x088000
[    2.329328] pci 0000:7f:1d.0: [8086:344f] type 00 class 0x088000
[    2.329452] pci 0000:7f:1d.1: [8086:3457] type 00 class 0x088000
[    2.329555] pci 0000:7f:1e.0: [8086:3458] type 00 class 0x088000
[    2.329624] pci 0000:7f:1e.1: [8086:3459] type 00 class 0x088000
[    2.329678] pci 0000:7f:1e.2: [8086:345a] type 00 class 0x088000
[    2.329732] pci 0000:7f:1e.3: [8086:345b] type 00 class 0x088000
[    2.329786] pci 0000:7f:1e.4: [8086:345c] type 00 class 0x088000
[    2.329840] pci 0000:7f:1e.5: [8086:345d] type 00 class 0x088000
[    2.329894] pci 0000:7f:1e.6: [8086:345e] type 00 class 0x088000
[    2.329951] pci 0000:7f:1e.7: [8086:345f] type 00 class 0x088000
[    2.330003] pci_bus 0000:7f: on NUMA node 0
[    2.330086] ACPI: PCI Root Bridge [PC06] (domain 0000 [bus 80-96])
[    2.330088] acpi PNP0A08:06: _OSC: OS supports [ExtendedConfig ASPM ClockPM Segments MSI EDR HPX-Type3]
[    2.341407] acpi PNP0A08:06: _OSC: platform does not support [SHPCHotplug AER DPC]
[    2.341574] acpi PNP0A08:06: _OSC: OS now controls [PCIeHotplug PME PCIeCapability LTR]
[    2.341575] acpi PNP0A08:06: FADT indicates ASPM is unsupported, using BIOS configuration
[    2.341694] PCI host bridge to bus 0000:80
[    2.341695] pci_bus 0000:80: root bus resource [io  0xb000-0xbfff window]
[    2.341696] pci_bus 0000:80: root bus resource [mem 0xc6800000-0xd0ffffff window]
[    2.341697] pci_bus 0000:80: root bus resource [mem 0x394000000000-0x397fffffffff window]
[    2.341699] pci_bus 0000:80: root bus resource [bus 80-96]
[    2.341708] pci 0000:80:00.0: [8086:09a2] type 00 class 0x088000
[    2.341784] pci 0000:80:00.1: [8086:09a4] type 00 class 0x088000
[    2.341843] pci 0000:80:00.2: [8086:09a3] type 00 class 0x088000
[    2.341904] pci 0000:80:00.4: [8086:0998] type 00 class 0x060000
[    2.341966] pci 0000:80:01.0: [8086:0b00] type 00 class 0x088000
[    2.341976] pci 0000:80:01.0: reg 0x10: [mem 0xc6ac0000-0xc6ac3fff 64bit]
[    2.342061] pci 0000:80:01.1: [8086:0b00] type 00 class 0x088000
[    2.342071] pci 0000:80:01.1: reg 0x10: [mem 0xc6abc000-0xc6abffff 64bit]
[    2.342154] pci 0000:80:01.2: [8086:0b00] type 00 class 0x088000
[    2.342163] pci 0000:80:01.2: reg 0x10: [mem 0xc6ab8000-0xc6abbfff 64bit]
[    2.342248] pci 0000:80:01.3: [8086:0b00] type 00 class 0x088000
[    2.342258] pci 0000:80:01.3: reg 0x10: [mem 0xc6ab4000-0xc6ab7fff 64bit]
[    2.342344] pci 0000:80:01.4: [8086:0b00] type 00 class 0x088000
[    2.342354] pci 0000:80:01.4: reg 0x10: [mem 0xc6ab0000-0xc6ab3fff 64bit]
[    2.342436] pci 0000:80:01.5: [8086:0b00] type 00 class 0x088000
[    2.342446] pci 0000:80:01.5: reg 0x10: [mem 0xc6aac000-0xc6aaffff 64bit]
[    2.342531] pci 0000:80:01.6: [8086:0b00] type 00 class 0x088000
[    2.342540] pci 0000:80:01.6: reg 0x10: [mem 0xc6aa8000-0xc6aabfff 64bit]
[    2.342621] pci 0000:80:01.7: [8086:0b00] type 00 class 0x088000
[    2.342630] pci 0000:80:01.7: reg 0x10: [mem 0xc6aa4000-0xc6aa7fff 64bit]
[    2.342712] pci 0000:80:02.0: [8086:09a6] type 00 class 0x088000
[    2.342720] pci 0000:80:02.0: reg 0x10: [mem 0xc6ac4000-0xc6ac5fff]
[    2.342771] pci 0000:80:02.1: [8086:09a7] type 00 class 0x088000
[    2.342779] pci 0000:80:02.1: reg 0x10: [mem 0xc6a00000-0xc6a7ffff]
[    2.342784] pci 0000:80:02.1: reg 0x14: [mem 0xc6980000-0xc69fffff]
[    2.342832] pci 0000:80:02.4: [8086:3456] type 00 class 0x130000
[    2.342841] pci 0000:80:02.4: reg 0x10: [mem 0xc6800000-0xc68fffff 64bit]
[    2.342848] pci 0000:80:02.4: reg 0x18: [mem 0xc6aa0000-0xc6aa3fff 64bit]
[    2.342854] pci 0000:80:02.4: reg 0x20: [mem 0xc6a80000-0xc6a9ffff 64bit]
[    2.342917] pci_bus 0000:80: on NUMA node 1
[    2.342981] ACPI: PCI Root Bridge [PC07] (domain 0000 [bus 97-af])
[    2.342983] acpi PNP0A08:07: _OSC: OS supports [ExtendedConfig ASPM ClockPM Segments MSI EDR HPX-Type3]
[    2.354282] acpi PNP0A08:07: _OSC: platform does not support [SHPCHotplug AER DPC]
[    2.354450] acpi PNP0A08:07: _OSC: OS now controls [PCIeHotplug PME PCIeCapability LTR]
[    2.354451] acpi PNP0A08:07: FADT indicates ASPM is unsupported, using BIOS configuration
[    2.354549] PCI host bridge to bus 0000:97
[    2.354550] pci_bus 0000:97: root bus resource [io  0xc000-0xcfff window]
[    2.354551] pci_bus 0000:97: root bus resource [mem 0xd1000000-0xdbbfffff window]
[    2.354552] pci_bus 0000:97: root bus resource [mem 0x398000000000-0x39bfffffffff window]
[    2.354553] pci_bus 0000:97: root bus resource [bus 97-af]
[    2.354562] pci 0000:97:00.0: [8086:09a2] type 00 class 0x088000
[    2.354622] pci 0000:97:00.1: [8086:09a4] type 00 class 0x088000
[    2.354682] pci 0000:97:00.2: [8086:09a3] type 00 class 0x088000
[    2.354741] pci 0000:97:00.4: [8086:0998] type 00 class 0x060000
[    2.354811] pci_bus 0000:97: on NUMA node 1
[    2.354869] ACPI: PCI Root Bridge [PC08] (domain 0000 [bus b0-c8])
[    2.354871] acpi PNP0A08:08: _OSC: OS supports [ExtendedConfig ASPM ClockPM Segments MSI EDR HPX-Type3]
[    2.366180] acpi PNP0A08:08: _OSC: platform does not support [SHPCHotplug AER DPC]
[    2.366347] acpi PNP0A08:08: _OSC: OS now controls [PCIeHotplug PME PCIeCapability LTR]
[    2.366348] acpi PNP0A08:08: FADT indicates ASPM is unsupported, using BIOS configuration
[    2.366448] PCI host bridge to bus 0000:b0
[    2.366449] pci_bus 0000:b0: root bus resource [io  0xd000-0xdfff window]
[    2.366450] pci_bus 0000:b0: root bus resource [mem 0xdbc00000-0xe67fffff window]
[    2.366451] pci_bus 0000:b0: root bus resource [mem 0x39c000000000-0x39ffffffffff window]
[    2.366452] pci_bus 0000:b0: root bus resource [bus b0-c8]
[    2.366461] pci 0000:b0:00.0: [8086:09a2] type 00 class 0x088000
[    2.366520] pci 0000:b0:00.1: [8086:09a4] type 00 class 0x088000
[    2.366578] pci 0000:b0:00.2: [8086:09a3] type 00 class 0x088000
[    2.366640] pci 0000:b0:00.4: [8086:0998] type 00 class 0x060000
[    2.366711] pci_bus 0000:b0: on NUMA node 1
[    2.366792] ACPI: PCI Root Bridge [PC10] (domain 0000 [bus c9-e1])
[    2.366794] acpi PNP0A08:0a: _OSC: OS supports [ExtendedConfig ASPM ClockPM Segments MSI EDR HPX-Type3]
[    2.378118] acpi PNP0A08:0a: _OSC: platform does not support [SHPCHotplug AER DPC]
[    2.378285] acpi PNP0A08:0a: _OSC: OS now controls [PCIeHotplug PME PCIeCapability LTR]
[    2.378286] acpi PNP0A08:0a: FADT indicates ASPM is unsupported, using BIOS configuration
[    2.378385] PCI host bridge to bus 0000:c9
[    2.378386] pci_bus 0000:c9: root bus resource [io  0xe000-0xefff window]
[    2.378387] pci_bus 0000:c9: root bus resource [mem 0xe6800000-0xf13fffff window]
[    2.378388] pci_bus 0000:c9: root bus resource [mem 0x3a0000000000-0x3a3fffffffff window]
[    2.378389] pci_bus 0000:c9: root bus resource [bus c9-e1]
[    2.378397] pci 0000:c9:00.0: [8086:09a2] type 00 class 0x088000
[    2.378457] pci 0000:c9:00.1: [8086:09a4] type 00 class 0x088000
[    2.378516] pci 0000:c9:00.2: [8086:09a3] type 00 class 0x088000
[    2.378577] pci 0000:c9:00.4: [8086:0998] type 00 class 0x060000
[    2.378644] pci_bus 0000:c9: on NUMA node 1
[    2.378703] ACPI: PCI Root Bridge [PC11] (domain 0000 [bus e2-fa])
[    2.378705] acpi PNP0A08:0b: _OSC: OS supports [ExtendedConfig ASPM ClockPM Segments MSI EDR HPX-Type3]
[    2.390007] acpi PNP0A08:0b: _OSC: platform does not support [SHPCHotplug AER DPC]
[    2.390174] acpi PNP0A08:0b: _OSC: OS now controls [PCIeHotplug PME PCIeCapability LTR]
[    2.390175] acpi PNP0A08:0b: FADT indicates ASPM is unsupported, using BIOS configuration
[    2.390269] PCI host bridge to bus 0000:e2
[    2.390270] pci_bus 0000:e2: root bus resource [io  0xf000-0xffff window]
[    2.390271] pci_bus 0000:e2: root bus resource [mem 0xf1400000-0xfb7fffff window]
[    2.390272] pci_bus 0000:e2: root bus resource [mem 0x3a4000000000-0x3a7fffffffff window]
[    2.390273] pci_bus 0000:e2: root bus resource [bus e2-fa]
[    2.390281] pci 0000:e2:00.0: [8086:09a2] type 00 class 0x088000
[    2.390341] pci 0000:e2:00.1: [8086:09a4] type 00 class 0x088000
[    2.390400] pci 0000:e2:00.2: [8086:09a3] type 00 class 0x088000
[    2.390461] pci 0000:e2:00.4: [8086:0998] type 00 class 0x060000
[    2.390532] pci_bus 0000:e2: on NUMA node 1
[    2.390585] ACPI: PCI Root Bridge [UC16] (domain 0000 [bus fe])
[    2.390587] acpi PNP0A03:02: _OSC: OS supports [ExtendedConfig ASPM ClockPM Segments MSI EDR HPX-Type3]
[    2.390667] acpi PNP0A03:02: _OSC: platform does not support [SHPCHotplug AER LTR DPC]
[    2.390808] acpi PNP0A03:02: _OSC: OS now controls [PCIeHotplug PME PCIeCapability]
[    2.390809] acpi PNP0A03:02: FADT indicates ASPM is unsupported, using BIOS configuration
[    2.390916] PCI host bridge to bus 0000:fe
[    2.390917] pci_bus 0000:fe: root bus resource [bus fe]
[    2.390924] pci 0000:fe:00.0: [8086:3450] type 00 class 0x088000
[    2.390989] pci 0000:fe:00.1: [8086:3451] type 00 class 0x088000
[    2.391039] pci 0000:fe:00.2: [8086:3452] type 00 class 0x088000
[    2.391089] pci 0000:fe:00.3: [8086:0998] type 00 class 0x060000
[    2.391140] pci 0000:fe:00.5: [8086:3455] type 00 class 0x088000
[    2.391198] pci 0000:fe:02.0: [8086:3440] type 00 class 0x088000
[    2.391323] pci 0000:fe:02.1: [8086:3441] type 00 class 0x088000
[    2.391427] pci 0000:fe:02.2: [8086:3442] type 00 class 0x088000
[    2.391535] pci 0000:fe:03.0: [8086:3440] type 00 class 0x088000
[    2.391621] pci 0000:fe:03.1: [8086:3441] type 00 class 0x088000
[    2.391695] pci 0000:fe:03.2: [8086:3442] type 00 class 0x088000
[    2.391776] pci 0000:fe:04.0: [8086:3440] type 00 class 0x088000
[    2.391891] pci 0000:fe:04.1: [8086:3441] type 00 class 0x088000
[    2.392003] pci 0000:fe:04.2: [8086:3442] type 00 class 0x088000
[    2.392115] pci 0000:fe:04.3: [8086:3443] type 00 class 0x088000
[    2.392229] pci 0000:fe:05.0: [8086:3445] type 00 class 0x088000
[    2.392355] pci 0000:fe:05.1: [8086:3446] type 00 class 0x088000
[    2.392463] pci 0000:fe:05.2: [8086:3447] type 00 class 0x088000
[    2.392568] pci 0000:fe:06.0: [8086:3445] type 00 class 0x088000
[    2.392655] pci 0000:fe:06.1: [8086:3446] type 00 class 0x088000
[    2.392728] pci 0000:fe:06.2: [8086:3447] type 00 class 0x088000
[    2.392810] pci 0000:fe:07.0: [8086:3445] type 00 class 0x088000
[    2.392940] pci 0000:fe:07.1: [8086:3446] type 00 class 0x088000
[    2.393054] pci 0000:fe:07.2: [8086:3447] type 00 class 0x088000
[    2.393170] pci 0000:fe:0b.0: [8086:3448] type 00 class 0x088000
[    2.393242] pci 0000:fe:0b.1: [8086:3448] type 00 class 0x088000
[    2.393301] pci 0000:fe:0b.2: [8086:344b] type 00 class 0x088000
[    2.393365] pci 0000:fe:0c.0: [8086:344a] type 00 class 0x110100
[    2.393462] pci 0000:fe:0d.0: [8086:344a] type 00 class 0x110100
[    2.393555] pci 0000:fe:0e.0: [8086:344a] type 00 class 0x110100
[    2.393683] pci 0000:fe:0f.0: [8086:344a] type 00 class 0x110100
[    2.393822] pci 0000:fe:1a.0: [8086:2880] type 00 class 0x110100
[    2.393923] pci 0000:fe:1b.0: [8086:2880] type 00 class 0x110100
[    2.394013] pci 0000:fe:1c.0: [8086:2880] type 00 class 0x110100
[    2.394147] pci 0000:fe:1d.0: [8086:2880] type 00 class 0x110100
[    2.394280] pci_bus 0000:fe: on NUMA node 1
[    2.394349] ACPI: PCI Root Bridge [UC17] (domain 0000 [bus ff])
[    2.394351] acpi PNP0A03:03: _OSC: OS supports [ExtendedConfig ASPM ClockPM Segments MSI EDR HPX-Type3]
[    2.394430] acpi PNP0A03:03: _OSC: platform does not support [SHPCHotplug AER LTR DPC]
[    2.394573] acpi PNP0A03:03: _OSC: OS now controls [PCIeHotplug PME PCIeCapability]
[    2.394574] acpi PNP0A03:03: FADT indicates ASPM is unsupported, using BIOS configuration
[    2.394696] PCI host bridge to bus 0000:ff
[    2.394697] pci_bus 0000:ff: root bus resource [bus ff]
[    2.394712] pci 0000:ff:00.0: [8086:344c] type 00 class 0x088000
[    2.394832] pci 0000:ff:00.1: [8086:344c] type 00 class 0x088000
[    2.394918] pci 0000:ff:00.2: [8086:344c] type 00 class 0x088000
[    2.394997] pci 0000:ff:00.3: [8086:344c] type 00 class 0x088000
[    2.395071] pci 0000:ff:00.4: [8086:344c] type 00 class 0x088000
[    2.395156] pci 0000:ff:00.5: [8086:344c] type 00 class 0x088000
[    2.395278] pci 0000:ff:00.6: [8086:344c] type 00 class 0x088000
[    2.395391] pci 0000:ff:00.7: [8086:344c] type 00 class 0x088000
[    2.395515] pci 0000:ff:01.0: [8086:344c] type 00 class 0x088000
[    2.395652] pci 0000:ff:01.1: [8086:344c] type 00 class 0x088000
[    2.395783] pci 0000:ff:01.2: [8086:344c] type 00 class 0x088000
[    2.395922] pci 0000:ff:01.3: [8086:344c] type 00 class 0x088000
[    2.396060] pci 0000:ff:01.4: [8086:344c] type 00 class 0x088000
[    2.396156] pci 0000:ff:01.5: [8086:344c] type 00 class 0x088000
[    2.396247] pci 0000:ff:01.6: [8086:344c] type 00 class 0x088000
[    2.396337] pci 0000:ff:01.7: [8086:344c] type 00 class 0x088000
[    2.396449] pci 0000:ff:02.0: [8086:344c] type 00 class 0x088000
[    2.396574] pci 0000:ff:02.1: [8086:344c] type 00 class 0x088000
[    2.396649] pci 0000:ff:02.2: [8086:344c] type 00 class 0x088000
[    2.396774] pci 0000:ff:02.3: [8086:344c] type 00 class 0x088000
[    2.396880] pci 0000:ff:02.4: [8086:344c] type 00 class 0x088000
[    2.396996] pci 0000:ff:02.5: [8086:344c] type 00 class 0x088000
[    2.397108] pci 0000:ff:02.6: [8086:344c] type 00 class 0x088000
[    2.397226] pci 0000:ff:02.7: [8086:344c] type 00 class 0x088000
[    2.397343] pci 0000:ff:03.0: [8086:344c] type 00 class 0x088000
[    2.397478] pci 0000:ff:03.1: [8086:344c] type 00 class 0x088000
[    2.397610] pci 0000:ff:03.2: [8086:344c] type 00 class 0x088000
[    2.397738] pci 0000:ff:03.3: [8086:344c] type 00 class 0x088000
[    2.397874] pci 0000:ff:0a.0: [8086:344d] type 00 class 0x088000
[    2.397996] pci 0000:ff:0a.1: [8086:344d] type 00 class 0x088000
[    2.398082] pci 0000:ff:0a.2: [8086:344d] type 00 class 0x088000
[    2.398162] pci 0000:ff:0a.3: [8086:344d] type 00 class 0x088000
[    2.398235] pci 0000:ff:0a.4: [8086:344d] type 00 class 0x088000
[    2.398315] pci 0000:ff:0a.5: [8086:344d] type 00 class 0x088000
[    2.398436] pci 0000:ff:0a.6: [8086:344d] type 00 class 0x088000
[    2.398548] pci 0000:ff:0a.7: [8086:344d] type 00 class 0x088000
[    2.398673] pci 0000:ff:0b.0: [8086:344d] type 00 class 0x088000
[    2.398815] pci 0000:ff:0b.1: [8086:344d] type 00 class 0x088000
[    2.398946] pci 0000:ff:0b.2: [8086:344d] type 00 class 0x088000
[    2.399082] pci 0000:ff:0b.3: [8086:344d] type 00 class 0x088000
[    2.399221] pci 0000:ff:0b.4: [8086:344d] type 00 class 0x088000
[    2.399312] pci 0000:ff:0b.5: [8086:344d] type 00 class 0x088000
[    2.399404] pci 0000:ff:0b.6: [8086:344d] type 00 class 0x088000
[    2.399495] pci 0000:ff:0b.7: [8086:344d] type 00 class 0x088000
[    2.399606] pci 0000:ff:0c.0: [8086:344d] type 00 class 0x088000
[    2.399735] pci 0000:ff:0c.1: [8086:344d] type 00 class 0x088000
[    2.399811] pci 0000:ff:0c.2: [8086:344d] type 00 class 0x088000
[    2.399936] pci 0000:ff:0c.3: [8086:344d] type 00 class 0x088000
[    2.400043] pci 0000:ff:0c.4: [8086:344d] type 00 class 0x088000
[    2.400154] pci 0000:ff:0c.5: [8086:344d] type 00 class 0x088000
[    2.400266] pci 0000:ff:0c.6: [8086:344d] type 00 class 0x088000
[    2.400387] pci 0000:ff:0c.7: [8086:344d] type 00 class 0x088000
[    2.400505] pci 0000:ff:0d.0: [8086:344d] type 00 class 0x088000
[    2.400646] pci 0000:ff:0d.1: [8086:344d] type 00 class 0x088000
[    2.400778] pci 0000:ff:0d.2: [8086:344d] type 00 class 0x088000
[    2.400906] pci 0000:ff:0d.3: [8086:344d] type 00 class 0x088000
[    2.401050] pci 0000:ff:1d.0: [8086:344f] type 00 class 0x088000
[    2.401175] pci 0000:ff:1d.1: [8086:3457] type 00 class 0x088000
[    2.401285] pci 0000:ff:1e.0: [8086:3458] type 00 class 0x088000
[    2.401356] pci 0000:ff:1e.1: [8086:3459] type 00 class 0x088000
[    2.401415] pci 0000:ff:1e.2: [8086:345a] type 00 class 0x088000
[    2.401475] pci 0000:ff:1e.3: [8086:345b] type 00 class 0x088000
[    2.401532] pci 0000:ff:1e.4: [8086:345c] type 00 class 0x088000
[    2.401589] pci 0000:ff:1e.5: [8086:345d] type 00 class 0x088000
[    2.401647] pci 0000:ff:1e.6: [8086:345e] type 00 class 0x088000
[    2.401704] pci 0000:ff:1e.7: [8086:345f] type 00 class 0x088000
[    2.401758] pci_bus 0000:ff: on NUMA node 1
[    2.402644] iommu: Default domain type: Translated 
[    2.402646] iommu: DMA domain TLB invalidation policy: lazy mode 
[    2.402803] SCSI subsystem initialized
[    2.402818] libata version 3.00 loaded.
[    2.402818] ACPI: bus type USB registered
[    2.402818] usbcore: registered new interface driver usbfs
[    2.402818] usbcore: registered new interface driver hub
[    2.402864] usbcore: registered new device driver usb
[    2.402884] pps_core: LinuxPPS API ver. 1 registered
[    2.402885] pps_core: Software ver. 5.3.6 - Copyright 2005-2007 Rodolfo Giometti <giometti@linux.it>
[    2.402887] PTP clock support registered
[    2.402945] EDAC MC: Ver: 3.0.0
[    2.403215] NetLabel: Initializing
[    2.403215] NetLabel:  domain hash size = 128
[    2.403215] NetLabel:  protocols = UNLABELED CIPSOv4 CALIPSO
[    2.403215] NetLabel:  unlabeled traffic allowed by default
[    2.403215] PCI: Using ACPI for IRQ routing
[    2.407112] PCI: pci_cache_line_size set to 64 bytes
[    2.407636] Expanded resource Reserved due to conflict with PNP0003:00
[    2.407638] e820: reserve RAM buffer [mem 0x0009e000-0x0009ffff]
[    2.407640] e820: reserve RAM buffer [mem 0x4a42b000-0x4bffffff]
[    2.407641] e820: reserve RAM buffer [mem 0x4b86e000-0x4bffffff]
[    2.407642] e820: reserve RAM buffer [mem 0x4c20f000-0x4fffffff]
[    2.407643] e820: reserve RAM buffer [mem 0x51b00000-0x53ffffff]
[    2.407644] e820: reserve RAM buffer [mem 0x5eefe000-0x5fffffff]
[    2.407644] e820: reserve RAM buffer [mem 0x6f800000-0x6fffffff]
[    2.407827] pci 0000:03:00.0: vgaarb: setting as boot VGA device
[    2.407827] pci 0000:03:00.0: vgaarb: bridge control possible
[    2.407827] pci 0000:03:00.0: vgaarb: VGA device added: decodes=io+mem,owns=io+mem,locks=none
[    2.407827] vgaarb: loaded
[    2.407865] hpet0: at MMIO 0xfed00000, IRQs 2, 8, 0, 0, 0, 0, 0, 0
[    2.407871] hpet0: 8 comparators, 64-bit 24.000000 MHz counter
[    2.410804] clocksource: Switched to clocksource tsc-early
[    2.419980] VFS: Disk quotas dquot_6.6.0
[    2.419998] VFS: Dquot-cache hash table entries: 512 (order 0, 4096 bytes)
[    2.420113] AppArmor: AppArmor Filesystem Enabled
[    2.420125] pnp: PnP ACPI init
[    2.430847] system 00:01: [io  0x0500-0x05fe] has been reserved
[    2.430850] system 00:01: [io  0x0400-0x041f] has been reserved
[    2.430852] system 00:01: [io  0x0600-0x061f] has been reserved
[    2.430853] system 00:01: [io  0x0ca0-0x0ca1] has been reserved
[    2.430854] system 00:01: [io  0x0ca4-0x0ca6] has been reserved
[    2.430856] system 00:01: [mem 0xff000000-0xffffffff] has been reserved
[    2.431379] system 00:04: [mem 0xfd000000-0xfdabffff] has been reserved
[    2.431381] system 00:04: [mem 0xfdad0000-0xfdadffff] has been reserved
[    2.431382] system 00:04: [mem 0xfdb00000-0xfdffffff] has been reserved
[    2.431383] system 00:04: [mem 0xfe000000-0xfe00ffff] has been reserved
[    2.431385] system 00:04: [mem 0xfe011000-0xfe01ffff] has been reserved
[    2.431386] system 00:04: [mem 0xfe036000-0xfe03bfff] has been reserved
[    2.431387] system 00:04: [mem 0xfe03d000-0xfe3fffff] has been reserved
[    2.431388] system 00:04: [mem 0xfe410000-0xfe7fffff] has been reserved
[    2.431649] system 00:05: [io  0x1000-0x10fe] has been reserved
[    2.432493] pnp: PnP ACPI: found 6 devices
[    2.438122] clocksource: acpi_pm: mask: 0xffffff max_cycles: 0xffffff, max_idle_ns: 2085701024 ns
[    2.438178] NET: Registered PF_INET protocol family
[    2.438486] IP idents hash table entries: 262144 (order: 9, 2097152 bytes, vmalloc)
[    2.440218] tcp_listen_portaddr_hash hash table entries: 65536 (order: 8, 1048576 bytes, vmalloc)
[    2.440910] TCP established hash table entries: 524288 (order: 10, 4194304 bytes, vmalloc hugepage)
[    2.441461] TCP bind hash table entries: 65536 (order: 8, 1048576 bytes, vmalloc)
[    2.441513] TCP: Hash tables configured (established 524288 bind 65536)
[    2.441830] MPTCP token hash table entries: 65536 (order: 8, 1572864 bytes, vmalloc)
[    2.442254] UDP hash table entries: 65536 (order: 9, 2097152 bytes, vmalloc)
[    2.442704] UDP-Lite hash table entries: 65536 (order: 9, 2097152 bytes, vmalloc)
[    2.442952] NET: Registered PF_UNIX/PF_LOCAL protocol family
[    2.442959] NET: Registered PF_XDP protocol family
[    2.442964] pci 0000:04:00.0: can't claim BAR 6 [mem 0xfffc0000-0xffffffff pref]: no compatible bridge window
[    2.442967] pci 0000:04:00.1: can't claim BAR 6 [mem 0xfffc0000-0xffffffff pref]: no compatible bridge window
[    2.442969] pci 0000:17:00.0: can't claim BAR 6 [mem 0xfff00000-0xffffffff pref]: no compatible bridge window
[    2.442985] pci 0000:00:1c.5: BAR 14: assigned [mem 0x90000000-0x900fffff]
[    2.442988] pci 0000:00:1c.0: PCI bridge to [bus 01]
[    2.442997] pci 0000:02:00.0: PCI bridge to [bus 03]
[    2.443002] pci 0000:02:00.0:   bridge window [mem 0x92000000-0x928fffff]
[    2.443005] pci 0000:02:00.0:   bridge window [mem 0x91000000-0x91ffffff 64bit pref]
[    2.443011] pci 0000:00:1c.4: PCI bridge to [bus 02-03]
[    2.443014] pci 0000:00:1c.4:   bridge window [mem 0x92000000-0x928fffff]
[    2.443016] pci 0000:00:1c.4:   bridge window [mem 0x91000000-0x91ffffff 64bit pref]
[    2.443021] pci 0000:04:00.0: BAR 6: assigned [mem 0x90000000-0x9003ffff pref]
[    2.443023] pci 0000:04:00.1: BAR 6: assigned [mem 0x90040000-0x9007ffff pref]
[    2.443024] pci 0000:00:1c.5: PCI bridge to [bus 04]
[    2.443027] pci 0000:00:1c.5:   bridge window [mem 0x90000000-0x900fffff]
[    2.443029] pci 0000:00:1c.5:   bridge window [mem 0x92900000-0x929fffff 64bit pref]
[    2.443033] pci_bus 0000:00: resource 4 [io  0x0000-0x0cf7 window]
[    2.443034] pci_bus 0000:00: resource 5 [io  0x1000-0x4fff window]
[    2.443035] pci_bus 0000:00: resource 6 [mem 0x000a0000-0x000bffff window]
[    2.443036] pci_bus 0000:00: resource 7 [mem 0x000c8000-0x000cffff window]
[    2.443037] pci_bus 0000:00: resource 8 [mem 0xfe010000-0xfe010fff window]
[    2.443038] pci_bus 0000:00: resource 9 [mem 0x90000000-0x9b7fffff window]
[    2.443039] pci_bus 0000:00: resource 10 [mem 0x380000000000-0x383fffffffff window]
[    2.443041] pci_bus 0000:02: resource 1 [mem 0x92000000-0x928fffff]
[    2.443042] pci_bus 0000:02: resource 2 [mem 0x91000000-0x91ffffff 64bit pref]
[    2.443043] pci_bus 0000:03: resource 1 [mem 0x92000000-0x928fffff]
[    2.443044] pci_bus 0000:03: resource 2 [mem 0x91000000-0x91ffffff 64bit pref]
[    2.443045] pci_bus 0000:04: resource 1 [mem 0x90000000-0x900fffff]
[    2.443046] pci_bus 0000:04: resource 2 [mem 0x92900000-0x929fffff 64bit pref]
[    2.443112] pci 0000:17:00.0: BAR 6: no space for [mem size 0x00100000 pref]
[    2.443114] pci 0000:17:00.0: BAR 6: failed to assign [mem size 0x00100000 pref]
[    2.443115] pci 0000:16:02.0: PCI bridge to [bus 17]
[    2.443117] pci 0000:16:02.0:   bridge window [io  0x5000-0x5fff]
[    2.443119] pci 0000:16:02.0:   bridge window [mem 0x9ba00000-0x9bafffff]
[    2.443121] pci 0000:16:02.0:   bridge window [mem 0x9b800000-0x9b9fffff 64bit pref]
[    2.443124] pci_bus 0000:16: resource 4 [io  0x5000-0x6fff window]
[    2.443125] pci_bus 0000:16: resource 5 [mem 0x9b800000-0xa63fffff window]
[    2.443126] pci_bus 0000:16: resource 6 [mem 0x384000000000-0x387fffffffff window]
[    2.443127] pci_bus 0000:17: resource 0 [io  0x5000-0x5fff]
[    2.443128] pci_bus 0000:17: resource 1 [mem 0x9ba00000-0x9bafffff]
[    2.443129] pci_bus 0000:17: resource 2 [mem 0x9b800000-0x9b9fffff 64bit pref]
[    2.443135] pci_bus 0000:30: resource 4 [io  0x7000-0x8fff window]
[    2.443136] pci_bus 0000:30: resource 5 [mem 0xa6400000-0xb0ffffff window]
[    2.443137] pci_bus 0000:30: resource 6 [mem 0x388000000000-0x38bfffffffff window]
[    2.443142] pci_bus 0000:4a: resource 4 [io  0x9000-0x9fff window]
[    2.443143] pci_bus 0000:4a: resource 5 [mem 0xb1000000-0xbbbfffff window]
[    2.443144] pci_bus 0000:4a: resource 6 [mem 0x38c000000000-0x38ffffffffff window]
[    2.443149] pci_bus 0000:64: resource 4 [io  0xa000-0xafff window]
[    2.443151] pci_bus 0000:64: resource 5 [mem 0xbbc00000-0xc5ffffff window]
[    2.443152] pci_bus 0000:64: resource 6 [mem 0x390000000000-0x393fffffffff window]
[    2.443183] pci_bus 0000:80: resource 4 [io  0xb000-0xbfff window]
[    2.443184] pci_bus 0000:80: resource 5 [mem 0xc6800000-0xd0ffffff window]
[    2.443185] pci_bus 0000:80: resource 6 [mem 0x394000000000-0x397fffffffff window]
[    2.443191] pci_bus 0000:97: resource 4 [io  0xc000-0xcfff window]
[    2.443192] pci_bus 0000:97: resource 5 [mem 0xd1000000-0xdbbfffff window]
[    2.443193] pci_bus 0000:97: resource 6 [mem 0x398000000000-0x39bfffffffff window]
[    2.443198] pci_bus 0000:b0: resource 4 [io  0xd000-0xdfff window]
[    2.443198] pci_bus 0000:b0: resource 5 [mem 0xdbc00000-0xe67fffff window]
[    2.443199] pci_bus 0000:b0: resource 6 [mem 0x39c000000000-0x39ffffffffff window]
[    2.443205] pci_bus 0000:c9: resource 4 [io  0xe000-0xefff window]
[    2.443206] pci_bus 0000:c9: resource 5 [mem 0xe6800000-0xf13fffff window]
[    2.443207] pci_bus 0000:c9: resource 6 [mem 0x3a0000000000-0x3a3fffffffff window]
[    2.443212] pci_bus 0000:e2: resource 4 [io  0xf000-0xffff window]
[    2.443213] pci_bus 0000:e2: resource 5 [mem 0xf1400000-0xfb7fffff window]
[    2.443214] pci_bus 0000:e2: resource 6 [mem 0x3a4000000000-0x3a7fffffffff window]
[    2.444608] PCI: CLS 0 bytes, default 64
[    2.444679] Trying to unpack rootfs image as initramfs...
[    2.444696] PCI-DMA: Using software bounce buffering for IO (SWIOTLB)
[    2.444697] software IO TLB: mapped [mem 0x000000005aefe000-0x000000005eefe000] (64MB)
[    2.449487] Initialise system trusted keyrings
[    2.449500] Key type blacklist registered
[    2.449603] workingset: timestamp_bits=36 max_order=25 bucket_order=0
[    2.451293] zbud: loaded
[    2.451999] squashfs: version 4.0 (2009/01/31) Phillip Lougher
[    2.452244] fuse: init (API version 7.36)
[    2.452458] integrity: Platform Keyring initialized
[    2.462758] Key type asymmetric registered
[    2.462760] Asymmetric key parser 'x509' registered
[    3.474673] tsc: Refined TSC clocksource calibration: 2992.968 MHz
[    3.474725] clocksource: tsc: mask: 0xffffffffffffffff max_cycles: 0x2b24529d36c, max_idle_ns: 440795353363 ns
[    3.476649] clocksource: Switched to clocksource tsc
[    3.885653] Freeing initrd memory: 784904K
[    3.893169] alg: self-tests for CTR-KDF (hmac(sha256)) passed
[    3.893206] Block layer SCSI generic (bsg) driver version 0.4 loaded (major 243)
[    3.893307] io scheduler mq-deadline registered
[    3.895331] pcieport 0000:00:1c.0: PME: Signaling with IRQ 130
[    3.895760] pcieport 0000:00:1c.4: PME: Signaling with IRQ 131
[    3.896207] pcieport 0000:00:1c.5: PME: Signaling with IRQ 132
[    3.896571] pcieport 0000:16:02.0: PME: Signaling with IRQ 133
[    3.897454] shpchp: Standard Hot Plug PCI Controller Driver version: 0.4
[    3.898087] Monitor-Mwait will be used to enter C-1 state
[    3.898100] Monitor-Mwait will be used to enter C-2 state
[    3.898109] ACPI: \_SB_.SCK0.C000: Found 2 idle states
[    3.903398] input: Power Button as /devices/LNXSYSTM:00/LNXPWRBN:00/input/input0
[    3.903484] ACPI: button: Power Button [PWRF]
[    3.906846] acpi/hmat: HMAT: Memory (0x0 length 0x80000000) Flags:0003 Processor Domain:0 Memory Domain:0
[    3.906852] acpi/hmat: HMAT: Memory (0x100000000 length 0xf80000000) Flags:0003 Processor Domain:0 Memory Domain:0
[    3.906855] acpi/hmat: HMAT: Memory (0x2080000000 length 0x7e00000000) Flags:0003 Processor Domain:0 Memory Domain:2
[    3.906858] acpi/hmat: HMAT: Memory (0x1080000000 length 0x1000000000) Flags:0003 Processor Domain:1 Memory Domain:1
[    3.906861] acpi/hmat: HMAT: Memory (0x9e80000000 length 0x7e00000000) Flags:0003 Processor Domain:1 Memory Domain:3
[    3.906865] acpi/hmat: HMAT: Locality: Flags:00 Type:Read Latency Initiator Domains:2 Target Domains:4 Base:100
[    3.906869] acpi/hmat:   Initiator-Target[0-0]:7600 nsec
[    3.906872] acpi/hmat:   Initiator-Target[0-1]:13560 nsec
[    3.906874] acpi/hmat:   Initiator-Target[0-2]:25350 nsec
[    3.906876] acpi/hmat:   Initiator-Target[0-3]:31600 nsec
[    3.906878] acpi/hmat:   Initiator-Target[1-0]:13560 nsec
[    3.906880] acpi/hmat:   Initiator-Target[1-1]:7600 nsec
[    3.906882] acpi/hmat:   Initiator-Target[1-2]:31600 nsec
[    3.906884] acpi/hmat:   Initiator-Target[1-3]:25350 nsec
[    3.906886] acpi/hmat: HMAT: Locality: Flags:00 Type:Write Latency Initiator Domains:2 Target Domains:4 Base:100
[    3.906889] acpi/hmat:   Initiator-Target[0-0]:7600 nsec
[    3.906891] acpi/hmat:   Initiator-Target[0-1]:13560 nsec
[    3.906893] acpi/hmat:   Initiator-Target[0-2]:25350 nsec
[    3.906895] acpi/hmat:   Initiator-Target[0-3]:31600 nsec
[    3.906897] acpi/hmat:   Initiator-Target[1-0]:13560 nsec
[    3.906899] acpi/hmat:   Initiator-Target[1-1]:7600 nsec
[    3.906900] acpi/hmat:   Initiator-Target[1-2]:31600 nsec
[    3.906902] acpi/hmat:   Initiator-Target[1-3]:25350 nsec
[    3.906904] acpi/hmat: HMAT: Locality: Flags:00 Type:Read Bandwidth Initiator Domains:2 Target Domains:4 Base:1
[    3.906907] acpi/hmat:   Initiator-Target[0-0]:1790 MB/s
[    3.906909] acpi/hmat:   Initiator-Target[0-1]:1790 MB/s
[    3.906911] acpi/hmat:   Initiator-Target[0-2]:463 MB/s
[    3.906913] acpi/hmat:   Initiator-Target[0-3]:463 MB/s
[    3.906915] acpi/hmat:   Initiator-Target[1-0]:1790 MB/s
[    3.906917] acpi/hmat:   Initiator-Target[1-1]:1790 MB/s
[    3.906919] acpi/hmat:   Initiator-Target[1-2]:463 MB/s
[    3.906921] acpi/hmat:   Initiator-Target[1-3]:463 MB/s
[    3.906923] acpi/hmat: HMAT: Locality: Flags:00 Type:Write Bandwidth Initiator Domains:2 Target Domains:4 Base:1
[    3.906926] acpi/hmat:   Initiator-Target[0-0]:1910 MB/s
[    3.906928] acpi/hmat:   Initiator-Target[0-1]:1910 MB/s
[    3.906930] acpi/hmat:   Initiator-Target[0-2]:138 MB/s
[    3.906931] acpi/hmat:   Initiator-Target[0-3]:138 MB/s
[    3.906933] acpi/hmat:   Initiator-Target[1-0]:1910 MB/s
[    3.906935] acpi/hmat:   Initiator-Target[1-1]:1910 MB/s
[    3.906937] acpi/hmat:   Initiator-Target[1-2]:138 MB/s
[    3.906939] acpi/hmat:   Initiator-Target[1-3]:138 MB/s
[    3.907697] ERST: Error Record Serialization Table (ERST) support is initialized.
[    3.907703] pstore: Registered erst as persistent store backend
[    3.908025] Serial: 8250/16550 driver, 32 ports, IRQ sharing enabled
[    3.928872] 00:02: ttyS1 at I/O 0x2f8 (irq = 3, base_baud = 115200) is a 16550A
[    3.965580] 00:03: ttyS0 at I/O 0x3f8 (irq = 4, base_baud = 115200) is a 16550A
[    3.981833] Linux agpgart interface v0.103
[    3.991933] loop: module loaded
[    3.992286] tun: Universal TUN/TAP device driver, 1.6
[    3.992319] PPP generic driver version 2.4.2
[    3.992376] VFIO - User Level meta-driver version: 0.3
[    3.992458] ehci_hcd: USB 2.0 'Enhanced' Host Controller (EHCI) Driver
[    3.992460] ehci-pci: EHCI PCI platform driver
[    3.992481] ehci-platform: EHCI generic platform driver
[    3.992487] ohci_hcd: USB 1.1 'Open' Host Controller (OHCI) Driver
[    3.992488] ohci-pci: OHCI PCI platform driver
[    3.992508] ohci-platform: OHCI generic platform driver
[    3.992512] uhci_hcd: USB Universal Host Controller Interface driver
[    3.992554] i8042: PNP: No PS/2 controller found.
[    3.992607] mousedev: PS/2 mouse device common for all mice
[    3.992676] rtc_cmos 00:00: RTC can wake from S4
[    3.993085] rtc_cmos 00:00: registered as rtc0
[    3.993164] rtc_cmos 00:00: setting system clock to 2023-12-24T15:10:11 UTC (1703430611)
[    3.993176] rtc_cmos 00:00: alarms up to one month, y3k, 114 bytes nvram, hpet irqs
[    3.993181] i2c_dev: i2c /dev entries driver
